Component: Arm Compiler for Embedded 6.19 Tool: armlink [5e73cb00]

==============================================================================

Section Cross References

    asciilib.o(.text.GetASCIICode) refers to asciilib.o(.rodata.AsciiLib) for AsciiLib
    asciilib.o(.ARM.exidx.text.GetASCIICode) refers to asciilib.o(.text.GetASCIICode) for [Anonymous Symbol]
    lcd_ctrl.o(.text.lcd_init) refers to open1768_lcd.o(.text.lcdConfiguration) for lcdConfiguration
    lcd_ctrl.o(.text.lcd_init) refers to lcd_ili9325.o(.text.init_ILI9325) for init_ILI9325
    lcd_ctrl.o(.ARM.exidx.text.lcd_init) refers to lcd_ctrl.o(.text.lcd_init) for [Anonymous Symbol]
    lcd_ctrl.o(.text.lcd_write_str) refers to asciilib.o(.text.GetASCIICode) for GetASCIICode
    lcd_ctrl.o(.text.lcd_write_str) refers to open1768_lcd.o(.text.lcdWriteReg) for lcdWriteReg
    lcd_ctrl.o(.text.lcd_write_str) refers to open1768_lcd.o(.text.lcdWriteIndex) for lcdWriteIndex
    lcd_ctrl.o(.text.lcd_write_str) refers to open1768_lcd.o(.text.lcdWriteData) for lcdWriteData
    lcd_ctrl.o(.ARM.exidx.text.lcd_write_str) refers to lcd_ctrl.o(.text.lcd_write_str) for [Anonymous Symbol]
    lcd_ctrl.o(.text.lcd_write) refers to vsprintf.o(.text) for vsprintf
    lcd_ctrl.o(.text.lcd_write) refers to lcd_ctrl.o(.text.lcd_write_str) for lcd_write_str
    lcd_ctrl.o(.ARM.exidx.text.lcd_write) refers to lcd_ctrl.o(.text.lcd_write) for [Anonymous Symbol]
    lcd_ctrl.o(.text.lcd_flush) refers to open1768_lcd.o(.text.lcdWriteReg) for lcdWriteReg
    lcd_ctrl.o(.text.lcd_flush) refers to open1768_lcd.o(.text.lcdWriteIndex) for lcdWriteIndex
    lcd_ctrl.o(.text.lcd_flush) refers to open1768_lcd.o(.text.lcdWriteData) for lcdWriteData
    lcd_ctrl.o(.ARM.exidx.text.lcd_flush) refers to lcd_ctrl.o(.text.lcd_flush) for [Anonymous Symbol]
    lcd_ctrl.o(.ARM.exidx.text.lcd_row) refers to lcd_ctrl.o(.text.lcd_row) for [Anonymous Symbol]
    lcd_ctrl.o(.text.lcd_img_start) refers to open1768_lcd.o(.text.lcdWriteReg) for lcdWriteReg
    lcd_ctrl.o(.text.lcd_img_start) refers to open1768_lcd.o(.text.lcdWriteIndex) for lcdWriteIndex
    lcd_ctrl.o(.ARM.exidx.text.lcd_img_start) refers to lcd_ctrl.o(.text.lcd_img_start) for [Anonymous Symbol]
    lcd_ctrl.o(.text.lcd_img_row) refers to open1768_lcd.o(.text.lcdWriteReg) for lcdWriteReg
    lcd_ctrl.o(.text.lcd_img_row) refers to open1768_lcd.o(.text.lcdWriteIndex) for lcdWriteIndex
    lcd_ctrl.o(.ARM.exidx.text.lcd_img_row) refers to lcd_ctrl.o(.text.lcd_img_row) for [Anonymous Symbol]
    lcd_ctrl.o(.text.lcd_img_pixel) refers to open1768_lcd.o(.text.lcdWriteData) for lcdWriteData
    lcd_ctrl.o(.ARM.exidx.text.lcd_img_pixel) refers to lcd_ctrl.o(.text.lcd_img_pixel) for [Anonymous Symbol]
    lcd_ili9325.o(.ARM.exidx.text.delay_ms) refers to lcd_ili9325.o(.text.delay_ms) for [Anonymous Symbol]
    lcd_ili9325.o(.text.init_ILI9325) refers to open1768_lcd.o(.text.lcdWriteReg) for lcdWriteReg
    lcd_ili9325.o(.ARM.exidx.text.init_ILI9325) refers to lcd_ili9325.o(.text.init_ILI9325) for [Anonymous Symbol]
    main.o(.text.callback_frame) refers to ov7670_lpc1768.o(.text.ov_get_handle) for ov_get_handle
    main.o(.text.callback_frame) refers to main.o(.bss.img) for img
    main.o(.text.callback_frame) refers to lcd_ctrl.o(.text.lcd_img_start) for lcd_img_start
    main.o(.ARM.exidx.text.callback_frame) refers to main.o(.text.callback_frame) for [Anonymous Symbol]
    main.o(.text.callback_row) refers to main.o(.bss.img) for img
    main.o(.text.callback_row) refers to lcd_ctrl.o(.text.lcd_img_row) for lcd_img_row
    main.o(.ARM.exidx.text.callback_row) refers to main.o(.text.callback_row) for [Anonymous Symbol]
    main.o(.text.callback_pixel) refers to main.o(.bss.img) for img
    main.o(.text.callback_pixel) refers to lcd_ctrl.o(.text.lcd_img_pixel) for lcd_img_pixel
    main.o(.ARM.exidx.text.callback_pixel) refers to main.o(.text.callback_pixel) for [Anonymous Symbol]
    main.o(.text.main) refers to lcd_ctrl.o(.text.lcd_init) for lcd_init
    main.o(.text.main) refers to lcd_ctrl.o(.text.lcd_flush) for lcd_flush
    main.o(.text.main) refers to main.o(.text.callback_frame) for callback_frame
    main.o(.text.main) refers to main.o(.text.callback_row) for callback_row
    main.o(.text.main) refers to main.o(.text.callback_pixel) for callback_pixel
    main.o(.text.main) refers to ov7670_lpc1768.o(.text.ov_lpc1768_init) for ov_lpc1768_init
    main.o(.text.main) refers to lcd_ctrl.o(.text.lcd_row) for lcd_row
    main.o(.text.main) refers to ov7670.o(.text.ov_error_what) for ov_error_what
    main.o(.text.main) refers to lcd_ctrl.o(.text.lcd_write) for lcd_write
    main.o(.ARM.exidx.text.main) refers to main.o(.text.main) for [Anonymous Symbol]
    open1768_lcd.o(.ARM.exidx.text.lcdConfiguration) refers to open1768_lcd.o(.text.lcdConfiguration) for [Anonymous Symbol]
    open1768_lcd.o(.ARM.exidx.text.lcdSend) refers to open1768_lcd.o(.text.lcdSend) for [Anonymous Symbol]
[...]
    ../clib/printf_percent.s                 0x00000000   Number         0  _printf_s.o ABSOLUTE
    ../clib/printf_percent.s                 0x00000000   Number         0  _printf_n.o ABSOLUTE
    ../clib/printf_percent.s                 0x00000000   Number         0  _printf_x.o ABSOLUTE
    ../clib/printf_percent.s                 0x00000000   Number         0  _printf_p.o ABSOLUTE
    ../clib/printf_percent.s                 0x00000000   Number         0  _printf_o.o ABSOLUTE
    ../clib/printf_percent.s                 0x00000000   Number         0  _printf_i.o ABSOLUTE
    ../clib/printf_percent.s                 0x00000000   Number         0  _printf_d.o ABSOLUTE
    ../clib/printf_percent.s                 0x00000000   Number         0  _printf_u.o ABSOLUTE
    ../clib/printf_percent.s                 0x00000000   Number         0  _printf_f.o ABSOLUTE
    ../clib/printf_percent.s                 0x00000000   Number         0  _printf_e.o ABSOLUTE
    ../clib/printf_percent.s                 0x00000000   Number         0  _printf_g.o ABSOLUTE
    ../clib/printf_percent.s                 0x00000000   Number         0  _printf_a.o ABSOLUTE
    ../clib/printf_percent.s                 0x00000000   Number         0  _printf_percent.o ABSOLUTE
    ../clib/printf_percent.s                 0x00000000   Number         0  _printf_lli.o ABSOLUTE
    ../clib/printf_percent.s                 0x00000000   Number         0  _printf_lld.o ABSOLUTE
    ../clib/printf_percent.s                 0x00000000   Number         0  _printf_llu.o ABSOLUTE
    ../clib/printf_percent.s                 0x00000000   Number         0  _printf_ll.o ABSOLUTE
    ../clib/printf_percent.s                 0x00000000   Number         0  _printf_l.o ABSOLUTE
    ../clib/printf_percent.s                 0x00000000   Number         0  _printf_lc.o ABSOLUTE
    ../clib/printf_percent.s                 0x00000000   Number         0  _printf_ls.o ABSOLUTE
    ../clib/printf_percent.s                 0x00000000   Number         0  _printf_llo.o ABSOLUTE
    ../clib/printf_percent.s                 0x00000000   Number         0  _printf_llx.o ABSOLUTE
    ../clib/printf_percent.s                 0x00000000   Number         0  _printf_percent_end.o ABSOLUTE
    ../clib/signal.c                         0x00000000   Number         0  defsig_fpe_outer.o ABSOLUTE
    ../clib/signal.c                         0x00000000   Number         0  defsig_fpe_formal.o ABSOLUTE
    ../clib/signal.c                         0x00000000   Number         0  defsig_exit.o ABSOLUTE
    ../clib/signal.c                         0x00000000   Number         0  defsig_fpe_inner.o ABSOLUTE
    ../clib/signal.c                         0x00000000   Number         0  __raise.o ABSOLUTE
    ../clib/signal.c                         0x00000000   Number         0  defsig_general.o ABSOLUTE
    ../clib/signal.c                         0x00000000   Number         0  defsig_abrt_inner.o ABSOLUTE
    ../clib/signal.c                         0x00000000   Number         0  defsig_rtred_inner.o ABSOLUTE
    ../clib/signal.c                         0x00000000   Number         0  defsig_rtmem_inner.o ABSOLUTE
    ../clib/signal.c                         0x00000000   Number         0  defsig_rtmem_outer.o ABSOLUTE
    ../clib/signal.c                         0x00000000   Number         0  defsig_rtmem_formal.o ABSOLUTE
    ../clib/signal.c                         0x00000000   Number         0  defsig_stak_inner.o ABSOLUTE
    ../clib/signal.c                         0x00000000   Number         0  defsig_pvfn_inner.o ABSOLUTE
    ../clib/signal.c                         0x00000000   Number         0  defsig_cppl_inner.o ABSOLUTE
    ../clib/signal.c                         0x00000000   Number         0  defsig_segv_inner.o ABSOLUTE
    ../clib/signal.c                         0x00000000   Number         0  defsig_other.o ABSOLUTE
    ../clib/signal.s                         0x00000000   Number         0  defsig.o ABSOLUTE
    ../clib/stdlib.c                         0x00000000   Number         0  exit.o ABSOLUTE
    ../fplib/fpinit.s                        0x00000000   Number         0  fpinit.o ABSOLUTE
    ../fplib/fpinit_empty.s                  0x00000000   Number         0  fpinit_empty.o ABSOLUTE
    ../fplib/istatus.s                       0x00000000   Number         0  istatus.o ABSOLUTE
    ../fplib/printf1.s                       0x00000000   Number         0  printf1.o ABSOLUTE
    ../fplib/printf2.s                       0x00000000   Number         0  printf2.o ABSOLUTE
    ../fplib/printf2a.s                      0x00000000   Number         0  printf2a.o ABSOLUTE
    ../fplib/printf2b.s                      0x00000000   Number         0  printf2b.o ABSOLUTE
    ../fplib/usenofp.s                       0x00000000   Number         0  usenofp.o ABSOLUTE
    ../mathlib/fpclassify.c                  0x00000000   Number         0  fpclassify.o ABSOLUTE
    GPDMA_LPC17xx.c                          0x00000000   Number         0  gpdma_lpc17xx.o ABSOLUTE
    I2C_LPC17xx.c                            0x00000000   Number         0  i2c_lpc17xx.o ABSOLUTE
    LCD_ILI9325.c                            0x00000000   Number         0  lcd_ili9325.o ABSOLUTE
    Open1768_LCD.c                           0x00000000   Number         0  open1768_lcd.o ABSOLUTE
    PIN_LPC17xx.c                            0x00000000   Number         0  pin_lpc17xx.o ABSOLUTE
    RTE/Device/LPC1768/startup_LPC17xx.s     0x00000000   Number         0  startup_lpc17xx.o ABSOLUTE
    UART_LPC17xx.c                           0x00000000   Number         0  uart_lpc17xx.o ABSOLUTE
    asciiLib.c                               0x00000000   Number         0  asciilib.o ABSOLUTE
    dc.s                                     0x00000000   Number         0  dc.o ABSOLUTE
    lcd_ctrl.c                               0x00000000   Number         0  lcd_ctrl.o ABSOLUTE
    main.c                                   0x00000000   Number         0  main.o ABSOLUTE
    ov7670.c                                 0x00000000   Number         0  ov7670.o ABSOLUTE
    ov7670_LPC1768.c                         0x00000000   Number         0  ov7670_lpc1768.o ABSOLUTE
    system_LPC17xx.c                         0x00000000   Number         0  system_lpc17xx.o ABSOLUTE
    RESET                                    0x00000000   Section      204  startup_lpc17xx.o(RESET)
    !!!main                                  0x000000cc   Section        8  __main.o(!!!main)
    !!!scatter                               0x000000d4   Section       52  __scatter.o(!!!scatter)
    !!handler_copy                           0x00000108   Section       26  __scatter_copy.o(!!handler_copy)
    !!handler_zi                             0x00000124   Section       28  __scatter_zi.o(!!handler_zi)
    .ARM.Collect$$_printf_percent$$00000000  0x00000140   Section        0  _printf_percent.o(.ARM.Collect$$_printf_percent$$00000000)
    .ARM.Collect$$_printf_percent$$00000001  0x00000140   Section        6  _printf_n.o(.ARM.Collect$$_printf_percent$$00000001)
    .ARM.Collect$$_printf_percent$$00000002  0x00000146   Section        6  _printf_p.o(.ARM.Collect$$_printf_percent$$00000002)
    .ARM.Collect$$_printf_percent$$00000003  0x0000014c   Section        6  _printf_f.o(.ARM.Collect$$_printf_percent$$00000003)
    .ARM.Collect$$_printf_percent$$00000004  0x00000152   Section        6  _printf_e.o(.ARM.Collect$$_printf_percent$$00000004)
    .ARM.Collect$$_printf_percent$$00000005  0x00000158   Section        6  _printf_g.o(.ARM.Collect$$_printf_percent$$00000005)
    .ARM.Collect$$_printf_percent$$00000006  0x0000015e   Section        6  _printf_a.o(.ARM.Collect$$_printf_percent$$00000006)
    .ARM.Collect$$_printf_percent$$00000007  0x00000164   Section       10  _printf_ll.o(.ARM.Collect$$_printf_percent$$00000007)
    .ARM.Collect$$_printf_percent$$00000008  0x0000016e   Section        6  _printf_i.o(.ARM.Collect$$_printf_percent$$00000008)
    .ARM.Collect$$_printf_percent$$00000009  0x00000174   Section        6  _printf_d.o(.ARM.Collect$$_printf_percent$$00000009)
    .ARM.Collect$$_printf_percent$$0000000A  0x0000017a   Section        6  _printf_u.o(.ARM.Collect$$_printf_percent$$0000000A)
    .ARM.Collect$$_printf_percent$$0000000B  0x00000180   Section        6  _printf_o.o(.ARM.Collect$$_printf_percent$$0000000B)
    .ARM.Collect$$_printf_percent$$0000000C  0x00000186   Section        6  _printf_x.o(.ARM.Collect$$_printf_percent$$0000000C)
    .ARM.Collect$$_printf_percent$$0000000D  0x0000018c   Section        6  _printf_lli.o(.ARM.Collect$$_printf_percent$$0000000D)
    .ARM.Collect$$_printf_percent$$0000000E  0x00000192   Section        6  _printf_lld.o(.ARM.Collect$$_printf_percent$$0000000E)
    .ARM.Collect$$_printf_percent$$0000000F  0x00000198   Section        6  _printf_llu.o(.ARM.Collect$$_printf_percent$$0000000F)
    .ARM.Collect$$_printf_percent$$00000010  0x0000019e   Section        6  _printf_llo.o(.ARM.Collect$$_printf_percent$$00000010)
    .ARM.Collect$$_printf_percent$$00000011  0x000001a4   Section        6  _printf_llx.o(.ARM.Collect$$_printf_percent$$00000011)
    .ARM.Collect$$_printf_percent$$00000012  0x000001aa   Section       10  _printf_l.o(.ARM.Collect$$_printf_percent$$00000012)
    .ARM.Collect$$_printf_percent$$00000013  0x000001b4   Section        6  _printf_c.o(.ARM.Collect$$_printf_percent$$00000013)
    .ARM.Collect$$_printf_percent$$00000014  0x000001ba   Section        6  _printf_s.o(.ARM.Collect$$_printf_percent$$00000014)
    .ARM.Collect$$_printf_percent$$00000015  0x000001c0   Section        6  _printf_lc.o(.ARM.Collect$$_printf_percent$$00000015)
    .ARM.Collect$$_printf_percent$$00000016  0x000001c6   Section        6  _printf_ls.o(.ARM.Collect$$_printf_percent$$00000016)
    .ARM.Collect$$_printf_percent$$00000017  0x000001cc   Section        4  _printf_percent_end.o(.ARM.Collect$$_printf_percent$$00000017)
    .ARM.Collect$$libinit$$00000000          0x000001d0   Section        2  libinit.o(.ARM.Collect$$libinit$$00000000)
    .ARM.Collect$$libinit$$00000002          0x000001d2   Section        0  libinit2.o(.ARM.Collect$$libinit$$00000002)
    .ARM.Collect$$libinit$$00000004          0x000001d2   Section        0  libinit2.o(.ARM.Collect$$libinit$$00000004)
    .ARM.Collect$$libinit$$00000006          0x000001d2   Section        0  libinit2.o(.ARM.Collect$$libinit$$00000006)
    .ARM.Collect$$libinit$$0000000C          0x000001d2   Section        0  libinit2.o(.ARM.Collect$$libinit$$0000000C)
    .ARM.Collect$$libinit$$0000000E          0x000001d2   Section        0  libinit2.o(.ARM.Collect$$libinit$$0000000E)
    .ARM.Collect$$libinit$$00000010          0x000001d2   Section        0  libinit2.o(.ARM.Collect$$libinit$$00000010)
    .ARM.Collect$$libinit$$00000011          0x000001d2   Section        6  libinit2.o(.ARM.Collect$$libinit$$00000011)
    .ARM.Collect$$libinit$$00000013          0x000001d8   Section        0  libinit2.o(.ARM.Collect$$libinit$$00000013)
    .ARM.Collect$$libinit$$00000014          0x000001d8   Section       12  libinit2.o(.ARM.Collect$$libinit$$00000014)
    .ARM.Collect$$libinit$$00000015          0x000001e4   Section        0  libinit2.o(.ARM.Collect$$libinit$$00000015)
    .ARM.Collect$$libinit$$00000017          0x000001e4   Section        0  libinit2.o(.ARM.Collect$$libinit$$00000017)
    .ARM.Collect$$libinit$$00000018          0x000001e4   Section       10  libinit2.o(.ARM.Collect$$libinit$$00000018)
    .ARM.Collect$$libinit$$00000019          0x000001ee   Section        0  libinit2.o(.ARM.Collect$$libinit$$00000019)
    .ARM.Collect$$libinit$$0000001B          0x000001ee   Section        0  libinit2.o(.ARM.Collect$$libinit$$0000001B)
    .ARM.Collect$$libinit$$0000001D          0x000001ee   Section        0  libinit2.o(.ARM.Collect$$libinit$$0000001D)
    .ARM.Collect$$libinit$$0000001F          0x000001ee   Section        0  libinit2.o(.ARM.Collect$$libinit$$0000001F)
    .ARM.Collect$$libinit$$00000021          0x000001ee   Section        0  libinit2.o(.ARM.Collect$$libinit$$00000021)
    .ARM.Collect$$libinit$$00000023          0x000001ee   Section        0  libinit2.o(.ARM.Collect$$libinit$$00000023)
    .ARM.Collect$$libinit$$00000025          0x000001ee   Section        0  libinit2.o(.ARM.Collect$$libinit$$00000025)
    .ARM.Collect$$libinit$$00000027          0x000001ee   Section        0  libinit2.o(.ARM.Collect$$libinit$$00000027)
    .ARM.Collect$$libinit$$0000002E          0x000001ee   Section        0  libinit2.o(.ARM.Collect$$libinit$$0000002E)
    .ARM.Collect$$libinit$$00000030          0x000001ee   Section        0  libinit2.o(.ARM.Collect$$libinit$$00000030)
    .ARM.Collect$$libinit$$00000032          0x000001ee   Section        0  libinit2.o(.ARM.Collect$$libinit$$00000032)
    .ARM.Collect$$libinit$$00000034          0x000001ee   Section        0  libinit2.o(.ARM.Collect$$libinit$$00000034)
    .ARM.Collect$$libinit$$00000035          0x000001ee   Section        2  libinit2.o(.ARM.Collect$$libinit$$00000035)
    .ARM.Collect$$libshutdown$$00000000      0x000001f0   Section        2  libshutdown.o(.ARM.Collect$$libshutdown$$00000000)
    .ARM.Collect$$libshutdown$$00000002      0x000001f2   Section        0  libshutdown2.o(.ARM.Collect$$libshutdown$$00000002)
    .ARM.Collect$$libshutdown$$00000004      0x000001f2   Section        0  libshutdown2.o(.ARM.Collect$$libshutdown$$00000004)
    .ARM.Collect$$libshutdown$$00000007      0x000001f2   Section        0  libshutdown2.o(.ARM.Collect$$libshutdown$$00000007)
    .ARM.Collect$$libshutdown$$0000000A      0x000001f2   Section        0  libshutdown2.o(.ARM.Collect$$libshutdown$$0000000A)
    .ARM.Collect$$libshutdown$$0000000C      0x000001f2   Section        0  libshutdown2.o(.ARM.Collect$$libshutdown$$0000000C)
    .ARM.Collect$$libshutdown$$0000000F      0x000001f2   Section        0  libshutdown2.o(.ARM.Collect$$libshutdown$$0000000F)
    .ARM.Collect$$libshutdown$$00000010      0x000001f2   Section        2  libshutdown2.o(.ARM.Collect$$libshutdown$$00000010)
    .ARM.Collect$$rtentry$$00000000          0x000001f4   Section        0  __rtentry.o(.ARM.Collect$$rtentry$$00000000)
    .ARM.Collect$$rtentry$$00000002          0x000001f4   Section        0  __rtentry2.o(.ARM.Collect$$rtentry$$00000002)
    .ARM.Collect$$rtentry$$00000004          0x000001f4   Section        6  __rtentry4.o(.ARM.Collect$$rtentry$$00000004)
    .ARM.Collect$$rtentry$$00000009          0x000001fa   Section        0  __rtentry2.o(.ARM.Collect$$rtentry$$00000009)
    .ARM.Collect$$rtentry$$0000000A          0x000001fa   Section        4  __rtentry2.o(.ARM.Collect$$rtentry$$0000000A)
    .ARM.Collect$$rtentry$$0000000C          0x000001fe   Section        0  __rtentry2.o(.ARM.Collect$$rtentry$$0000000C)
    .ARM.Collect$$rtentry$$0000000D          0x000001fe   Section        8  __rtentry2.o(.ARM.Collect$$rtentry$$0000000D)
    .ARM.Collect$$rtexit$$00000000           0x00000206   Section        2  rtexit.o(.ARM.Collect$$rtexit$$00000000)
    .ARM.Collect$$rtexit$$00000002           0x00000208   Section        0  rtexit2.o(.ARM.Collect$$rtexit$$00000002)
    .ARM.Collect$$rtexit$$00000003           0x00000208   Section        4  rtexit2.o(.ARM.Collect$$rtexit$$00000003)
    .ARM.Collect$$rtexit$$00000004           0x0000020c   Section        6  rtexit2.o(.ARM.Collect$$rtexit$$00000004)
    .text                                    0x00000214   Section       60  startup_lpc17xx.o(.text)
    .text                                    0x00000250   Section        0  vsprintf.o(.text)
    .text                                    0x00000274   Section        0  heapauxi.o(.text)
    .text                                    0x0000027a   Section        0  _printf_pad.o(.text)
    .text                                    0x000002c8   Section        0  _printf_truncate.o(.text)
    .text                                    0x000002ec   Section        0  _sputc.o(.text)
    .text                                    0x000002f6   Section        2  use_no_semi.o(.text)
    I2C_GetCapabilities                      0x000002f9   Thumb Code     4  i2c_lpc17xx.o(.text.I2C_GetCapabilities)
    [Anonymous Symbol]                       0x000002f8   Section        0  i2c_lpc17xx.o(.text.I2C_GetCapabilities)
    .text                                    0x000002f8   Section        0  indicate_semi.o(.text)
    .ARM.__at_0x02FC                         0x000002fc   Section        4  startup_lpc17xx.o(.ARM.__at_0x02FC)
    .text                                    0x00000300   Section      138  rt_memcpy_v6.o(.text)
    .text                                    0x0000038a   Section        0  _printf_str.o(.text)
    .text                                    0x000003dc   Section        0  _printf_dec.o(.text)
    .text                                    0x00000454   Section        0  _printf_charcount.o(.text)
    _printf_input_char                       0x0000047d   Thumb Code    10  _printf_char_common.o(.text)
    .text                                    0x0000047c   Section        0  _printf_char_common.o(.text)
    .text                                    0x000004ac   Section        0  _printf_wctomb.o(.text)
    .text                                    0x00000568   Section        0  _printf_longlong_dec.o(.text)
    _printf_longlong_oct_internal            0x000005e5   Thumb Code     0  _printf_oct_int_ll.o(.text)
    .text                                    0x000005e4   Section        0  _printf_oct_int_ll.o(.text)
    _printf_hex_common                       0x00000655   Thumb Code     0  _printf_hex_int_ll_ptr.o(.text)
    .text                                    0x00000654   Section        0  _printf_hex_int_ll_ptr.o(.text)
    .text                                    0x000006e8   Section        0  __printf_flags_ss_wp.o(.text)
    .text                                    0x00000870   Section      100  rt_memcpy_w.o(.text)
    .text                                    0x000008d4   Section      138  lludiv10.o(.text)
    .text                                    0x0000095e   Section        0  _printf_intcommon.o(.text)
    _fp_digits                               0x00000a11   Thumb Code   432  _printf_fp_dec.o(.text)
    .text                                    0x00000a10   Section        0  _printf_fp_dec.o(.text)
    .text                                    0x00000e2c   Section        0  _printf_fp_hex.o(.text)
    .text                                    0x00001128   Section        0  _printf_char.o(.text)
    .text                                    0x00001154   Section        0  _printf_wchar.o(.text)
    .text                                    0x00001180   Section        0  _c16rtomb.o(.text)
    .text                                    0x000011c8   Section       74  sys_stackheap_outer.o(.text)
    .text                                    0x00001214   Section       16  rt_ctype_table.o(.text)
    .text                                    0x00001224   Section        8  rt_locale_intlibspace.o(.text)
    .text                                    0x0000122c   Section        0  _printf_fp_infnan.o(.text)
    .text                                    0x000012ac   Section        0  bigflt0.o(.text)
    .text                                    0x00001390   Section        0  exit.o(.text)
    .text                                    0x000013a4   Section        8  libspace.o(.text)
    .text                                    0x000013ac   Section      128  strcmpv7m.o(.text)
    .text                                    0x0000142c   Section        0  sys_exit.o(.text)
    [Anonymous Symbol]                       0x00001438   Section        0  gpdma_lpc17xx.o(.text.DMA_IRQHandler)
    [Anonymous Symbol]                       0x00001598   Section        0  ov7670_lpc1768.o(.text.EINT3_IRQHandler)
    [Anonymous Symbol]                       0x000015f8   Section        0  asciilib.o(.text.GetASCIICode)
    I2C0_Control                             0x0000162d   Thumb Code   448  i2c_lpc17xx.o(.text.I2C0_Control)
    [Anonymous Symbol]                       0x0000162c   Section        0  i2c_lpc17xx.o(.text.I2C0_Control)
    I2C0_GetDataCount                        0x00001809   Thumb Code    12  i2c_lpc17xx.o(.text.I2C0_GetDataCount)
    [Anonymous Symbol]                       0x00001808   Section        0  i2c_lpc17xx.o(.text.I2C0_GetDataCount)
    I2C0_GetStatus                           0x00001815   Thumb Code    12  i2c_lpc17xx.o(.text.I2C0_GetStatus)
    [Anonymous Symbol]                       0x00001814   Section        0  i2c_lpc17xx.o(.text.I2C0_GetStatus)
    [Anonymous Symbol]                       0x00001820   Section        0  i2c_lpc17xx.o(.text.I2C0_IRQHandler)
    I2C0_Initialize                          0x00001b35   Thumb Code    86  i2c_lpc17xx.o(.text.I2C0_Initialize)
    [Anonymous Symbol]                       0x00001b34   Section        0  i2c_lpc17xx.o(.text.I2C0_Initialize)
    I2C0_MasterReceive                       0x00001b8d   Thumb Code   164  i2c_lpc17xx.o(.text.I2C0_MasterReceive)
    [Anonymous Symbol]                       0x00001b8c   Section        0  i2c_lpc17xx.o(.text.I2C0_MasterReceive)
    I2C0_MasterTransmit                      0x00001c31   Thumb Code   162  i2c_lpc17xx.o(.text.I2C0_MasterTransmit)
    [Anonymous Symbol]                       0x00001c30   Section        0  i2c_lpc17xx.o(.text.I2C0_MasterTransmit)
    I2C0_PowerControl                        0x00001cd5   Thumb Code   262  i2c_lpc17xx.o(.text.I2C0_PowerControl)
    [Anonymous Symbol]                       0x00001cd4   Section        0  i2c_lpc17xx.o(.text.I2C0_PowerControl)
    I2C0_SlaveReceive                        0x00001ddd   Thumb Code   108  i2c_lpc17xx.o(.text.I2C0_SlaveReceive)
    [Anonymous Symbol]                       0x00001ddc   Section        0  i2c_lpc17xx.o(.text.I2C0_SlaveReceive)
    I2C0_SlaveTransmit                       0x00001e49   Thumb Code   108  i2c_lpc17xx.o(.text.I2C0_SlaveTransmit)
    [Anonymous Symbol]                       0x00001e48   Section        0  i2c_lpc17xx.o(.text.I2C0_SlaveTransmit)
    I2C0_Uninitialize                        0x00001eb5   Thumb Code    58  i2c_lpc17xx.o(.text.I2C0_Uninitialize)
    [Anonymous Symbol]                       0x00001eb4   Section        0  i2c_lpc17xx.o(.text.I2C0_Uninitialize)
    I2C_GetVersion                           0x00001ef1   Thumb Code    10  i2c_lpc17xx.o(.text.I2C_GetVersion)
    [Anonymous Symbol]                       0x00001ef0   Section        0  i2c_lpc17xx.o(.text.I2C_GetVersion)
    [Anonymous Symbol]                       0x00001efc   Section        0  pin_lpc17xx.o(.text.PIN_Configure)
    [Anonymous Symbol]                       0x00001f70   Section        0  pin_lpc17xx.o(.text.PIN_ConfigureI2C0Pins)
    [Anonymous Symbol]                       0x00001f90   Section        0  system_lpc17xx.o(.text.SystemInit)
    [Anonymous Symbol]                       0x000020e4   Section        0  uart_lpc17xx.o(.text.UART0_IRQHandler)
    [Anonymous Symbol]                       0x000023a0   Section        0  main.o(.text.callback_frame)
    [Anonymous Symbol]                       0x000023cc   Section        0  main.o(.text.callback_pixel)
    [Anonymous Symbol]                       0x000023dc   Section        0  main.o(.text.callback_row)
    [Anonymous Symbol]                       0x000023e8   Section        0  lcd_ili9325.o(.text.init_ILI9325)
    [Anonymous Symbol]                       0x000025a0   Section        0  open1768_lcd.o(.text.lcdConfiguration)
    [Anonymous Symbol]                       0x000025c8   Section        0  open1768_lcd.o(.text.lcdWriteData)
    [Anonymous Symbol]                       0x0000263c   Section        0  open1768_lcd.o(.text.lcdWriteIndex)
    [Anonymous Symbol]                       0x000026e0   Section        0  open1768_lcd.o(.text.lcdWriteReg)
    [Anonymous Symbol]                       0x000027e0   Section        0  lcd_ctrl.o(.text.lcd_flush)
    [Anonymous Symbol]                       0x0000280c   Section        0  lcd_ctrl.o(.text.lcd_img_pixel)
    [Anonymous Symbol]                       0x0000281c   Section        0  lcd_ctrl.o(.text.lcd_img_row)
    [Anonymous Symbol]                       0x0000284c   Section        0  lcd_ctrl.o(.text.lcd_img_start)
    [Anonymous Symbol]                       0x00002870   Section        0  lcd_ctrl.o(.text.lcd_init)
    [Anonymous Symbol]                       0x00002880   Section        0  lcd_ctrl.o(.text.lcd_row)
    [Anonymous Symbol]                       0x00002884   Section        0  lcd_ctrl.o(.text.lcd_write)
    [Anonymous Symbol]                       0x000028b8   Section        0  lcd_ctrl.o(.text.lcd_write_str)
    [Anonymous Symbol]                       0x0000299c   Section        0  main.o(.text.main)
    [Anonymous Symbol]                       0x00002a00   Section        0  ov7670.o(.text.ov_error_what)
    [Anonymous Symbol]                       0x00002a4c   Section        0  ov7670_lpc1768.o(.text.ov_get_handle)
    [Anonymous Symbol]                       0x00002a58   Section        0  ov7670.o(.text.ov_href_down)
    [Anonymous Symbol]                       0x00002a5c   Section        0  ov7670.o(.text.ov_href_up)
    [Anonymous Symbol]                       0x00002ac4   Section        0  ov7670.o(.text.ov_init)
    [Anonymous Symbol]                       0x00002b78   Section        0  ov7670_lpc1768.o(.text.ov_lpc1768_i2c_get_reg)
    [Anonymous Symbol]                       0x00002be4   Section        0  ov7670_lpc1768.o(.text.ov_lpc1768_i2c_set_reg)
    [Anonymous Symbol]                       0x00002c2c   Section        0  ov7670_lpc1768.o(.text.ov_lpc1768_init)
    [Anonymous Symbol]                       0x00002e68   Section        0  ov7670.o(.text.ov_set_res)
    [Anonymous Symbol]                       0x0000321c   Section        0  ov7670.o(.text.ov_vsync)
    [Anonymous Symbol]                       0x00003230   Section        0  ov7670_lpc1768.o(.text.read_data)
    [Anonymous Symbol]                       0x00003254   Section        0  ov7670_lpc1768.o(.text.wait_for_pclk)
    CL$$btod_d2e                             0x0000332a   Section       62  btod.o(CL$$btod_d2e)
    CL$$btod_d2e_denorm_low                  0x00003368   Section       70  btod.o(CL$$btod_d2e_denorm_low)
    CL$$btod_d2e_norm_op1                    0x000033ae   Section       96  btod.o(CL$$btod_d2e_norm_op1)
    CL$$btod_div_common                      0x00003410   Section      824  btod.o(CL$$btod_div_common)
    CL$$btod_e2e                             0x00003748   Section      220  btod.o(CL$$btod_e2e)
    CL$$btod_ediv                            0x00003824   Section       42  btod.o(CL$$btod_ediv)
    CL$$btod_emul                            0x0000384e   Section       42  btod.o(CL$$btod_emul)
    CL$$btod_mult_common                     0x00003878   Section      580  btod.o(CL$$btod_mult_common)
    i.__ARM_fpclassify                       0x00003abc   Section        0  fpclassify.o(i.__ARM_fpclassify)
    i._is_digit                              0x00003ae4   Section        0  __printf_wp.o(i._is_digit)
    locale$$code                             0x00003af4   Section       44  lc_numeric_c.o(locale$$code)
    locale$$code                             0x00003b20   Section       44  lc_ctype_c.o(locale$$code)
    x$fpl$printf1                            0x00003b4c   Section        4  printf1.o(x$fpl$printf1)
    x$fpl$printf2                            0x00003b50   Section        4  printf2.o(x$fpl$printf2)
    initial_mbstate                          0x00003b54   Data           8  _printf_wctomb.o(.constdata)
    .constdata                               0x00003b54   Section        8  _printf_wctomb.o(.constdata)
    x$fpl$usenofp                            0x00003b54   Section        0  usenofp.o(x$fpl$usenofp)
    uc_hextab                                0x00003b5c   Data          20  _printf_hex_int_ll_ptr.o(.constdata)
    .constdata                               0x00003b5c   Section       40  _printf_hex_int_ll_ptr.o(.constdata)
    lc_hextab                                0x00003b70   Data          20  _printf_hex_int_ll_ptr.o(.constdata)
    maptable                                 0x00003b84   Data          17  __printf_flags_ss_wp.o(.constdata)
    .constdata                               0x00003b84   Section       17  __printf_flags_ss_wp.o(.constdata)
    lc_hextab                                0x00003b95   Data          19  _printf_fp_hex.o(.constdata)
    .constdata                               0x00003b95   Section       38  _printf_fp_hex.o(.constdata)
    uc_hextab                                0x00003ba8   Data          19  _printf_fp_hex.o(.constdata)
    tenpwrs_x                                0x00003bbc   Data          60  bigflt0.o(.constdata)
    .constdata                               0x00003bbc   Section      148  bigflt0.o(.constdata)
    tenpwrs_i                                0x00003bf8   Data          64  bigflt0.o(.constdata)
    AsciiLib                                 0x00003c50   Data        3040  asciilib.o(.rodata.AsciiLib)
    [Anonymous Symbol]                       0x00003c50   Section        0  asciilib.o(.rodata.AsciiLib)
    locale$$data                             0x00004880   Section       28  lc_numeric_c.o(locale$$data)
    __lcnum_c_name                           0x00004884   Data           2  lc_numeric_c.o(locale$$data)
    __lcnum_c_start                          0x0000488c   Data           0  lc_numeric_c.o(locale$$data)
    __lcnum_c_point                          0x00004898   Data           0  lc_numeric_c.o(locale$$data)
    __lcnum_c_thousands                      0x0000489a   Data           0  lc_numeric_c.o(locale$$data)
    __lcnum_c_grouping                       0x0000489b   Data           0  lc_numeric_c.o(locale$$data)
    __lcnum_c_end                            0x0000489c   Data           0  lc_numeric_c.o(locale$$data)
    locale$$data                             0x0000489c   Section      272  lc_ctype_c.o(locale$$data)
    __lcctype_c_name                         0x000048a0   Data           2  lc_ctype_c.o(locale$$data)
    __lcctype_c_start                        0x000048a8   Data           0  lc_ctype_c.o(locale$$data)
    __lcctype_c_end                          0x000049ac   Data           0  lc_ctype_c.o(locale$$data)
    .bss                                     0x10000008   Section       96  libspace.o(.bss)
    Channel_active                           0x10000068   Data           4  gpdma_lpc17xx.o(.bss.Channel_active)
    [Anonymous Symbol]                       0x10000068   Section        0  gpdma_lpc17xx.o(.bss.Channel_active)
    Channel_info                             0x1000006c   Data         160  gpdma_lpc17xx.o(.bss.Channel_info)
    [Anonymous Symbol]                       0x1000006c   Section        0  gpdma_lpc17xx.o(.bss.Channel_info)
    I2C0_Ctrl                                0x1000010c   Data          36  i2c_lpc17xx.o(.bss.I2C0_Ctrl)
    [Anonymous Symbol]                       0x1000010c   Section        0  i2c_lpc17xx.o(.bss.I2C0_Ctrl)
    USART0_Info                              0x10000130   Data          52  uart_lpc17xx.o(.bss.USART0_Info)
    [Anonymous Symbol]                       0x10000130   Section        0  uart_lpc17xx.o(.bss.USART0_Info)
    Heap_Mem                                 0x10000198   Data           0  startup_lpc17xx.o(HEAP)
    Stack_Mem                                0x10000198   Data         512  startup_lpc17xx.o(STACK)
    HEAP                                     0x10000198   Section        0  startup_lpc17xx.o(HEAP)
    STACK                                    0x10000198   Section      512  startup_lpc17xx.o(STACK)
    __initial_sp                             0x10000398   Data           0  startup_lpc17xx.o(STACK)

    Global Symbols

    Symbol Name                              Value     Ov Type        Size  Object(Section)

    BuildAttributes$$THM_ISAv4$P$D$K$B$S$PE$A:L22UL41UL21$X:L11$S22US41US21$IEEE1$IW$~IW$USESV6$~STKCKD$USESV7$~SHL$OTIME$ROPI$IEEEJ$EBA8$UX$STANDARDLIB$REQ8$PRES8$EABIv2 0x00000000   Number         0  anon$$obj.o ABSOLUTE
    __Vectors                                0x00000000   Data           4  startup_lpc17xx.o(RESET)
    __fp_init_empty                          0x00000000   Number         0  fpinit_empty.o ABSOLUTE
    _printf_flags                            0x00000000   Number         0  printf_stubs.o ABSOLUTE
    _printf_return_value                     0x00000000   Number         0  printf_stubs.o ABSOLUTE
    _printf_sizespec                         0x00000000   Number         0  printf_stubs.o ABSOLUTE
    _printf_widthprec                        0x00000000   Number         0  printf_stubs.o ABSOLUTE
    __ARM_exceptions_init                     - Undefined Weak Reference
    __alloca_initialize                       - Undefined Weak Reference
    __arm_preinit_                            - Undefined Weak Reference
    __arm_relocate_pie_                       - Undefined Weak Reference
    __cpp_initialize__aeabi_                  - Undefined Weak Reference
    __cxa_finalize                            - Undefined Weak Reference
    __sigvec_lookup                           - Undefined Weak Reference
    _atexit_init                              - Undefined Weak Reference
    _call_atexit_fns                          - Undefined Weak Reference
    _clock_init                               - Undefined Weak Reference
    _fp_trap_init                             - Undefined Weak Reference
    _fp_trap_shutdown                         - Undefined Weak Reference
    _get_lc_collate                           - Undefined Weak Reference
    _get_lc_monetary                          - Undefined Weak Reference
    _get_lc_time                              - Undefined Weak Reference
    _getenv_init                              - Undefined Weak Reference
    _handle_redirection                       - Undefined Weak Reference
    _init_alloc                               - Undefined Weak Reference
    _init_user_alloc                          - Undefined Weak Reference
    _initio                                   - Undefined Weak Reference
    _printf_mbtowc                            - Undefined Weak Reference
    _printf_wc                                - Undefined Weak Reference
    _rand_init                                - Undefined Weak Reference
    _signal_finish                            - Undefined Weak Reference
    _signal_init                              - Undefined Weak Reference
    _terminate_alloc                          - Undefined Weak Reference
    _terminate_user_alloc                     - Undefined Weak Reference
    _terminateio                              - Undefined Weak Reference
    __main                                   0x000000cd   Thumb Code     8  __main.o(!!!main)
    __scatterload                            0x000000d5   Thumb Code     0  __scatter.o(!!!scatter)
    __scatterload_rt2                        0x000000d5   Thumb Code    44  __scatter.o(!!!scatter)
    __scatterload_rt2_thumb_only             0x000000d5   Thumb Code     0  __scatter.o(!!!scatter)
    __scatterload_null                       0x000000e3   Thumb Code     0  __scatter.o(!!!scatter)
    __scatterload_copy                       0x00000109   Thumb Code    26  __scatter_copy.o(!!handler_copy)
    __scatterload_zeroinit                   0x00000125   Thumb Code    28  __scatter_zi.o(!!handler_zi)
    _printf_n                                0x00000141   Thumb Code     0  _printf_n.o(.ARM.Collect$$_printf_percent$$00000001)
    _printf_percent                          0x00000141   Thumb Code     0  _printf_percent.o(.ARM.Collect$$_printf_percent$$00000000)
    _printf_p                                0x00000147   Thumb Code     0  _printf_p.o(.ARM.Collect$$_printf_percent$$00000002)
    _printf_f                                0x0000014d   Thumb Code     0  _printf_f.o(.ARM.Collect$$_printf_percent$$00000003)
    _printf_e                                0x00000153   Thumb Code     0  _printf_e.o(.ARM.Collect$$_printf_percent$$00000004)
    _printf_g                                0x00000159   Thumb Code     0  _printf_g.o(.ARM.Collect$$_printf_percent$$00000005)
    _printf_a                                0x0000015f   Thumb Code     0  _printf_a.o(.ARM.Collect$$_printf_percent$$00000006)
    _printf_ll                               0x00000165   Thumb Code     0  _printf_ll.o(.ARM.Collect$$_printf_percent$$00000007)
    _printf_i                                0x0000016f   Thumb Code     0  _printf_i.o(.ARM.Collect$$_printf_percent$$00000008)
    _printf_d                                0x00000175   Thumb Code     0  _printf_d.o(.ARM.Collect$$_printf_percent$$00000009)
    _printf_u                                0x0000017b   Thumb Code     0  _printf_u.o(.ARM.Collect$$_printf_percent$$0000000A)
    _printf_o                                0x00000181   Thumb Code     0  _printf_o.o(.ARM.Collect$$_printf_percent$$0000000B)
    _printf_x                                0x00000187   Thumb Code     0  _printf_x.o(.ARM.Collect$$_printf_percent$$0000000C)
    _printf_lli                              0x0000018d   Thumb Code     0  _printf_lli.o(.ARM.Collect$$_printf_percent$$0000000D)
    _printf_lld                              0x00000193   Thumb Code     0  _printf_lld.o(.ARM.Collect$$_printf_percent$$0000000E)
    _printf_llu                              0x00000199   Thumb Code     0  _printf_llu.o(.ARM.Collect$$_printf_percent$$0000000F)
    _printf_llo                              0x0000019f   Thumb Code     0  _printf_llo.o(.ARM.Collect$$_printf_percent$$00000010)
    _printf_llx                              0x000001a5   Thumb Code     0  _printf_llx.o(.ARM.Collect$$_printf_percent$$00000011)
    _printf_l                                0x000001ab   Thumb Code     0  _printf_l.o(.ARM.Collect$$_printf_percent$$00000012)
    _printf_c                                0x000001b5   Thumb Code     0  _printf_c.o(.ARM.Collect$$_printf_percent$$00000013)
    _printf_s                                0x000001bb   Thumb Code     0  _printf_s.o(.ARM.Collect$$_printf_percent$$00000014)
    _printf_lc                               0x000001c1   Thumb Code     0  _printf_lc.o(.ARM.Collect$$_printf_percent$$00000015)
    _printf_ls                               0x000001c7   Thumb Code     0  _printf_ls.o(.ARM.Collect$$_printf_percent$$00000016)
    _printf_percent_end                      0x000001cd   Thumb Code     0  _printf_percent_end.o(.ARM.Collect$$_printf_percent$$00000017)
    __rt_lib_init                            0x000001d1   Thumb Code     0  libinit.o(.ARM.Collect$$libinit$$00000000)
    __rt_lib_init_fp_1                       0x000001d3   Thumb Code     0  libinit2.o(.ARM.Collect$$libinit$$00000002)
    __rt_lib_init_heap_1                     0x000001d3   Thumb Code     0  libinit2.o(.ARM.Collect$$libinit$$0000000C)
    __rt_lib_init_lc_common                  0x000001d3   Thumb Code     0  libinit2.o(.ARM.Collect$$libinit$$00000011)
    __rt_lib_init_preinit_1                  0x000001d3   Thumb Code     0  libinit2.o(.ARM.Collect$$libinit$$00000006)
    __rt_lib_init_rand_1                     0x000001d3   Thumb Code     0  libinit2.o(.ARM.Collect$$libinit$$00000010)
    __rt_lib_init_relocate_pie_1             0x000001d3   Thumb Code     0  libinit2.o(.ARM.Collect$$libinit$$00000004)
    __rt_lib_init_user_alloc_1               0x000001d3   Thumb Code     0  libinit2.o(.ARM.Collect$$libinit$$0000000E)
    __rt_lib_init_lc_collate_1               0x000001d9   Thumb Code     0  libinit2.o(.ARM.Collect$$libinit$$00000013)
    __rt_lib_init_lc_ctype_2                 0x000001d9   Thumb Code     0  libinit2.o(.ARM.Collect$$libinit$$00000014)
    __rt_lib_init_lc_ctype_1                 0x000001e5   Thumb Code     0  libinit2.o(.ARM.Collect$$libinit$$00000015)
    __rt_lib_init_lc_monetary_1              0x000001e5   Thumb Code     0  libinit2.o(.ARM.Collect$$libinit$$00000017)
    __rt_lib_init_lc_numeric_2               0x000001e5   Thumb Code     0  libinit2.o(.ARM.Collect$$libinit$$00000018)
    __rt_lib_init_alloca_1                   0x000001ef   Thumb Code     0  libinit2.o(.ARM.Collect$$libinit$$00000030)
    __rt_lib_init_argv_1                     0x000001ef   Thumb Code     0  libinit2.o(.ARM.Collect$$libinit$$0000002E)
    __rt_lib_init_atexit_1                   0x000001ef   Thumb Code     0  libinit2.o(.ARM.Collect$$libinit$$0000001D)
    __rt_lib_init_clock_1                    0x000001ef   Thumb Code     0  libinit2.o(.ARM.Collect$$libinit$$00000023)
    __rt_lib_init_cpp_1                      0x000001ef   Thumb Code     0  libinit2.o(.ARM.Collect$$libinit$$00000034)
    __rt_lib_init_exceptions_1               0x000001ef   Thumb Code     0  libinit2.o(.ARM.Collect$$libinit$$00000032)
    __rt_lib_init_fp_trap_1                  0x000001ef   Thumb Code     0  libinit2.o(.ARM.Collect$$libinit$$00000021)
    __rt_lib_init_getenv_1                   0x000001ef   Thumb Code     0  libinit2.o(.ARM.Collect$$libinit$$00000025)
    __rt_lib_init_lc_numeric_1               0x000001ef   Thumb Code     0  libinit2.o(.ARM.Collect$$libinit$$00000019)
    __rt_lib_init_lc_time_1                  0x000001ef   Thumb Code     0  libinit2.o(.ARM.Collect$$libinit$$0000001B)
    __rt_lib_init_return                     0x000001ef   Thumb Code     0  libinit2.o(.ARM.Collect$$libinit$$00000035)
    __rt_lib_init_signal_1                   0x000001ef   Thumb Code     0  libinit2.o(.ARM.Collect$$libinit$$0000001F)
    __rt_lib_init_stdio_1                    0x000001ef   Thumb Code     0  libinit2.o(.ARM.Collect$$libinit$$00000027)
    __rt_lib_shutdown                        0x000001f1   Thumb Code     0  libshutdown.o(.ARM.Collect$$libshutdown$$00000000)
    __rt_lib_shutdown_cpp_1                  0x000001f3   Thumb Code     0  libshutdown2.o(.ARM.Collect$$libshutdown$$00000002)
    __rt_lib_shutdown_fp_trap_1              0x000001f3   Thumb Code     0  libshutdown2.o(.ARM.Collect$$libshutdown$$00000007)
    __rt_lib_shutdown_heap_1                 0x000001f3   Thumb Code     0  libshutdown2.o(.ARM.Collect$$libshutdown$$0000000F)
    __rt_lib_shutdown_return                 0x000001f3   Thumb Code     0  libshutdown2.o(.ARM.Collect$$libshutdown$$00000010)
    __rt_lib_shutdown_signal_1               0x000001f3   Thumb Code     0  libshutdown2.o(.ARM.Collect$$libshutdown$$0000000A)
    __rt_lib_shutdown_stdio_1                0x000001f3   Thumb Code     0  libshutdown2.o(.ARM.Collect$$libshutdown$$00000004)
    __rt_lib_shutdown_user_alloc_1           0x000001f3   Thumb Code     0  libshutdown2.o(.ARM.Collect$$libshutdown$$0000000C)
    __rt_entry                               0x000001f5   Thumb Code     0  __rtentry.o(.ARM.Collect$$rtentry$$00000000)
    __rt_entry_presh_1                       0x000001f5   Thumb Code     0  __rtentry2.o(.ARM.Collect$$rtentry$$00000002)
    __rt_entry_sh                            0x000001f5   Thumb Code     0  __rtentry4.o(.ARM.Collect$$rtentry$$00000004)
    __rt_entry_li                            0x000001fb   Thumb Code     0  __rtentry2.o(.ARM.Collect$$rtentry$$0000000A)
    __rt_entry_postsh_1                      0x000001fb   Thumb Code     0  __rtentry2.o(.ARM.Collect$$rtentry$$00000009)
    __rt_entry_main                          0x000001ff   Thumb Code     0  __rtentry2.o(.ARM.Collect$$rtentry$$0000000D)
    __rt_entry_postli_1                      0x000001ff   Thumb Code     0  __rtentry2.o(.ARM.Collect$$rtentry$$0000000C)
    __rt_exit                                0x00000207   Thumb Code     0  rtexit.o(.ARM.Collect$$rtexit$$00000000)
    __rt_exit_ls                             0x00000209   Thumb Code     0  rtexit2.o(.ARM.Collect$$rtexit$$00000003)
    __rt_exit_prels_1                        0x00000209   Thumb Code     0  rtexit2.o(.ARM.Collect$$rtexit$$00000002)
    __rt_exit_exit                           0x0000020d   Thumb Code     0  rtexit2.o(.ARM.Collect$$rtexit$$00000004)
    Reset_Handler                            0x00000215   Thumb Code     8  startup_lpc17xx.o(.text)
    NMI_Handler                              0x0000021d   Thumb Code     2  startup_lpc17xx.o(.text)
    HardFault_Handler                        0x0000021f   Thumb Code     2  startup_lpc17xx.o(.text)
    MemManage_Handler                        0x00000221   Thumb Code     2  startup_lpc17xx.o(.text)
    BusFault_Handler                         0x00000223   Thumb Code     2  startup_lpc17xx.o(.text)
    UsageFault_Handler                       0x00000225   Thumb Code     2  startup_lpc17xx.o(.text)
    SVC_Handler                              0x00000227   Thumb Code     2  startup_lpc17xx.o(.text)
    DebugMon_Handler                         0x00000229   Thumb Code     2  startup_lpc17xx.o(.text)
    PendSV_Handler                           0x0000022b   Thumb Code     2  startup_lpc17xx.o(.text)
    SysTick_Handler                          0x0000022d   Thumb Code     2  startup_lpc17xx.o(.text)
    ADC_IRQHandler                           0x0000022f   Thumb Code     0  startup_lpc17xx.o(.text)
    BOD_IRQHandler                           0x0000022f   Thumb Code     0  startup_lpc17xx.o(.text)
    CANActivity_IRQHandler                   0x0000022f   Thumb Code     0  startup_lpc17xx.o(.text)
    CAN_IRQHandler                           0x0000022f   Thumb Code     0  startup_lpc17xx.o(.text)
    EINT0_IRQHandler                         0x0000022f   Thumb Code     0  startup_lpc17xx.o(.text)
    EINT1_IRQHandler                         0x0000022f   Thumb Code     0  startup_lpc17xx.o(.text)
    EINT2_IRQHandler                         0x0000022f   Thumb Code     0  startup_lpc17xx.o(.text)
    ENET_IRQHandler                          0x0000022f   Thumb Code     0  startup_lpc17xx.o(.text)
    I2C1_IRQHandler                          0x0000022f   Thumb Code     0  startup_lpc17xx.o(.text)
    I2C2_IRQHandler                          0x0000022f   Thumb Code     0  startup_lpc17xx.o(.text)
    I2S_IRQHandler                           0x0000022f   Thumb Code     0  startup_lpc17xx.o(.text)
    MCPWM_IRQHandler                         0x0000022f   Thumb Code     0  startup_lpc17xx.o(.text)
    PLL0_IRQHandler                          0x0000022f   Thumb Code     0  startup_lpc17xx.o(.text)
    PLL1_IRQHandler                          0x0000022f   Thumb Code     0  startup_lpc17xx.o(.text)
    PWM1_IRQHandler                          0x0000022f   Thumb Code     0  startup_lpc17xx.o(.text)
    QEI_IRQHandler                           0x0000022f   Thumb Code     0  startup_lpc17xx.o(.text)
    RIT_IRQHandler                           0x0000022f   Thumb Code     0  startup_lpc17xx.o(.text)
    RTC_IRQHandler                           0x0000022f   Thumb Code     0  startup_lpc17xx.o(.text)
    SPI_IRQHandler                           0x0000022f   Thumb Code     0  startup_lpc17xx.o(.text)
    SSP0_IRQHandler                          0x0000022f   Thumb Code     0  startup_lpc17xx.o(.text)
    SSP1_IRQHandler                          0x0000022f   Thumb Code     0  startup_lpc17xx.o(.text)
    TIMER0_IRQHandler                        0x0000022f   Thumb Code     0  startup_lpc17xx.o(.text)
    TIMER1_IRQHandler                        0x0000022f   Thumb Code     0  startup_lpc17xx.o(.text)
    TIMER2_IRQHandler                        0x0000022f   Thumb Code     0  startup_lpc17xx.o(.text)
    TIMER3_IRQHandler                        0x0000022f   Thumb Code     0  startup_lpc17xx.o(.text)
    UART1_IRQHandler                         0x0000022f   Thumb Code     0  startup_lpc17xx.o(.text)
    UART2_IRQHandler                         0x0000022f   Thumb Code     0  startup_lpc17xx.o(.text)
    UART3_IRQHandler                         0x0000022f   Thumb Code     0  startup_lpc17xx.o(.text)
    USBActivity_IRQHandler                   0x0000022f   Thumb Code     0  startup_lpc17xx.o(.text)
    USB_IRQHandler                           0x0000022f   Thumb Code     0  startup_lpc17xx.o(.text)
    WDT_IRQHandler                           0x0000022f   Thumb Code     0  startup_lpc17xx.o(.text)
    __user_initial_stackheap                 0x00000231   Thumb Code     0  startup_lpc17xx.o(.text)
    vsprintf                                 0x00000251   Thumb Code    32  vsprintf.o(.text)
    __use_two_region_memory                  0x00000275   Thumb Code     2  heapauxi.o(.text)
    __rt_heap_escrow$2region                 0x00000277   Thumb Code     2  heapauxi.o(.text)
    __rt_heap_expand$2region                 0x00000279   Thumb Code     2  heapauxi.o(.text)
    _printf_pre_padding                      0x0000027b   Thumb Code    44  _printf_pad.o(.text)
    _printf_post_padding                     0x000002a7   Thumb Code    34  _printf_pad.o(.text)
    _printf_truncate_signed                  0x000002c9   Thumb Code    18  _printf_truncate.o(.text)
    _printf_truncate_unsigned                0x000002db   Thumb Code    18  _printf_truncate.o(.text)
    _sputc                                   0x000002ed   Thumb Code    10  _sputc.o(.text)
    __I$use$semihosting                      0x000002f7   Thumb Code     0  use_no_semi.o(.text)
    __use_no_semihosting_swi                 0x000002f7   Thumb Code     2  use_no_semi.o(.text)
    __semihosting_library_function           0x000002f9   Thumb Code     0  indicate_semi.o(.text)
    __aeabi_memcpy                           0x00000301   Thumb Code     0  rt_memcpy_v6.o(.text)
    __rt_memcpy                              0x00000301   Thumb Code   138  rt_memcpy_v6.o(.text)
    _memcpy_lastbytes                        0x00000367   Thumb Code     0  rt_memcpy_v6.o(.text)
    _printf_str                              0x0000038b   Thumb Code    82  _printf_str.o(.text)
    _printf_int_dec                          0x000003dd   Thumb Code   104  _printf_dec.o(.text)
    _printf_charcount                        0x00000455   Thumb Code    40  _printf_charcount.o(.text)
    _printf_char_common                      0x00000487   Thumb Code    32  _printf_char_common.o(.text)
    _printf_wctomb                           0x000004ad   Thumb Code   182  _printf_wctomb.o(.text)
    _printf_longlong_dec                     0x00000569   Thumb Code   108  _printf_longlong_dec.o(.text)
    _printf_longlong_oct                     0x000005e5   Thumb Code    68  _printf_oct_int_ll.o(.text)
    _printf_int_oct                          0x00000629   Thumb Code    24  _printf_oct_int_ll.o(.text)
    _printf_ll_oct                           0x00000641   Thumb Code    12  _printf_oct_int_ll.o(.text)
    _printf_longlong_hex                     0x00000655   Thumb Code    86  _printf_hex_int_ll_ptr.o(.text)
    _printf_int_hex                          0x000006ab   Thumb Code    28  _printf_hex_int_ll_ptr.o(.text)
    _printf_ll_hex                           0x000006c7   Thumb Code    12  _printf_hex_int_ll_ptr.o(.text)
    _printf_hex_ptr                          0x000006d3   Thumb Code    18  _printf_hex_int_ll_ptr.o(.text)
    __printf                                 0x000006e9   Thumb Code   388  __printf_flags_ss_wp.o(.text)
    __aeabi_memcpy4                          0x00000871   Thumb Code     0  rt_memcpy_w.o(.text)
    __aeabi_memcpy8                          0x00000871   Thumb Code     0  rt_memcpy_w.o(.text)
    __rt_memcpy_w                            0x00000871   Thumb Code   100  rt_memcpy_w.o(.text)
    _memcpy_lastbytes_aligned                0x000008b9   Thumb Code     0  rt_memcpy_w.o(.text)
    _ll_udiv10                               0x000008d5   Thumb Code   138  lludiv10.o(.text)
    _printf_int_common                       0x0000095f   Thumb Code   178  _printf_intcommon.o(.text)
    _printf_fp_dec_real                      0x00000bc1   Thumb Code   620  _printf_fp_dec.o(.text)
    _printf_fp_hex_real                      0x00000e2d   Thumb Code   756  _printf_fp_hex.o(.text)
    _printf_cs_common                        0x00001129   Thumb Code    20  _printf_char.o(.text)
    _printf_char                             0x0000113d   Thumb Code    16  _printf_char.o(.text)
    _printf_string                           0x0000114d   Thumb Code     8  _printf_char.o(.text)
    _printf_lcs_common                       0x00001155   Thumb Code    20  _printf_wchar.o(.text)
    _printf_wchar                            0x00001169   Thumb Code    16  _printf_wchar.o(.text)
    _printf_wstring                          0x00001179   Thumb Code     8  _printf_wchar.o(.text)
    _c16rtomb                                0x00001181   Thumb Code    72  _c16rtomb.o(.text)
    _wcrtomb                                 0x00001181   Thumb Code     0  _c16rtomb.o(.text)
    __user_setup_stackheap                   0x000011c9   Thumb Code    74  sys_stackheap_outer.o(.text)
    __rt_ctype_table                         0x00001215   Thumb Code    16  rt_ctype_table.o(.text)
    __rt_locale                              0x00001225   Thumb Code     8  rt_locale_intlibspace.o(.text)
    _printf_fp_infnan                        0x0000122d   Thumb Code   112  _printf_fp_infnan.o(.text)
    _btod_etento                             0x000012ad   Thumb Code   224  bigflt0.o(.text)
    exit                                     0x00001391   Thumb Code    18  exit.o(.text)
    __user_libspace                          0x000013a5   Thumb Code     8  libspace.o(.text)
    __user_perproc_libspace                  0x000013a5   Thumb Code     0  libspace.o(.text)
    __user_perthread_libspace                0x000013a5   Thumb Code     0  libspace.o(.text)
    strcmp                                   0x000013ad   Thumb Code   128  strcmpv7m.o(.text)
    _sys_exit                                0x0000142d   Thumb Code     8  sys_exit.o(.text)
    DMA_IRQHandler                           0x00001439   Thumb Code   350  gpdma_lpc17xx.o(.text.DMA_IRQHandler)
    EINT3_IRQHandler                         0x00001599   Thumb Code    94  ov7670_lpc1768.o(.text.EINT3_IRQHandler)
    GetASCIICode                             0x000015f9   Thumb Code    50  asciilib.o(.text.GetASCIICode)
    I2C0_IRQHandler                          0x00001821   Thumb Code   788  i2c_lpc17xx.o(.text.I2C0_IRQHandler)
    PIN_Configure                            0x00001efd   Thumb Code   116  pin_lpc17xx.o(.text.PIN_Configure)
    PIN_ConfigureI2C0Pins                    0x00001f71   Thumb Code    30  pin_lpc17xx.o(.text.PIN_ConfigureI2C0Pins)
    SystemInit                               0x00001f91   Thumb Code   340  system_lpc17xx.o(.text.SystemInit)
    UART0_IRQHandler                         0x000020e5   Thumb Code   700  uart_lpc17xx.o(.text.UART0_IRQHandler)
    callback_frame                           0x000023a1   Thumb Code    42  main.o(.text.callback_frame)
    callback_pixel                           0x000023cd   Thumb Code    14  main.o(.text.callback_pixel)
    callback_row                             0x000023dd   Thumb Code    12  main.o(.text.callback_row)
    init_ILI9325                             0x000023e9   Thumb Code   440  lcd_ili9325.o(.text.init_ILI9325)
    lcdConfiguration                         0x000025a1   Thumb Code    38  open1768_lcd.o(.text.lcdConfiguration)
    lcdWriteData                             0x000025c9   Thumb Code   114  open1768_lcd.o(.text.lcdWriteData)
    lcdWriteIndex                            0x0000263d   Thumb Code   162  open1768_lcd.o(.text.lcdWriteIndex)
    lcdWriteReg                              0x000026e1   Thumb Code   254  open1768_lcd.o(.text.lcdWriteReg)
    lcd_flush                                0x000027e1   Thumb Code    44  lcd_ctrl.o(.text.lcd_flush)
    lcd_img_pixel                            0x0000280d   Thumb Code    14  lcd_ctrl.o(.text.lcd_img_pixel)
    lcd_img_row                              0x0000281d   Thumb Code    46  lcd_ctrl.o(.text.lcd_img_row)
    lcd_img_start                            0x0000284d   Thumb Code    36  lcd_ctrl.o(.text.lcd_img_start)
    lcd_init                                 0x00002871   Thumb Code    14  lcd_ctrl.o(.text.lcd_init)
    lcd_row                                  0x00002881   Thumb Code     4  lcd_ctrl.o(.text.lcd_row)
    lcd_write                                0x00002885   Thumb Code    52  lcd_ctrl.o(.text.lcd_write)
    lcd_write_str                            0x000028b9   Thumb Code   228  lcd_ctrl.o(.text.lcd_write_str)
    main                                     0x0000299d   Thumb Code    88  main.o(.text.main)
    ov_error_what                            0x00002a01   Thumb Code    24  ov7670.o(.text.ov_error_what)
    ov_get_handle                            0x00002a4d   Thumb Code    10  ov7670_lpc1768.o(.text.ov_get_handle)
    ov_href_down                             0x00002a59   Thumb Code     2  ov7670.o(.text.ov_href_down)
    ov_href_up                               0x00002a5d   Thumb Code   104  ov7670.o(.text.ov_href_up)
    ov_init                                  0x00002ac5   Thumb Code   178  ov7670.o(.text.ov_init)
    ov_lpc1768_i2c_get_reg                   0x00002b79   Thumb Code   108  ov7670_lpc1768.o(.text.ov_lpc1768_i2c_get_reg)
    ov_lpc1768_i2c_set_reg                   0x00002be5   Thumb Code    72  ov7670_lpc1768.o(.text.ov_lpc1768_i2c_set_reg)
    ov_lpc1768_init                          0x00002c2d   Thumb Code   572  ov7670_lpc1768.o(.text.ov_lpc1768_init)
    ov_set_res                               0x00002e69   Thumb Code   946  ov7670.o(.text.ov_set_res)
    ov_vsync                                 0x0000321d   Thumb Code    18  ov7670.o(.text.ov_vsync)
    read_data                                0x00003231   Thumb Code    36  ov7670_lpc1768.o(.text.read_data)
    wait_for_pclk                            0x00003255   Thumb Code   214  ov7670_lpc1768.o(.text.wait_for_pclk)
    _btod_d2e                                0x0000332b   Thumb Code    62  btod.o(CL$$btod_d2e)
    _d2e_denorm_low                          0x00003369   Thumb Code    70  btod.o(CL$$btod_d2e_denorm_low)
    _d2e_norm_op1                            0x000033af   Thumb Code    96  btod.o(CL$$btod_d2e_norm_op1)
    __btod_div_common                        0x00003411   Thumb Code   696  btod.o(CL$$btod_div_common)
    _e2e                                     0x00003749   Thumb Code   220  btod.o(CL$$btod_e2e)
    _btod_ediv                               0x00003825   Thumb Code    42  btod.o(CL$$btod_ediv)
    _btod_emul                               0x0000384f   Thumb Code    42  btod.o(CL$$btod_emul)
    __btod_mult_common                       0x00003879   Thumb Code   580  btod.o(CL$$btod_mult_common)
    __ARM_fpclassify                         0x00003abd   Thumb Code    40  fpclassify.o(i.__ARM_fpclassify)
    _is_digit                                0x00003ae5   Thumb Code    14  __printf_wp.o(i._is_digit)
    _get_lc_numeric                          0x00003af5   Thumb Code    44  lc_numeric_c.o(locale$$code)
    _get_lc_ctype                            0x00003b21   Thumb Code    44  lc_ctype_c.o(locale$$code)
    _printf_fp_dec                           0x00003b4d   Thumb Code     4  printf1.o(x$fpl$printf1)
    _printf_fp_hex                           0x00003b51   Thumb Code     4  printf2.o(x$fpl$printf2)
    __I$use$fp                               0x00003b54   Number         0  usenofp.o(x$fpl$usenofp)
    Driver_I2C0                              0x00004830   Data          48  i2c_lpc17xx.o(.rodata.Driver_I2C0)
    Region$$Table$$Base                      0x00004860   Number         0  anon$$obj.o(Region$$Table)
    Region$$Table$$Limit                     0x00004880   Number         0  anon$$obj.o(Region$$Table)
    __ctype                                  0x000048a9   Data           0  lc_ctype_c.o(locale$$data)
    I2C0_PIN                                 0x10000000   Data           4  i2c_lpc17xx.o(.data.I2C0_PIN)
    SystemCoreClock                          0x10000004   Data           4  system_lpc17xx.o(.data.SystemCoreClock)
    __libspace_start                         0x10000008   Data          96  libspace.o(.bss)
    __temporary_stack_top$libspace           0x10000068   Data           0  libspace.o(.bss)
    img                                      0x10000164   Data           8  main.o(.bss.img)
    ov                                       0x1000016c   Data          40  ov7670_lpc1768.o(.bss.ov)



==============================================================================

Memory Map of the image

  Image Entry point : 0x00000215

  Load Region LR_1 (Base: 0x00000000, Size: 0x000049b4, Max: 0xffffffff, ABSOLUTE)

    Execution Region ER_RO (Exec base: 0x00000000, Load base: 0x00000000, Size: 0x000049ac, Max: 0xffffffff, ABSOLUTE)

    Exec Addr    Load Addr    Size         Type   Attr      Idx    E Section Name        Object

    0x00000000   0x00000000   0x000000cc   Data   RO          280    RESET               startup_lpc17xx.o
    0x000000cc   0x000000cc   0x00000008   Code   RO          312  * !!!main             c_w.l(__main.o)
    0x000000d4   0x000000d4   0x00000034   Code   RO          661    !!!scatter          c_w.l(__scatter.o)
    0x00000108   0x00000108   0x0000001a   Code   RO          663    !!handler_copy      c_w.l(__scatter_copy.o)
    0x00000122   0x00000122   0x00000002   PAD
    0x00000124   0x00000124   0x0000001c   Code   RO          665    !!handler_zi        c_w.l(__scatter_zi.o)
    0x00000140   0x00000140   0x00000000   Code   RO          400    .ARM.Collect$$_printf_percent$$00000000  c_w.l(_printf_percent.o)
    0x00000140   0x00000140   0x00000006   Code   RO          389    .ARM.Collect$$_printf_percent$$00000001  c_w.l(_printf_n.o)
    0x00000146   0x00000146   0x00000006   Code   RO          391    .ARM.Collect$$_printf_percent$$00000002  c_w.l(_printf_p.o)
    0x0000014c   0x0000014c   0x00000006   Code   RO          396    .ARM.Collect$$_printf_percent$$00000003  c_w.l(_printf_f.o)
    0x00000152   0x00000152   0x00000006   Code   RO          397    .ARM.Collect$$_printf_percent$$00000004  c_w.l(_printf_e.o)
    0x00000158   0x00000158   0x00000006   Code   RO          398    .ARM.Collect$$_printf_percent$$00000005  c_w.l(_printf_g.o)
    0x0000015e   0x0000015e   0x00000006   Code   RO          399    .ARM.Collect$$_printf_percent$$00000006  c_w.l(_printf_a.o)
    0x00000164   0x00000164   0x0000000a   Code   RO          404    .ARM.Collect$$_printf_percent$$00000007  c_w.l(_printf_ll.o)
    0x0000016e   0x0000016e   0x00000006   Code   RO          393    .ARM.Collect$$_printf_percent$$00000008  c_w.l(_printf_i.o)
    0x00000174   0x00000174   0x00000006   Code   RO          394    .ARM.Collect$$_printf_percent$$00000009  c_w.l(_printf_d.o)
    0x0000017a   0x0000017a   0x00000006   Code   RO          395    .ARM.Collect$$_printf_percent$$0000000A  c_w.l(_printf_u.o)
    0x00000180   0x00000180   0x00000006   Code   RO          392    .ARM.Collect$$_printf_percent$$0000000B  c_w.l(_printf_o.o)
    0x00000186   0x00000186   0x00000006   Code   RO          390    .ARM.Collect$$_printf_percent$$0000000C  c_w.l(_printf_x.o)
    0x0000018c   0x0000018c   0x00000006   Code   RO          401    .ARM.Collect$$_printf_percent$$0000000D  c_w.l(_printf_lli.o)
    0x00000192   0x00000192   0x00000006   Code   RO          402    .ARM.Collect$$_printf_percent$$0000000E  c_w.l(_printf_lld.o)
    0x00000198   0x00000198   0x00000006   Code   RO          403    .ARM.Collect$$_printf_percent$$0000000F  c_w.l(_printf_llu.o)
    0x0000019e   0x0000019e   0x00000006   Code   RO          408    .ARM.Collect$$_printf_percent$$00000010  c_w.l(_printf_llo.o)
    0x000001a4   0x000001a4   0x00000006   Code   RO          409    .ARM.Collect$$_printf_percent$$00000011  c_w.l(_printf_llx.o)
    0x000001aa   0x000001aa   0x0000000a   Code   RO          405    .ARM.Collect$$_printf_percent$$00000012  c_w.l(_printf_l.o)
    0x000001b4   0x000001b4   0x00000006   Code   RO          387    .ARM.Collect$$_printf_percent$$00000013  c_w.l(_printf_c.o)
    0x000001ba   0x000001ba   0x00000006   Code   RO          388    .ARM.Collect$$_printf_percent$$00000014  c_w.l(_printf_s.o)
    0x000001c0   0x000001c0   0x00000006   Code   RO          406    .ARM.Collect$$_printf_percent$$00000015  c_w.l(_printf_lc.o)
    0x000001c6   0x000001c6   0x00000006   Code   RO          407    .ARM.Collect$$_printf_percent$$00000016  c_w.l(_printf_ls.o)
    0x000001cc   0x000001cc   0x00000004   Code   RO          454    .ARM.Collect$$_printf_percent$$00000017  c_w.l(_printf_percent_end.o)
    0x000001d0   0x000001d0   0x00000002   Code   RO          509    .ARM.Collect$$libinit$$00000000  c_w.l(libinit.o)
    0x000001d2   0x000001d2   0x00000000   Code   RO          534    .ARM.Collect$$libinit$$00000002  c_w.l(libinit2.o)
    0x000001d2   0x000001d2   0x00000000   Code   RO          536    .ARM.Collect$$libinit$$00000004  c_w.l(libinit2.o)
    0x000001d2   0x000001d2   0x00000000   Code   RO          538    .ARM.Collect$$libinit$$00000006  c_w.l(libinit2.o)
    0x000001d2   0x000001d2   0x00000000   Code   RO          541    .ARM.Collect$$libinit$$0000000C  c_w.l(libinit2.o)
    0x000001d2   0x000001d2   0x00000000   Code   RO          543    .ARM.Collect$$libinit$$0000000E  c_w.l(libinit2.o)
    0x000001d2   0x000001d2   0x00000000   Code   RO          545    .ARM.Collect$$libinit$$00000010  c_w.l(libinit2.o)
    0x000001d2   0x000001d2   0x00000006   Code   RO          546    .ARM.Collect$$libinit$$00000011  c_w.l(libinit2.o)
    0x000001d8   0x000001d8   0x00000000   Code   RO          548    .ARM.Collect$$libinit$$00000013  c_w.l(libinit2.o)
    0x000001d8   0x000001d8   0x0000000c   Code   RO          549    .ARM.Collect$$libinit$$00000014  c_w.l(libinit2.o)
    0x000001e4   0x000001e4   0x00000000   Code   RO          550    .ARM.Collect$$libinit$$00000015  c_w.l(libinit2.o)
    0x000001e4   0x000001e4   0x00000000   Code   RO          552    .ARM.Collect$$libinit$$00000017  c_w.l(libinit2.o)
    0x000001e4   0x000001e4   0x0000000a   Code   RO          553    .ARM.Collect$$libinit$$00000018  c_w.l(libinit2.o)
    0x000001ee   0x000001ee   0x00000000   Code   RO          554    .ARM.Collect$$libinit$$00000019  c_w.l(libinit2.o)
    0x000001ee   0x000001ee   0x00000000   Code   RO          556    .ARM.Collect$$libinit$$0000001B  c_w.l(libinit2.o)
    0x000001ee   0x000001ee   0x00000000   Code   RO          558    .ARM.Collect$$libinit$$0000001D  c_w.l(libinit2.o)
    0x000001ee   0x000001ee   0x00000000   Code   RO          560    .ARM.Collect$$libinit$$0000001F  c_w.l(libinit2.o)
    0x000001ee   0x000001ee   0x00000000   Code   RO          562    .ARM.Collect$$libinit$$00000021  c_w.l(libinit2.o)
    0x000001ee   0x000001ee   0x00000000   Code   RO          564    .ARM.Collect$$libinit$$00000023  c_w.l(libinit2.o)
    0x000001ee   0x000001ee   0x00000000   Code   RO          566    .ARM.Collect$$libinit$$00000025  c_w.l(libinit2.o)
    0x000001ee   0x000001ee   0x00000000   Code   RO          568    .ARM.Collect$$libinit$$00000027  c_w.l(libinit2.o)
    0x000001ee   0x000001ee   0x00000000   Code   RO          572    .ARM.Collect$$libinit$$0000002E  c_w.l(libinit2.o)
    0x000001ee   0x000001ee   0x00000000   Code   RO          574    .ARM.Collect$$libinit$$00000030  c_w.l(libinit2.o)
    0x000001ee   0x000001ee   0x00000000   Code   RO          576    .ARM.Collect$$libinit$$00000032  c_w.l(libinit2.o)
    0x000001ee   0x000001ee   0x00000000   Code   RO          578    .ARM.Collect$$libinit$$00000034  c_w.l(libinit2.o)
    0x000001ee   0x000001ee   0x00000002   Code   RO          579    .ARM.Collect$$libinit$$00000035  c_w.l(libinit2.o)
    0x000001f0   0x000001f0   0x00000002   Code   RO          616    .ARM.Collect$$libshutdown$$00000000  c_w.l(libshutdown.o)
    0x000001f2   0x000001f2   0x00000000   Code   RO          644    .ARM.Collect$$libshutdown$$00000002  c_w.l(libshutdown2.o)
    0x000001f2   0x000001f2   0x00000000   Code   RO          646    .ARM.Collect$$libshutdown$$00000004  c_w.l(libshutdown2.o)
    0x000001f2   0x000001f2   0x00000000   Code   RO          649    .ARM.Collect$$libshutdown$$00000007  c_w.l(libshutdown2.o)
    0x000001f2   0x000001f2   0x00000000   Code   RO          652    .ARM.Collect$$libshutdown$$0000000A  c_w.l(libshutdown2.o)
    0x000001f2   0x000001f2   0x00000000   Code   RO          654    .ARM.Collect$$libshutdown$$0000000C  c_w.l(libshutdown2.o)
    0x000001f2   0x000001f2   0x00000000   Code   RO          657    .ARM.Collect$$libshutdown$$0000000F  c_w.l(libshutdown2.o)
    0x000001f2   0x000001f2   0x00000002   Code   RO          658    .ARM.Collect$$libshutdown$$00000010  c_w.l(libshutdown2.o)
    0x000001f4   0x000001f4   0x00000000   Code   RO          314    .ARM.Collect$$rtentry$$00000000  c_w.l(__rtentry.o)
    0x000001f4   0x000001f4   0x00000000   Code   RO          421    .ARM.Collect$$rtentry$$00000002  c_w.l(__rtentry2.o)
    0x000001f4   0x000001f4   0x00000006   Code   RO          433    .ARM.Collect$$rtentry$$00000004  c_w.l(__rtentry4.o)
    0x000001fa   0x000001fa   0x00000000   Code   RO          423    .ARM.Collect$$rtentry$$00000009  c_w.l(__rtentry2.o)
    0x000001fa   0x000001fa   0x00000004   Code   RO          424    .ARM.Collect$$rtentry$$0000000A  c_w.l(__rtentry2.o)
    0x000001fe   0x000001fe   0x00000000   Code   RO          426    .ARM.Collect$$rtentry$$0000000C  c_w.l(__rtentry2.o)
    0x000001fe   0x000001fe   0x00000008   Code   RO          427    .ARM.Collect$$rtentry$$0000000D  c_w.l(__rtentry2.o)
    0x00000206   0x00000206   0x00000002   Code   RO          518    .ARM.Collect$$rtexit$$00000000  c_w.l(rtexit.o)
    0x00000208   0x00000208   0x00000000   Code   RO          585    .ARM.Collect$$rtexit$$00000002  c_w.l(rtexit2.o)
    0x00000208   0x00000208   0x00000004   Code   RO          586    .ARM.Collect$$rtexit$$00000003  c_w.l(rtexit2.o)
    0x0000020c   0x0000020c   0x00000006   Code   RO          587    .ARM.Collect$$rtexit$$00000004  c_w.l(rtexit2.o)
    0x00000212   0x00000212   0x00000002   PAD
    0x00000214   0x00000214   0x0000003c   Code   RO          282  * .text               startup_lpc17xx.o
    0x00000250   0x00000250   0x00000024   Code   RO          306    .text               c_w.l(vsprintf.o)
    0x00000274   0x00000274   0x00000006   Code   RO          310    .text               c_w.l(heapauxi.o)
    0x0000027a   0x0000027a   0x0000004e   Code   RO          321    .text               c_w.l(_printf_pad.o)
    0x000002c8   0x000002c8   0x00000024   Code   RO          323    .text               c_w.l(_printf_truncate.o)
    0x000002ec   0x000002ec   0x0000000a   Code   RO          333    .text               c_w.l(_sputc.o)
    0x000002f6   0x000002f6   0x00000002   Code   RO          605    .text               c_w.l(use_no_semi.o)
    0x000002f8   0x000002f8   0x00000000   Code   RO          607    .text               c_w.l(indicate_semi.o)
    0x000002f8   0x000002f8   0x00000004   Code   RO          148    .text.I2C_GetCapabilities  i2c_lpc17xx.o
    0x000002fc   0x000002fc   0x00000004   Code   RO          281    .ARM.__at_0x02FC    startup_lpc17xx.o
    0x00000300   0x00000300   0x0000008a   Code   RO          308    .text               c_w.l(rt_memcpy_v6.o)
    0x0000038a   0x0000038a   0x00000052   Code   RO          325    .text               c_w.l(_printf_str.o)
    0x000003dc   0x000003dc   0x00000078   Code   RO          327    .text               c_w.l(_printf_dec.o)
    0x00000454   0x00000454   0x00000028   Code   RO          329    .text               c_w.l(_printf_charcount.o)
    0x0000047c   0x0000047c   0x00000030   Code   RO          331    .text               c_w.l(_printf_char_common.o)
    0x000004ac   0x000004ac   0x000000bc   Code   RO          335    .text               c_w.l(_printf_wctomb.o)
    0x00000568   0x00000568   0x0000007c   Code   RO          338    .text               c_w.l(_printf_longlong_dec.o)
    0x000005e4   0x000005e4   0x00000070   Code   RO          344    .text               c_w.l(_printf_oct_int_ll.o)
    0x00000654   0x00000654   0x00000094   Code   RO          364    .text               c_w.l(_printf_hex_int_ll_ptr.o)
    0x000006e8   0x000006e8   0x00000188   Code   RO          384    .text               c_w.l(__printf_flags_ss_wp.o)
    0x00000870   0x00000870   0x00000064   Code   RO          410    .text               c_w.l(rt_memcpy_w.o)
    0x000008d4   0x000008d4   0x0000008a   Code   RO          437    .text               c_w.l(lludiv10.o)
    0x0000095e   0x0000095e   0x000000b2   Code   RO          439    .text               c_w.l(_printf_intcommon.o)
    0x00000a10   0x00000a10   0x0000041c   Code   RO          441    .text               c_w.l(_printf_fp_dec.o)
    0x00000e2c   0x00000e2c   0x000002fc   Code   RO          445    .text               c_w.l(_printf_fp_hex.o)
    0x00001128   0x00001128   0x0000002c   Code   RO          450    .text               c_w.l(_printf_char.o)
    0x00001154   0x00001154   0x0000002c   Code   RO          452    .text               c_w.l(_printf_wchar.o)
    0x00001180   0x00001180   0x00000048   Code   RO          455    .text               c_w.l(_c16rtomb.o)
    0x000011c8   0x000011c8   0x0000004a   Code   RO          457    .text               c_w.l(sys_stackheap_outer.o)
    0x00001212   0x00001212   0x00000002   PAD
    0x00001214   0x00001214   0x00000010   Code   RO          459    .text               c_w.l(rt_ctype_table.o)
    0x00001224   0x00001224   0x00000008   Code   RO          464    .text               c_w.l(rt_locale_intlibspace.o)
    0x0000122c   0x0000122c   0x00000080   Code   RO          466    .text               c_w.l(_printf_fp_infnan.o)
    0x000012ac   0x000012ac   0x000000e4   Code   RO          468    .text               c_w.l(bigflt0.o)
    0x00001390   0x00001390   0x00000012   Code   RO          498    .text               c_w.l(exit.o)
    0x000013a2   0x000013a2   0x00000002   PAD
    0x000013a4   0x000013a4   0x00000008   Code   RO          515    .text               c_w.l(libspace.o)
    0x000013ac   0x000013ac   0x00000080   Code   RO          531    .text               c_w.l(strcmpv7m.o)
    0x0000142c   0x0000142c   0x0000000c   Code   RO          580    .text               c_w.l(sys_exit.o)
    0x00001438   0x00001438   0x0000015e   Code   RO          252    .text.DMA_IRQHandler  gpdma_lpc17xx.o
    0x00001596   0x00001596   0x00000002   PAD
    0x00001598   0x00001598   0x0000005e   Code   RO          129    .text.EINT3_IRQHandler  ov7670_lpc1768.o
    0x000015f6   0x000015f6   0x00000002   PAD
    0x000015f8   0x000015f8   0x00000032   Code   RO            2    .text.GetASCIICode  asciilib.o
    0x0000162a   0x0000162a   0x00000002   PAD
    0x0000162c   0x0000162c   0x000001dc   Code   RO          166    .text.I2C0_Control  i2c_lpc17xx.o
    0x00001808   0x00001808   0x0000000c   Code   RO          164    .text.I2C0_GetDataCount  i2c_lpc17xx.o
    0x00001814   0x00001814   0x0000000c   Code   RO          168    .text.I2C0_GetStatus  i2c_lpc17xx.o
    0x00001820   0x00001820   0x00000314   Code   RO          144    .text.I2C0_IRQHandler  i2c_lpc17xx.o
    0x00001b34   0x00001b34   0x00000056   Code   RO          150    .text.I2C0_Initialize  i2c_lpc17xx.o
    0x00001b8a   0x00001b8a   0x00000002   PAD
    0x00001b8c   0x00001b8c   0x000000a4   Code   RO          158    .text.I2C0_MasterReceive  i2c_lpc17xx.o
    0x00001c30   0x00001c30   0x000000a2   Code   RO          156    .text.I2C0_MasterTransmit  i2c_lpc17xx.o
    0x00001cd2   0x00001cd2   0x00000002   PAD
    0x00001cd4   0x00001cd4   0x00000106   Code   RO          154    .text.I2C0_PowerControl  i2c_lpc17xx.o
    0x00001dda   0x00001dda   0x00000002   PAD
    0x00001ddc   0x00001ddc   0x0000006c   Code   RO          162    .text.I2C0_SlaveReceive  i2c_lpc17xx.o
    0x00001e48   0x00001e48   0x0000006c   Code   RO          160    .text.I2C0_SlaveTransmit  i2c_lpc17xx.o
    0x00001eb4   0x00001eb4   0x0000003a   Code   RO          152    .text.I2C0_Uninitialize  i2c_lpc17xx.o
    0x00001eee   0x00001eee   0x00000002   PAD
    0x00001ef0   0x00001ef0   0x0000000a   Code   RO          146    .text.I2C_GetVersion  i2c_lpc17xx.o
    0x00001efa   0x00001efa   0x00000002   PAD
    0x00001efc   0x00001efc   0x00000074   Code   RO          265    .text.PIN_Configure  pin_lpc17xx.o
    0x00001f70   0x00001f70   0x0000001e   Code   RO          269    .text.PIN_ConfigureI2C0Pins  pin_lpc17xx.o
    0x00001f8e   0x00001f8e   0x00000002   PAD
    0x00001f90   0x00001f90   0x00000154   Code   RO          293    .text.SystemInit    system_lpc17xx.o
    0x000020e4   0x000020e4   0x000002bc   Code   RO          183    .text.UART0_IRQHandler  uart_lpc17xx.o
    0x000023a0   0x000023a0   0x0000002a   Code   RO           47    .text.callback_frame  main.o
    0x000023ca   0x000023ca   0x00000002   PAD
    0x000023cc   0x000023cc   0x0000000e   Code   RO           51    .text.callback_pixel  main.o
    0x000023da   0x000023da   0x00000002   PAD
    0x000023dc   0x000023dc   0x0000000c   Code   RO           49    .text.callback_row  main.o
    0x000023e8   0x000023e8   0x000001b8   Code   RO           38    .text.init_ILI9325  lcd_ili9325.o
    0x000025a0   0x000025a0   0x00000026   Code   RO           65    .text.lcdConfiguration  open1768_lcd.o
    0x000025c6   0x000025c6   0x00000002   PAD
    0x000025c8   0x000025c8   0x00000072   Code   RO           75    .text.lcdWriteData  open1768_lcd.o
    0x0000263a   0x0000263a   0x00000002   PAD
    0x0000263c   0x0000263c   0x000000a2   Code   RO           73    .text.lcdWriteIndex  open1768_lcd.o
    0x000026de   0x000026de   0x00000002   PAD
    0x000026e0   0x000026e0   0x000000fe   Code   RO           79    .text.lcdWriteReg   open1768_lcd.o
    0x000027de   0x000027de   0x00000002   PAD
    0x000027e0   0x000027e0   0x0000002c   Code   RO           18    .text.lcd_flush     lcd_ctrl.o
    0x0000280c   0x0000280c   0x0000000e   Code   RO           26    .text.lcd_img_pixel  lcd_ctrl.o
    0x0000281a   0x0000281a   0x00000002   PAD
    0x0000281c   0x0000281c   0x0000002e   Code   RO           24    .text.lcd_img_row   lcd_ctrl.o
    0x0000284a   0x0000284a   0x00000002   PAD
    0x0000284c   0x0000284c   0x00000024   Code   RO           22    .text.lcd_img_start  lcd_ctrl.o
    0x00002870   0x00002870   0x0000000e   Code   RO           12    .text.lcd_init      lcd_ctrl.o
    0x0000287e   0x0000287e   0x00000002   PAD
    0x00002880   0x00002880   0x00000004   Code   RO           20    .text.lcd_row       lcd_ctrl.o
    0x00002884   0x00002884   0x00000034   Code   RO           16    .text.lcd_write     lcd_ctrl.o
    0x000028b8   0x000028b8   0x000000e4   Code   RO           14    .text.lcd_write_str  lcd_ctrl.o
    0x0000299c   0x0000299c   0x00000064   Code   RO           53    .text.main          main.o
    0x00002a00   0x00002a00   0x0000004c   Code   RO           93    .text.ov_error_what  ov7670.o
    0x00002a4c   0x00002a4c   0x0000000a   Code   RO          133    .text.ov_get_handle  ov7670_lpc1768.o
    0x00002a56   0x00002a56   0x00000002   PAD
    0x00002a58   0x00002a58   0x00000002   Code   RO          109    .text.ov_href_down  ov7670.o
    0x00002a5a   0x00002a5a   0x00000002   PAD
    0x00002a5c   0x00002a5c   0x00000068   Code   RO          107    .text.ov_href_up    ov7670.o
    0x00002ac4   0x00002ac4   0x000000b2   Code   RO           95    .text.ov_init       ov7670.o
    0x00002b76   0x00002b76   0x00000002   PAD
    0x00002b78   0x00002b78   0x0000006c   Code   RO          121    .text.ov_lpc1768_i2c_get_reg  ov7670_lpc1768.o
    0x00002be4   0x00002be4   0x00000048   Code   RO          123    .text.ov_lpc1768_i2c_set_reg  ov7670_lpc1768.o
    0x00002c2c   0x00002c2c   0x0000023c   Code   RO          131    .text.ov_lpc1768_init  ov7670_lpc1768.o
    0x00002e68   0x00002e68   0x000003b2   Code   RO          111    .text.ov_set_res    ov7670.o
    0x0000321a   0x0000321a   0x00000002   PAD
    0x0000321c   0x0000321c   0x00000012   Code   RO          105    .text.ov_vsync      ov7670.o
    0x0000322e   0x0000322e   0x00000002   PAD
    0x00003230   0x00003230   0x00000024   Code   RO          127    .text.read_data     ov7670_lpc1768.o
    0x00003254   0x00003254   0x000000d6   Code   RO          125    .text.wait_for_pclk  ov7670_lpc1768.o
    0x0000332a   0x0000332a   0x0000003e   Code   RO          471    CL$$btod_d2e        c_w.l(btod.o)
    0x00003368   0x00003368   0x00000046   Code   RO          473    CL$$btod_d2e_denorm_low  c_w.l(btod.o)
    0x000033ae   0x000033ae   0x00000060   Code   RO          472    CL$$btod_d2e_norm_op1  c_w.l(btod.o)
    0x0000340e   0x0000340e   0x00000002   PAD
    0x00003410   0x00003410   0x00000338   Code   RO          481    CL$$btod_div_common  c_w.l(btod.o)
    0x00003748   0x00003748   0x000000dc   Code   RO          478    CL$$btod_e2e        c_w.l(btod.o)
    0x00003824   0x00003824   0x0000002a   Code   RO          475    CL$$btod_ediv       c_w.l(btod.o)
    0x0000384e   0x0000384e   0x0000002a   Code   RO          474    CL$$btod_emul       c_w.l(btod.o)
    0x00003878   0x00003878   0x00000244   Code   RO          480    CL$$btod_mult_common  c_w.l(btod.o)
    0x00003abc   0x00003abc   0x00000028   Code   RO          513    i.__ARM_fpclassify  m_ws.l(fpclassify.o)
    0x00003ae4   0x00003ae4   0x0000000e   Code   RO          377    i._is_digit         c_w.l(__printf_wp.o)
    0x00003af2   0x00003af2   0x00000002   PAD
    0x00003af4   0x00003af4   0x0000002c   Code   RO          496    locale$$code        c_w.l(lc_numeric_c.o)
    0x00003b20   0x00003b20   0x0000002c   Code   RO          525    locale$$code        c_w.l(lc_ctype_c.o)
    0x00003b4c   0x00003b4c   0x00000004   Code   RO          412    x$fpl$printf1       fz_ws.l(printf1.o)
    0x00003b50   0x00003b50   0x00000004   Code   RO          414    x$fpl$printf2       fz_ws.l(printf2.o)
    0x00003b54   0x00003b54   0x00000000   Code   RO          512    x$fpl$usenofp       fz_ws.l(usenofp.o)
    0x00003b54   0x00003b54   0x00000008   Data   RO          336    .constdata          c_w.l(_printf_wctomb.o)
    0x00003b5c   0x00003b5c   0x00000028   Data   RO          365    .constdata          c_w.l(_printf_hex_int_ll_ptr.o)
    0x00003b84   0x00003b84   0x00000011   Data   RO          385    .constdata          c_w.l(__printf_flags_ss_wp.o)
    0x00003b95   0x00003b95   0x00000026   Data   RO          446    .constdata          c_w.l(_printf_fp_hex.o)
    0x00003bbb   0x00003bbb   0x00000001   PAD
    0x00003bbc   0x00003bbc   0x00000094   Data   RO          469    .constdata          c_w.l(bigflt0.o)
    0x00003c50   0x00003c50   0x00000be0   Data   RO            4    .rodata.AsciiLib    asciilib.o
    0x00004830   0x00004830   0x00000030   Data   RO          171    .rodata.Driver_I2C0  i2c_lpc17xx.o
    0x00004860   0x00004860   0x00000020   Data   RO          660    Region$$Table       anon$$obj.o
    0x00004880   0x00004880   0x0000001c   Data   RO          495    locale$$data        c_w.l(lc_numeric_c.o)
    0x0000489c   0x0000489c   0x00000110   Data   RO          524    locale$$data        c_w.l(lc_ctype_c.o)


    Execution Region ER_RW (Exec base: 0x10000000, Load base: 0x000049ac, Size: 0x00000008, Max: 0xffffffff, ABSOLUTE)

    Exec Addr    Load Addr    Size         Type   Attr      Idx    E Section Name        Object

    0x10000000   0x000049ac   0x00000004   Data   RW          170    .data.I2C0_PIN      i2c_lpc17xx.o
    0x10000004   0x000049b0   0x00000004   Data   RW          295    .data.SystemCoreClock  system_lpc17xx.o


    Execution Region ER_ZI (Exec base: 0x10000008, Load base: 0x000049b4, Size: 0x00000390, Max: 0xffffffff, ABSOLUTE)

    Exec Addr    Load Addr    Size         Type   Attr      Idx    E Section Name        Object

    0x10000008        -       0x00000060   Zero   RW          516    .bss                c_w.l(libspace.o)
    0x10000068        -       0x00000004   Zero   RW          256    .bss.Channel_active  gpdma_lpc17xx.o
    0x1000006c        -       0x000000a0   Zero   RW          255    .bss.Channel_info   gpdma_lpc17xx.o
    0x1000010c        -       0x00000024   Zero   RW          172    .bss.I2C0_Ctrl      i2c_lpc17xx.o
    0x10000130        -       0x00000034   Zero   RW          225    .bss.USART0_Info    uart_lpc17xx.o
    0x10000164        -       0x00000008   Zero   RW           55    .bss.img            main.o
    0x1000016c        -       0x00000028   Zero   RW          135    .bss.ov             ov7670_lpc1768.o
    0x10000194   0x000049b4   0x00000004   PAD
    0x10000198        -       0x00000000   Zero   RW          279    HEAP                startup_lpc17xx.o
    0x10000198        -       0x00000200   Zero   RW          278    STACK               startup_lpc17xx.o


==============================================================================

Image component sizes


      Code (inc. data)   RO Data    RW Data    ZI Data      Debug   Object Name

        50          0       3040          0          0        723   asciilib.o
       350          0          0          0        164       7809   gpdma_lpc17xx.o
      2250         74         48          4         36      14383   i2c_lpc17xx.o
       438          0          0          0          0       3609   lcd_ctrl.o
       440          0          0          0          0        799   lcd_ili9325.o
       168         12          0          0          8       1868   main.o
       568          0          0          0          0       6365   open1768_lcd.o
      1324         64          0          0          0       6828   ov7670.o
      1106          0          0          0         40       9585   ov7670_lpc1768.o
       146          0          0          0          0       2543   pin_lpc17xx.o
        64         26        204          0        512       1060   startup_lpc17xx.o
       340          0          0          4          0       2209   system_lpc17xx.o
       700          0          0          0         52      21543   uart_lpc17xx.o

    ----------------------------------------------------------------------
      7990        176       3324          8        816      79324   Object Totals
         0          0         32          0          0          0   (incl. Generated)
        46          0          0          0          4          0   (incl. Padding)

    ----------------------------------------------------------------------

      Code (inc. data)   RO Data    RW Data    ZI Data      Debug   Library Member Name

         8          0          0          0          0         68   __main.o
       392          4         17          0          0         92   __printf_flags_ss_wp.o
        14          0          0          0          0         68   __printf_wp.o
         0          0          0          0          0          0   __rtentry.o
        12          0          0          0          0          0   __rtentry2.o
         6          0          0          0          0          0   __rtentry4.o
        52          8          0          0          0          0   __scatter.o
        26          0          0          0          0          0   __scatter_copy.o
        28          0          0          0          0          0   __scatter_zi.o
        72          0          0          0          0         96   _c16rtomb.o
         6          0          0          0          0          0   _printf_a.o
         6          0          0          0          0          0   _printf_c.o
        44          0          0          0          0        108   _printf_char.o
        48          6          0          0          0         96   _printf_char_common.o
        40          0          0          0          0         68   _printf_charcount.o
         6          0          0          0          0          0   _printf_d.o
       120         16          0          0          0         92   _printf_dec.o
         6          0          0          0          0          0   _printf_e.o
         6          0          0          0          0          0   _printf_f.o
      1052          0          0          0          0        148   _printf_fp_dec.o
       764          8         38          0          0        100   _printf_fp_hex.o
       128         16          0          0          0         84   _printf_fp_infnan.o
         6          0          0          0          0          0   _printf_g.o
       148          4         40          0          0        160   _printf_hex_int_ll_ptr.o
         6          0          0          0          0          0   _printf_i.o
       178          0          0          0          0         88   _printf_intcommon.o
        10          0          0          0          0          0   _printf_l.o
         6          0          0          0          0          0   _printf_lc.o
        10          0          0          0          0          0   _printf_ll.o
         6          0          0          0          0          0   _printf_lld.o
         6          0          0          0          0          0   _printf_lli.o
         6          0          0          0          0          0   _printf_llo.o
         6          0          0          0          0          0   _printf_llu.o
         6          0          0          0          0          0   _printf_llx.o
       124         16          0          0          0         92   _printf_longlong_dec.o
         6          0          0          0          0          0   _printf_ls.o
         6          0          0          0          0          0   _printf_n.o
         6          0          0          0          0          0   _printf_o.o
       112          8          0          0          0        124   _printf_oct_int_ll.o
         6          0          0          0          0          0   _printf_p.o
        78          0          0          0          0        108   _printf_pad.o
         0          0          0          0          0          0   _printf_percent.o
         4          0          0          0          0          0   _printf_percent_end.o
         6          0          0          0          0          0   _printf_s.o
        82          0          0          0          0         80   _printf_str.o
        36          0          0          0          0         84   _printf_truncate.o
         6          0          0          0          0          0   _printf_u.o
        44          0          0          0          0        108   _printf_wchar.o
       188          6          8          0          0         92   _printf_wctomb.o
         6          0          0          0          0          0   _printf_x.o
        10          0          0          0          0         68   _sputc.o
       228          4        148          0          0         96   bigflt0.o
      1936        128          0          0          0        668   btod.o
        18          0          0          0          0         80   exit.o
         6          0          0          0          0        152   heapauxi.o
         0          0          0          0          0          0   indicate_semi.o
        44         10        272          0          0         76   lc_ctype_c.o
        44         10         28          0          0         76   lc_numeric_c.o
         2          0          0          0          0          0   libinit.o
        30          0          0          0          0          0   libinit2.o
         2          0          0          0          0          0   libshutdown.o
         2          0          0          0          0          0   libshutdown2.o
         8          4          0          0         96         68   libspace.o
       138          0          0          0          0         80   lludiv10.o
        16          4          0          0          0         76   rt_ctype_table.o
         8          4          0          0          0         68   rt_locale_intlibspace.o
       138          0          0          0          0         68   rt_memcpy_v6.o
       100          0          0          0          0         80   rt_memcpy_w.o
         2          0          0          0          0          0   rtexit.o
        10          0          0          0          0          0   rtexit2.o
       128          0          0          0          0         68   strcmpv7m.o
        12          4          0          0          0         68   sys_exit.o
        74          0          0          0          0         80   sys_stackheap_outer.o
         2          0          0          0          0         68   use_no_semi.o
        36          4          0          0          0         76   vsprintf.o
         4          0          0          0          0         68   printf1.o
         4          0          0          0          0         68   printf2.o
         0          0          0          0          0          0   usenofp.o
        40          0          0          0          0         68   fpclassify.o

    ----------------------------------------------------------------------
      6994        264        552          0         96       4176   Library Totals
        12          0          1          0          0          0   (incl. Padding)

    ----------------------------------------------------------------------

      Code (inc. data)   RO Data    RW Data    ZI Data      Debug   Library Name

      6934        264        551          0         96       3972   c_w.l
         8          0          0          0          0        136   fz_ws.l
        40          0          0          0          0         68   m_ws.l

    ----------------------------------------------------------------------
      6994        264        552          0         96       4176   Library Totals

    ----------------------------------------------------------------------

==============================================================================


      Code (inc. data)   RO Data    RW Data    ZI Data      Debug   

     14984        440       3876          8        912      81040   Grand Totals
     14984        440       3876          8        912      81040   ELF Image Totals
     14984        440       3876          8          0          0   ROM Totals

==============================================================================

    Total RO  Size (Code + RO Data)                18860 (  18.42kB)
    Total RW  Size (RW Data + ZI Data)               920 (   0.90kB)
    Total ROM Size (Code + RO Data + RW Data)      18868 (  18.43kB)

==============================================================================

