Component: Arm Compiler for Embedded 6.19 Tool: armlink [5e73cb00]

==============================================================================

Section Cross References

    asciilib.o(.text.GetASCIICode) refers to asciilib.o(.rodata.AsciiLib) for AsciiLib
    asciilib.o(.ARM.exidx.text.GetASCIICode) refers to asciilib.o(.text.GetASCIICode) for [Anonymous Symbol]
    lcd_ctrl.o(.text.lcd_init) refers to open1768_lcd.o(.text.lcdConfiguration) for lcdConfiguration
    lcd_ctrl.o(.text.lcd_init) refers to lcd_ili9325.o(.text.init_ILI9325) for init_ILI9325
    lcd_ctrl.o(.ARM.exidx.text.lcd_init) refers to lcd_ctrl.o(.text.lcd_init) for [Anonymous Symbol]
    lcd_ctrl.o(.text.lcd_write_str) refers to asciilib.o(.text.GetASCIICode) for GetASCIICode
    lcd_ctrl.o(.text.lcd_write_str) refers to open1768_lcd.o(.text.lcdWriteReg) for lcdWriteReg
    lcd_ctrl.o(.text.lcd_write_str) refers to open1768_lcd.o(.text.lcdWriteIndex) for lcdWriteIndex
    lcd_ctrl.o(.text.lcd_write_str) refers to open1768_lcd.o(.text.lcdWriteData) for lcdWriteData
    lcd_ctrl.o(.ARM.exidx.text.lcd_write_str) refers to lcd_ctrl.o(.text.lcd_write_str) for [Anonymous Symbol]
    lcd_ctrl.o(.text.lcd_write) refers to vsprintf.o(.text) for vsprintf
    lcd_ctrl.o(.text.lcd_write) refers to lcd_ctrl.o(.text.lcd_write_str) for lcd_write_str
    lcd_ctrl.o(.ARM.exidx.text.lcd_write) refers to lcd_ctrl.o(.text.lcd_write) for [Anonymous Symbol]
    lcd_ctrl.o(.text.lcd_flush) refers to open1768_lcd.o(.text.lcdWriteReg) for lcdWriteReg
    lcd_ctrl.o(.text.lcd_flush) refers to open1768_lcd.o(.text.lcdWriteIndex) for lcdWriteIndex
    lcd_ctrl.o(.text.lcd_flush) refers to open1768_lcd.o(.text.lcdWriteData) for lcdWriteData
    lcd_ctrl.o(.ARM.exidx.text.lcd_flush) refers to lcd_ctrl.o(.text.lcd_flush) for [Anonymous Symbol]
    lcd_ctrl.o(.ARM.exidx.text.lcd_row) refers to lcd_ctrl.o(.text.lcd_row) for [Anonymous Symbol]
    lcd_ctrl.o(.ARM.exidx.text.lcd_column) refers to lcd_ctrl.o(.text.lcd_column) for [Anonymous Symbol]
    lcd_ctrl.o(.ARM.exidx.text.lcd_rgb) refers to lcd_ctrl.o(.text.lcd_rgb) for [Anonymous Symbol]
    lcd_ctrl.o(.text.lcd_img_start) refers to open1768_lcd.o(.text.lcdWriteReg) for lcdWriteReg
    lcd_ctrl.o(.text.lcd_img_start) refers to open1768_lcd.o(.text.lcdWriteIndex) for lcdWriteIndex
    lcd_ctrl.o(.ARM.exidx.text.lcd_img_start) refers to lcd_ctrl.o(.text.lcd_img_start) for [Anonymous Symbol]
    lcd_ctrl.o(.text.lcd_img_row) refers to open1768_lcd.o(.text.lcdWriteReg) for lcdWriteReg
    lcd_ctrl.o(.text.lcd_img_row) refers to open1768_lcd.o(.text.lcdWriteIndex) for lcdWriteIndex
    lcd_ctrl.o(.ARM.exidx.text.lcd_img_row) refers to lcd_ctrl.o(.text.lcd_img_row) for [Anonymous Symbol]
    lcd_ctrl.o(.text.lcd_img_pixel) refers to open1768_lcd.o(.text.lcdWriteData) for lcdWriteData
    lcd_ctrl.o(.ARM.exidx.text.lcd_img_pixel) refers to lcd_ctrl.o(.text.lcd_img_pixel) for [Anonymous Symbol]
    lcd_ili9325.o(.ARM.exidx.text.delay_ms) refers to lcd_ili9325.o(.text.delay_ms) for [Anonymous Symbol]
    lcd_ili9325.o(.text.init_ILI9325) refers to open1768_lcd.o(.text.lcdWriteReg) for lcdWriteReg
    lcd_ili9325.o(.ARM.exidx.text.init_ILI9325) refers to lcd_ili9325.o(.text.init_ILI9325) for [Anonymous Symbol]
    main.o(.text.display_callback_frame) refers to ov7670_lpc1768.o(.text.ov_lpc1768_get_handle) for ov_lpc1768_get_handle
    main.o(.text.display_callback_frame) refers to main.o(.bss.img) for img
    main.o(.text.display_callback_frame) refers to lcd_ctrl.o(.text.lcd_img_start) for lcd_img_start
    main.o(.ARM.exidx.text.display_callback_frame) refers to main.o(.text.display_callback_frame) for [Anonymous Symbol]
    main.o(.text.display_callback_row) refers to main.o(.bss.img) for img
    main.o(.text.display_callback_row) refers to lcd_ctrl.o(.text.lcd_img_row) for lcd_img_row
    main.o(.ARM.exidx.text.display_callback_row) refers to main.o(.text.display_callback_row) for [Anonymous Symbol]
    main.o(.text.display_callback_pixel) refers to main.o(.bss.img) for img
    main.o(.text.display_callback_pixel) refers to lcd_ctrl.o(.text.lcd_img_pixel) for lcd_img_pixel
    main.o(.ARM.exidx.text.display_callback_pixel) refers to main.o(.text.display_callback_pixel) for [Anonymous Symbol]
    main.o(.text.EINT0_IRQHandler) refers to main.o(.bss..L_MergedGlobals) for .L_MergedGlobals
    main.o(.text.EINT0_IRQHandler) refers to menu.o(.text.menu_is_on) for menu_is_on
    main.o(.text.EINT0_IRQHandler) refers to menu.o(.text.menu_next_setting) for menu_next_setting
    main.o(.text.EINT0_IRQHandler) refers to ov7670_lpc1768.o(.text.ov_lpc1768_stop) for ov_lpc1768_stop
    main.o(.text.EINT0_IRQHandler) refers to menu.o(.text.menu_draw) for menu_draw
    main.o(.ARM.exidx.text.EINT0_IRQHandler) refers to main.o(.text.EINT0_IRQHandler) for [Anonymous Symbol]
    main.o(.text.EINT1_IRQHandler) refers to main.o(.bss..L_MergedGlobals) for .L_MergedGlobals
[...]
    .ARM.Collect$$libinit$$0000001F          0x000001ee   Section        0  libinit2.o(.ARM.Collect$$libinit$$0000001F)
    .ARM.Collect$$libinit$$00000021          0x000001ee   Section        0  libinit2.o(.ARM.Collect$$libinit$$00000021)
    .ARM.Collect$$libinit$$00000023          0x000001ee   Section        0  libinit2.o(.ARM.Collect$$libinit$$00000023)
    .ARM.Collect$$libinit$$00000025          0x000001ee   Section        0  libinit2.o(.ARM.Collect$$libinit$$00000025)
    .ARM.Collect$$libinit$$00000027          0x000001ee   Section        0  libinit2.o(.ARM.Collect$$libinit$$00000027)
    .ARM.Collect$$libinit$$0000002E          0x000001ee   Section        0  libinit2.o(.ARM.Collect$$libinit$$0000002E)
    .ARM.Collect$$libinit$$00000030          0x000001ee   Section        0  libinit2.o(.ARM.Collect$$libinit$$00000030)
    .ARM.Collect$$libinit$$00000032          0x000001ee   Section        0  libinit2.o(.ARM.Collect$$libinit$$00000032)
    .ARM.Collect$$libinit$$00000034          0x000001ee   Section        0  libinit2.o(.ARM.Collect$$libinit$$00000034)
    .ARM.Collect$$libinit$$00000035          0x000001ee   Section        2  libinit2.o(.ARM.Collect$$libinit$$00000035)
    .ARM.Collect$$libshutdown$$00000000      0x000001f0   Section        2  libshutdown.o(.ARM.Collect$$libshutdown$$00000000)
    .ARM.Collect$$libshutdown$$00000002      0x000001f2   Section        0  libshutdown2.o(.ARM.Collect$$libshutdown$$00000002)
    .ARM.Collect$$libshutdown$$00000004      0x000001f2   Section        0  libshutdown2.o(.ARM.Collect$$libshutdown$$00000004)
    .ARM.Collect$$libshutdown$$00000007      0x000001f2   Section        0  libshutdown2.o(.ARM.Collect$$libshutdown$$00000007)
    .ARM.Collect$$libshutdown$$0000000A      0x000001f2   Section        0  libshutdown2.o(.ARM.Collect$$libshutdown$$0000000A)
    .ARM.Collect$$libshutdown$$0000000C      0x000001f2   Section        0  libshutdown2.o(.ARM.Collect$$libshutdown$$0000000C)
    .ARM.Collect$$libshutdown$$0000000F      0x000001f2   Section        0  libshutdown2.o(.ARM.Collect$$libshutdown$$0000000F)
    .ARM.Collect$$libshutdown$$00000010      0x000001f2   Section        2  libshutdown2.o(.ARM.Collect$$libshutdown$$00000010)
    .ARM.Collect$$rtentry$$00000000          0x000001f4   Section        0  __rtentry.o(.ARM.Collect$$rtentry$$00000000)
    .ARM.Collect$$rtentry$$00000002          0x000001f4   Section        0  __rtentry2.o(.ARM.Collect$$rtentry$$00000002)
    .ARM.Collect$$rtentry$$00000004          0x000001f4   Section        6  __rtentry4.o(.ARM.Collect$$rtentry$$00000004)
    .ARM.Collect$$rtentry$$00000009          0x000001fa   Section        0  __rtentry2.o(.ARM.Collect$$rtentry$$00000009)
    .ARM.Collect$$rtentry$$0000000A          0x000001fa   Section        4  __rtentry2.o(.ARM.Collect$$rtentry$$0000000A)
    .ARM.Collect$$rtentry$$0000000C          0x000001fe   Section        0  __rtentry2.o(.ARM.Collect$$rtentry$$0000000C)
    .ARM.Collect$$rtentry$$0000000D          0x000001fe   Section        8  __rtentry2.o(.ARM.Collect$$rtentry$$0000000D)
    .ARM.Collect$$rtexit$$00000000           0x00000206   Section        2  rtexit.o(.ARM.Collect$$rtexit$$00000000)
    .ARM.Collect$$rtexit$$00000002           0x00000208   Section        0  rtexit2.o(.ARM.Collect$$rtexit$$00000002)
    .ARM.Collect$$rtexit$$00000003           0x00000208   Section        4  rtexit2.o(.ARM.Collect$$rtexit$$00000003)
    .ARM.Collect$$rtexit$$00000004           0x0000020c   Section        6  rtexit2.o(.ARM.Collect$$rtexit$$00000004)
    .text                                    0x00000214   Section       60  startup_lpc17xx.o(.text)
    .text                                    0x00000250   Section        0  vsprintf.o(.text)
    .text                                    0x00000274   Section        0  strlen.o(.text)
    .text                                    0x000002b2   Section        0  heapauxi.o(.text)
    .text                                    0x000002b8   Section        0  _printf_truncate.o(.text)
    .text                                    0x000002dc   Section        0  _sputc.o(.text)
    .text                                    0x000002e8   Section       16  rt_ctype_table.o(.text)
    .text                                    0x000002f8   Section        2  use_no_semi.o(.text)
    .text                                    0x000002fa   Section        0  indicate_semi.o(.text)
    x$fpl$usenofp                            0x000002fa   Section        0  usenofp.o(x$fpl$usenofp)
    .ARM.__at_0x02FC                         0x000002fc   Section        4  startup_lpc17xx.o(.ARM.__at_0x02FC)
    .text                                    0x00000300   Section      138  rt_memcpy_v6.o(.text)
    .text                                    0x0000038a   Section        0  _printf_pad.o(.text)
    .text                                    0x000003d8   Section        0  _printf_str.o(.text)
    .text                                    0x0000042c   Section        0  _printf_dec.o(.text)
    .text                                    0x000004a4   Section        0  _printf_charcount.o(.text)
    _printf_input_char                       0x000004cd   Thumb Code    10  _printf_char_common.o(.text)
    .text                                    0x000004cc   Section        0  _printf_char_common.o(.text)
    .text                                    0x000004fc   Section        0  _printf_wctomb.o(.text)
    .text                                    0x000005b8   Section        0  _printf_longlong_dec.o(.text)
    _printf_longlong_oct_internal            0x00000635   Thumb Code     0  _printf_oct_int_ll.o(.text)
    .text                                    0x00000634   Section        0  _printf_oct_int_ll.o(.text)
    _printf_hex_common                       0x000006a5   Thumb Code     0  _printf_hex_int_ll_ptr.o(.text)
    .text                                    0x000006a4   Section        0  _printf_hex_int_ll_ptr.o(.text)
    .text                                    0x00000738   Section        0  __printf_flags_ss_wp.o(.text)
    .text                                    0x000008c0   Section      100  rt_memcpy_w.o(.text)
    .text                                    0x00000924   Section      138  lludiv10.o(.text)
    .text                                    0x000009ae   Section        0  _printf_intcommon.o(.text)
    _fp_digits                               0x00000a61   Thumb Code   432  _printf_fp_dec.o(.text)
    .text                                    0x00000a60   Section        0  _printf_fp_dec.o(.text)
    .text                                    0x00000e7c   Section        0  _printf_fp_hex.o(.text)
    .text                                    0x00001178   Section        0  _printf_char.o(.text)
    .text                                    0x000011a4   Section        0  _printf_wchar.o(.text)
    .text                                    0x000011d0   Section        0  _c16rtomb.o(.text)
    .text                                    0x00001218   Section       74  sys_stackheap_outer.o(.text)
    .text                                    0x00001264   Section        8  rt_locale_intlibspace.o(.text)
    .text                                    0x0000126c   Section        0  _printf_fp_infnan.o(.text)
    .text                                    0x000012ec   Section        0  bigflt0.o(.text)
    .text                                    0x000013d0   Section        0  exit.o(.text)
    .text                                    0x000013e4   Section        8  libspace.o(.text)
    .text                                    0x000013ec   Section      128  strcmpv7m.o(.text)
    .text                                    0x0000146c   Section        0  sys_exit.o(.text)
    [Anonymous Symbol]                       0x00001478   Section        0  gpdma_lpc17xx.o(.text.DMA_IRQHandler)
    [Anonymous Symbol]                       0x000015d8   Section        0  main.o(.text.EINT0_IRQHandler)
    [Anonymous Symbol]                       0x00001610   Section        0  main.o(.text.EINT1_IRQHandler)
    [Anonymous Symbol]                       0x00001648   Section        0  ov7670_lpc1768.o(.text.EINT3_IRQHandler)
    [Anonymous Symbol]                       0x00001688   Section        0  asciilib.o(.text.GetASCIICode)
    I2C0_Control                             0x000016bd   Thumb Code   448  i2c_lpc17xx.o(.text.I2C0_Control)
    [Anonymous Symbol]                       0x000016bc   Section        0  i2c_lpc17xx.o(.text.I2C0_Control)
    I2C0_GetDataCount                        0x00001899   Thumb Code    12  i2c_lpc17xx.o(.text.I2C0_GetDataCount)
    [Anonymous Symbol]                       0x00001898   Section        0  i2c_lpc17xx.o(.text.I2C0_GetDataCount)
    I2C0_GetStatus                           0x000018a5   Thumb Code    12  i2c_lpc17xx.o(.text.I2C0_GetStatus)
    [Anonymous Symbol]                       0x000018a4   Section        0  i2c_lpc17xx.o(.text.I2C0_GetStatus)
    [Anonymous Symbol]                       0x000018b0   Section        0  i2c_lpc17xx.o(.text.I2C0_IRQHandler)
    I2C0_Initialize                          0x00001bc5   Thumb Code    86  i2c_lpc17xx.o(.text.I2C0_Initialize)
    [Anonymous Symbol]                       0x00001bc4   Section        0  i2c_lpc17xx.o(.text.I2C0_Initialize)
    I2C0_MasterReceive                       0x00001c1d   Thumb Code   164  i2c_lpc17xx.o(.text.I2C0_MasterReceive)
    [Anonymous Symbol]                       0x00001c1c   Section        0  i2c_lpc17xx.o(.text.I2C0_MasterReceive)
    I2C0_MasterTransmit                      0x00001cc1   Thumb Code   162  i2c_lpc17xx.o(.text.I2C0_MasterTransmit)
    [Anonymous Symbol]                       0x00001cc0   Section        0  i2c_lpc17xx.o(.text.I2C0_MasterTransmit)
    I2C0_PowerControl                        0x00001d65   Thumb Code   262  i2c_lpc17xx.o(.text.I2C0_PowerControl)
    [Anonymous Symbol]                       0x00001d64   Section        0  i2c_lpc17xx.o(.text.I2C0_PowerControl)
    I2C0_SlaveReceive                        0x00001e6d   Thumb Code   108  i2c_lpc17xx.o(.text.I2C0_SlaveReceive)
    [Anonymous Symbol]                       0x00001e6c   Section        0  i2c_lpc17xx.o(.text.I2C0_SlaveReceive)
    I2C0_SlaveTransmit                       0x00001ed9   Thumb Code   108  i2c_lpc17xx.o(.text.I2C0_SlaveTransmit)
    [Anonymous Symbol]                       0x00001ed8   Section        0  i2c_lpc17xx.o(.text.I2C0_SlaveTransmit)
    I2C0_Uninitialize                        0x00001f45   Thumb Code    58  i2c_lpc17xx.o(.text.I2C0_Uninitialize)
    [Anonymous Symbol]                       0x00001f44   Section        0  i2c_lpc17xx.o(.text.I2C0_Uninitialize)
    I2C_GetCapabilities                      0x00001f81   Thumb Code     4  i2c_lpc17xx.o(.text.I2C_GetCapabilities)
    [Anonymous Symbol]                       0x00001f80   Section        0  i2c_lpc17xx.o(.text.I2C_GetCapabilities)
    I2C_GetVersion                           0x00001f85   Thumb Code    10  i2c_lpc17xx.o(.text.I2C_GetVersion)
    [Anonymous Symbol]                       0x00001f84   Section        0  i2c_lpc17xx.o(.text.I2C_GetVersion)
    [Anonymous Symbol]                       0x00001f90   Section        0  pin_lpc17xx.o(.text.PIN_Configure)
    [Anonymous Symbol]                       0x00002004   Section        0  pin_lpc17xx.o(.text.PIN_ConfigureI2C0Pins)
    [Anonymous Symbol]                       0x00002024   Section        0  system_lpc17xx.o(.text.SystemInit)
    [Anonymous Symbol]                       0x00002178   Section        0  main.o(.text.callback_options_menu_exit)
    [Anonymous Symbol]                       0x00002188   Section        0  main.o(.text.display_callback_frame)
    [Anonymous Symbol]                       0x000021c4   Section        0  main.o(.text.display_callback_pixel)
    [Anonymous Symbol]                       0x000021d4   Section        0  main.o(.text.display_callback_row)
    [Anonymous Symbol]                       0x000021e0   Section        0  lcd_ili9325.o(.text.init_ILI9325)
    [Anonymous Symbol]                       0x00002398   Section        0  open1768_lcd.o(.text.lcdConfiguration)
    [Anonymous Symbol]                       0x000023c0   Section        0  open1768_lcd.o(.text.lcdWriteData)
    [Anonymous Symbol]                       0x00002434   Section        0  open1768_lcd.o(.text.lcdWriteIndex)
    [Anonymous Symbol]                       0x000024d8   Section        0  open1768_lcd.o(.text.lcdWriteReg)
    [Anonymous Symbol]                       0x000025d8   Section        0  lcd_ctrl.o(.text.lcd_column)
    [Anonymous Symbol]                       0x000025dc   Section        0  lcd_ctrl.o(.text.lcd_flush)
    [Anonymous Symbol]                       0x00002608   Section        0  lcd_ctrl.o(.text.lcd_img_pixel)
    [Anonymous Symbol]                       0x00002618   Section        0  lcd_ctrl.o(.text.lcd_img_row)
    [Anonymous Symbol]                       0x00002648   Section        0  lcd_ctrl.o(.text.lcd_img_start)
    [Anonymous Symbol]                       0x0000266c   Section        0  lcd_ctrl.o(.text.lcd_init)
    [Anonymous Symbol]                       0x0000267c   Section        0  lcd_ctrl.o(.text.lcd_row)
    [Anonymous Symbol]                       0x00002680   Section        0  lcd_ctrl.o(.text.lcd_write)
    [Anonymous Symbol]                       0x000026b4   Section        0  lcd_ctrl.o(.text.lcd_write_str)
    [Anonymous Symbol]                       0x00002798   Section        0  main.o(.text.main)
    [Anonymous Symbol]                       0x00002a58   Section        0  menu.o(.text.menu_add_setting)
    [Anonymous Symbol]                       0x00002abc   Section        0  menu.o(.text.menu_draw)
    [Anonymous Symbol]                       0x00002c80   Section        0  menu.o(.text.menu_draw_clean)
    [Anonymous Symbol]                       0x00002f6c   Section        0  menu.o(.text.menu_get_selected)
    [Anonymous Symbol]                       0x00002f78   Section        0  menu.o(.text.menu_init)
    [Anonymous Symbol]                       0x00002f88   Section        0  menu.o(.text.menu_is_on)
    [Anonymous Symbol]                       0x00002f8c   Section        0  menu.o(.text.menu_next_option)
    [Anonymous Symbol]                       0x00002fc8   Section        0  menu.o(.text.menu_next_setting)
    [Anonymous Symbol]                       0x00002ff4   Section        0  menu.o(.text.menu_setting_add_option)
    [Anonymous Symbol]                       0x00003004   Section        0  ov7670.o(.text.ov_error_what)
    [Anonymous Symbol]                       0x00003050   Section        0  ov7670.o(.text.ov_href_up)
    [Anonymous Symbol]                       0x00003134   Section        0  ov7670.o(.text.ov_init)
    [Anonymous Symbol]                       0x000031e8   Section        0  ov7670_lpc1768.o(.text.ov_lpc1768_get_handle)
    [Anonymous Symbol]                       0x000031f4   Section        0  ov7670_lpc1768.o(.text.ov_lpc1768_i2c_get_reg)
    [Anonymous Symbol]                       0x00003260   Section        0  ov7670_lpc1768.o(.text.ov_lpc1768_i2c_set_reg)
    [Anonymous Symbol]                       0x000032a8   Section        0  ov7670_lpc1768.o(.text.ov_lpc1768_init)
    [Anonymous Symbol]                       0x00003498   Section        0  ov7670_lpc1768.o(.text.ov_lpc1768_register_callbacks)
    [Anonymous Symbol]                       0x000034a8   Section        0  ov7670_lpc1768.o(.text.ov_lpc1768_set_res)
    [Anonymous Symbol]                       0x000034b8   Section        0  ov7670_lpc1768.o(.text.ov_lpc1768_start)
    [Anonymous Symbol]                       0x000034e8   Section        0  ov7670_lpc1768.o(.text.ov_lpc1768_stop)
    [Anonymous Symbol]                       0x00003524   Section        0  ov7670.o(.text.ov_set_res)
    [Anonymous Symbol]                       0x00003914   Section        0  ov7670.o(.text.ov_start)
    [Anonymous Symbol]                       0x0000391c   Section        0  ov7670.o(.text.ov_stop)
    [Anonymous Symbol]                       0x00003924   Section        0  ov7670.o(.text.ov_vsync)
    [Anonymous Symbol]                       0x00003940   Section        0  ov7670_lpc1768.o(.text.read_data)
    [Anonymous Symbol]                       0x00003964   Section        0  main.o(.text.sender_callback_end)
    [Anonymous Symbol]                       0x00003974   Section        0  sender.o(.text.sender_callback_frame)
    [Anonymous Symbol]                       0x00003994   Section        0  sender.o(.text.sender_callback_pixel)
    [Anonymous Symbol]                       0x00003b60   Section        0  sender.o(.text.sender_callback_row)
    [Anonymous Symbol]                       0x00003b90   Section        0  sender.o(.text.sender_get_state)
    [Anonymous Symbol]                       0x00003b9c   Section        0  sender.o(.text.sender_init)
    [Anonymous Symbol]                       0x00003bd8   Section        0  sender.o(.text.sender_send)
    [Anonymous Symbol]                       0x00003c5c   Section        0  sender.o(.text.sender_send_buffer)
    [Anonymous Symbol]                       0x00003d34   Section        0  uart.o(.text.uart_init)
    [Anonymous Symbol]                       0x00003d70   Section        0  uart.o(.text.uart_send_data)
    [Anonymous Symbol]                       0x00003e84   Section        0  uart.o(.text.uart_send_strln)
    [Anonymous Symbol]                       0x00003fd4   Section        0  ov7670_lpc1768.o(.text.wait_for_pclk)
    CL$$btod_d2e                             0x000040aa   Section       62  btod.o(CL$$btod_d2e)
    CL$$btod_d2e_denorm_low                  0x000040e8   Section       70  btod.o(CL$$btod_d2e_denorm_low)
    CL$$btod_d2e_norm_op1                    0x0000412e   Section       96  btod.o(CL$$btod_d2e_norm_op1)
    CL$$btod_div_common                      0x00004190   Section      824  btod.o(CL$$btod_div_common)
    CL$$btod_e2e                             0x000044c8   Section      220  btod.o(CL$$btod_e2e)
    CL$$btod_ediv                            0x000045a4   Section       42  btod.o(CL$$btod_ediv)
    CL$$btod_emul                            0x000045ce   Section       42  btod.o(CL$$btod_emul)
    CL$$btod_mult_common                     0x000045f8   Section      580  btod.o(CL$$btod_mult_common)
    i.__ARM_fpclassify                       0x0000483c   Section        0  fpclassify.o(i.__ARM_fpclassify)
    i._is_digit                              0x00004864   Section        0  __printf_wp.o(i._is_digit)
    locale$$code                             0x00004874   Section       44  lc_numeric_c.o(locale$$code)
    locale$$code                             0x000048a0   Section       44  lc_ctype_c.o(locale$$code)
    x$fpl$printf1                            0x000048cc   Section        4  printf1.o(x$fpl$printf1)
    x$fpl$printf2                            0x000048d0   Section        4  printf2.o(x$fpl$printf2)
    initial_mbstate                          0x000048d4   Data           8  _printf_wctomb.o(.constdata)
    .constdata                               0x000048d4   Section        8  _printf_wctomb.o(.constdata)
    uc_hextab                                0x000048dc   Data          20  _printf_hex_int_ll_ptr.o(.constdata)
    .constdata                               0x000048dc   Section       40  _printf_hex_int_ll_ptr.o(.constdata)
    lc_hextab                                0x000048f0   Data          20  _printf_hex_int_ll_ptr.o(.constdata)
    maptable                                 0x00004904   Data          17  __printf_flags_ss_wp.o(.constdata)
    .constdata                               0x00004904   Section       17  __printf_flags_ss_wp.o(.constdata)
    lc_hextab                                0x00004915   Data          19  _printf_fp_hex.o(.constdata)
    .constdata                               0x00004915   Section       38  _printf_fp_hex.o(.constdata)
    uc_hextab                                0x00004928   Data          19  _printf_fp_hex.o(.constdata)
    tenpwrs_x                                0x0000493c   Data          60  bigflt0.o(.constdata)
    .constdata                               0x0000493c   Section      148  bigflt0.o(.constdata)
    tenpwrs_i                                0x00004978   Data          64  bigflt0.o(.constdata)
    AsciiLib                                 0x000049d0   Data        3040  asciilib.o(.rodata.AsciiLib)
    [Anonymous Symbol]                       0x000049d0   Section        0  asciilib.o(.rodata.AsciiLib)
    .L.str.8                                 0x000055e0   Data           4  main.o(.rodata.str1.1)
    [Anonymous Symbol]                       0x000055e0   Section        0  main.o(.rodata.str1.1)
    .L.str.7                                 0x000055e4   Data           4  main.o(.rodata.str1.1)
    .L.str.9                                 0x000055e8   Data           4  main.o(.rodata.str1.1)
    .L.str.3                                 0x000055ec   Data           8  menu.o(.rodata.str1.1)
    [Anonymous Symbol]                       0x000055ec   Section        0  menu.o(.rodata.str1.1)
    .L.str.4                                 0x000055ed   Data           7  menu.o(.rodata.str1.1)
    .L.str.1                                 0x000055f4   Data          10  menu.o(.rodata.str1.1)
    .L.str.2                                 0x000055f5   Data           9  menu.o(.rodata.str1.1)
    .L.str                                   0x000055fc   Data           2  menu.o(.rodata.str1.1)
    .L.str.2                                 0x000055fe   Data           3  sender.o(.rodata.str1.1)
    [Anonymous Symbol]                       0x000055fe   Section        0  sender.o(.rodata.str1.1)
    locale$$data                             0x00005624   Section       28  lc_numeric_c.o(locale$$data)
    __lcnum_c_name                           0x00005628   Data           2  lc_numeric_c.o(locale$$data)
    __lcnum_c_start                          0x00005630   Data           0  lc_numeric_c.o(locale$$data)
    __lcnum_c_point                          0x0000563c   Data           0  lc_numeric_c.o(locale$$data)
    __lcnum_c_thousands                      0x0000563e   Data           0  lc_numeric_c.o(locale$$data)
    __lcnum_c_grouping                       0x0000563f   Data           0  lc_numeric_c.o(locale$$data)
    __lcnum_c_end                            0x00005640   Data           0  lc_numeric_c.o(locale$$data)
    locale$$data                             0x00005640   Section      272  lc_ctype_c.o(locale$$data)
    __lcctype_c_name                         0x00005644   Data           2  lc_ctype_c.o(locale$$data)
    __lcctype_c_start                        0x0000564c   Data           0  lc_ctype_c.o(locale$$data)
    __lcctype_c_end                          0x00005750   Data           0  lc_ctype_c.o(locale$$data)
    .bss                                     0x10000008   Section       96  libspace.o(.bss)
    .L_MergedGlobals                         0x10000068   Data         108  main.o(.bss..L_MergedGlobals)
    [Anonymous Symbol]                       0x10000068   Section        0  main.o(.bss..L_MergedGlobals)
    Channel_active                           0x100000d4   Data           4  gpdma_lpc17xx.o(.bss.Channel_active)
    [Anonymous Symbol]                       0x100000d4   Section        0  gpdma_lpc17xx.o(.bss.Channel_active)
    Channel_info                             0x100000d8   Data         160  gpdma_lpc17xx.o(.bss.Channel_info)
    [Anonymous Symbol]                       0x100000d8   Section        0  gpdma_lpc17xx.o(.bss.Channel_info)
    I2C0_Ctrl                                0x10000178   Data          36  i2c_lpc17xx.o(.bss.I2C0_Ctrl)
    [Anonymous Symbol]                       0x10000178   Section        0  i2c_lpc17xx.o(.bss.I2C0_Ctrl)
    Heap_Mem                                 0x10007c28   Data           0  startup_lpc17xx.o(HEAP)
    Stack_Mem                                0x10007c28   Data         512  startup_lpc17xx.o(STACK)
    HEAP                                     0x10007c28   Section        0  startup_lpc17xx.o(HEAP)
    STACK                                    0x10007c28   Section      512  startup_lpc17xx.o(STACK)
    __initial_sp                             0x10007e28   Data           0  startup_lpc17xx.o(STACK)

    Global Symbols

    Symbol Name                              Value     Ov Type        Size  Object(Section)

    BuildAttributes$$THM_ISAv4$P$D$K$B$S$PE$A:L22UL41UL21$X:L11$S22US41US21$IEEE1$IW$~IW$USESV6$~STKCKD$USESV7$~SHL$OTIME$ROPI$IEEEJ$EBA8$UX$STANDARDLIB$REQ8$PRES8$EABIv2 0x00000000   Number         0  anon$$obj.o ABSOLUTE
    __Vectors                                0x00000000   Data           4  startup_lpc17xx.o(RESET)
    __fp_init_empty                          0x00000000   Number         0  fpinit_empty.o ABSOLUTE
    _printf_flags                            0x00000000   Number         0  printf_stubs.o ABSOLUTE
    _printf_return_value                     0x00000000   Number         0  printf_stubs.o ABSOLUTE
    _printf_sizespec                         0x00000000   Number         0  printf_stubs.o ABSOLUTE
    _printf_widthprec                        0x00000000   Number         0  printf_stubs.o ABSOLUTE
    __ARM_exceptions_init                     - Undefined Weak Reference
    __alloca_initialize                       - Undefined Weak Reference
    __arm_preinit_                            - Undefined Weak Reference
    __arm_relocate_pie_                       - Undefined Weak Reference
    __cpp_initialize__aeabi_                  - Undefined Weak Reference
    __cxa_finalize                            - Undefined Weak Reference
    __sigvec_lookup                           - Undefined Weak Reference
    _atexit_init                              - Undefined Weak Reference
    _call_atexit_fns                          - Undefined Weak Reference
    _clock_init                               - Undefined Weak Reference
    _fp_trap_init                             - Undefined Weak Reference
    _fp_trap_shutdown                         - Undefined Weak Reference
    _get_lc_collate                           - Undefined Weak Reference
    _get_lc_monetary                          - Undefined Weak Reference
    _get_lc_time                              - Undefined Weak Reference
    _getenv_init                              - Undefined Weak Reference
    _handle_redirection                       - Undefined Weak Reference
    _init_alloc                               - Undefined Weak Reference
    _init_user_alloc                          - Undefined Weak Reference
    _initio                                   - Undefined Weak Reference
    _printf_mbtowc                            - Undefined Weak Reference
    _printf_wc                                - Undefined Weak Reference
    _rand_init                                - Undefined Weak Reference
    _signal_finish                            - Undefined Weak Reference
    _signal_init                              - Undefined Weak Reference
    _terminate_alloc                          - Undefined Weak Reference
    _terminate_user_alloc                     - Undefined Weak Reference
    _terminateio                              - Undefined Weak Reference
    __main                                   0x000000cd   Thumb Code     8  __main.o(!!!main)
    __scatterload                            0x000000d5   Thumb Code     0  __scatter.o(!!!scatter)
    __scatterload_rt2                        0x000000d5   Thumb Code    44  __scatter.o(!!!scatter)
    __scatterload_rt2_thumb_only             0x000000d5   Thumb Code     0  __scatter.o(!!!scatter)
    __scatterload_null                       0x000000e3   Thumb Code     0  __scatter.o(!!!scatter)
    __scatterload_copy                       0x00000109   Thumb Code    26  __scatter_copy.o(!!handler_copy)
    __scatterload_zeroinit                   0x00000125   Thumb Code    28  __scatter_zi.o(!!handler_zi)
    _printf_n                                0x00000141   Thumb Code     0  _printf_n.o(.ARM.Collect$$_printf_percent$$00000001)
    _printf_percent                          0x00000141   Thumb Code     0  _printf_percent.o(.ARM.Collect$$_printf_percent$$00000000)
    _printf_p                                0x00000147   Thumb Code     0  _printf_p.o(.ARM.Collect$$_printf_percent$$00000002)
    _printf_f                                0x0000014d   Thumb Code     0  _printf_f.o(.ARM.Collect$$_printf_percent$$00000003)
    _printf_e                                0x00000153   Thumb Code     0  _printf_e.o(.ARM.Collect$$_printf_percent$$00000004)
    _printf_g                                0x00000159   Thumb Code     0  _printf_g.o(.ARM.Collect$$_printf_percent$$00000005)
    _printf_a                                0x0000015f   Thumb Code     0  _printf_a.o(.ARM.Collect$$_printf_percent$$00000006)
    _printf_ll                               0x00000165   Thumb Code     0  _printf_ll.o(.ARM.Collect$$_printf_percent$$00000007)
    _printf_i                                0x0000016f   Thumb Code     0  _printf_i.o(.ARM.Collect$$_printf_percent$$00000008)
    _printf_d                                0x00000175   Thumb Code     0  _printf_d.o(.ARM.Collect$$_printf_percent$$00000009)
    _printf_u                                0x0000017b   Thumb Code     0  _printf_u.o(.ARM.Collect$$_printf_percent$$0000000A)
    _printf_o                                0x00000181   Thumb Code     0  _printf_o.o(.ARM.Collect$$_printf_percent$$0000000B)
    _printf_x                                0x00000187   Thumb Code     0  _printf_x.o(.ARM.Collect$$_printf_percent$$0000000C)
    _printf_lli                              0x0000018d   Thumb Code     0  _printf_lli.o(.ARM.Collect$$_printf_percent$$0000000D)
    _printf_lld                              0x00000193   Thumb Code     0  _printf_lld.o(.ARM.Collect$$_printf_percent$$0000000E)
    _printf_llu                              0x00000199   Thumb Code     0  _printf_llu.o(.ARM.Collect$$_printf_percent$$0000000F)
    _printf_llo                              0x0000019f   Thumb Code     0  _printf_llo.o(.ARM.Collect$$_printf_percent$$00000010)
    _printf_llx                              0x000001a5   Thumb Code     0  _printf_llx.o(.ARM.Collect$$_printf_percent$$00000011)
    _printf_l                                0x000001ab   Thumb Code     0  _printf_l.o(.ARM.Collect$$_printf_percent$$00000012)
    _printf_c                                0x000001b5   Thumb Code     0  _printf_c.o(.ARM.Collect$$_printf_percent$$00000013)
    _printf_s                                0x000001bb   Thumb Code     0  _printf_s.o(.ARM.Collect$$_printf_percent$$00000014)
    _printf_lc                               0x000001c1   Thumb Code     0  _printf_lc.o(.ARM.Collect$$_printf_percent$$00000015)
    _printf_ls                               0x000001c7   Thumb Code     0  _printf_ls.o(.ARM.Collect$$_printf_percent$$00000016)
    _printf_percent_end                      0x000001cd   Thumb Code     0  _printf_percent_end.o(.ARM.Collect$$_printf_percent$$00000017)
    __rt_lib_init                            0x000001d1   Thumb Code     0  libinit.o(.ARM.Collect$$libinit$$00000000)
    __rt_lib_init_fp_1                       0x000001d3   Thumb Code     0  libinit2.o(.ARM.Collect$$libinit$$00000002)
    __rt_lib_init_heap_1                     0x000001d3   Thumb Code     0  libinit2.o(.ARM.Collect$$libinit$$0000000C)
    __rt_lib_init_lc_common                  0x000001d3   Thumb Code     0  libinit2.o(.ARM.Collect$$libinit$$00000011)
    __rt_lib_init_preinit_1                  0x000001d3   Thumb Code     0  libinit2.o(.ARM.Collect$$libinit$$00000006)
    __rt_lib_init_rand_1                     0x000001d3   Thumb Code     0  libinit2.o(.ARM.Collect$$libinit$$00000010)
    __rt_lib_init_relocate_pie_1             0x000001d3   Thumb Code     0  libinit2.o(.ARM.Collect$$libinit$$00000004)
    __rt_lib_init_user_alloc_1               0x000001d3   Thumb Code     0  libinit2.o(.ARM.Collect$$libinit$$0000000E)
    __rt_lib_init_lc_collate_1               0x000001d9   Thumb Code     0  libinit2.o(.ARM.Collect$$libinit$$00000013)
    __rt_lib_init_lc_ctype_2                 0x000001d9   Thumb Code     0  libinit2.o(.ARM.Collect$$libinit$$00000014)
    __rt_lib_init_lc_ctype_1                 0x000001e5   Thumb Code     0  libinit2.o(.ARM.Collect$$libinit$$00000015)
    __rt_lib_init_lc_monetary_1              0x000001e5   Thumb Code     0  libinit2.o(.ARM.Collect$$libinit$$00000017)
    __rt_lib_init_lc_numeric_2               0x000001e5   Thumb Code     0  libinit2.o(.ARM.Collect$$libinit$$00000018)
    __rt_lib_init_alloca_1                   0x000001ef   Thumb Code     0  libinit2.o(.ARM.Collect$$libinit$$00000030)
    __rt_lib_init_argv_1                     0x000001ef   Thumb Code     0  libinit2.o(.ARM.Collect$$libinit$$0000002E)
    __rt_lib_init_atexit_1                   0x000001ef   Thumb Code     0  libinit2.o(.ARM.Collect$$libinit$$0000001D)
    __rt_lib_init_clock_1                    0x000001ef   Thumb Code     0  libinit2.o(.ARM.Collect$$libinit$$00000023)
    __rt_lib_init_cpp_1                      0x000001ef   Thumb Code     0  libinit2.o(.ARM.Collect$$libinit$$00000034)
    __rt_lib_init_exceptions_1               0x000001ef   Thumb Code     0  libinit2.o(.ARM.Collect$$libinit$$00000032)
    __rt_lib_init_fp_trap_1                  0x000001ef   Thumb Code     0  libinit2.o(.ARM.Collect$$libinit$$00000021)
    __rt_lib_init_getenv_1                   0x000001ef   Thumb Code     0  libinit2.o(.ARM.Collect$$libinit$$00000025)
    __rt_lib_init_lc_numeric_1               0x000001ef   Thumb Code     0  libinit2.o(.ARM.Collect$$libinit$$00000019)
    __rt_lib_init_lc_time_1                  0x000001ef   Thumb Code     0  libinit2.o(.ARM.Collect$$libinit$$0000001B)
    __rt_lib_init_return                     0x000001ef   Thumb Code     0  libinit2.o(.ARM.Collect$$libinit$$00000035)
    __rt_lib_init_signal_1                   0x000001ef   Thumb Code     0  libinit2.o(.ARM.Collect$$libinit$$0000001F)
    __rt_lib_init_stdio_1                    0x000001ef   Thumb Code     0  libinit2.o(.ARM.Collect$$libinit$$00000027)
    __rt_lib_shutdown                        0x000001f1   Thumb Code     0  libshutdown.o(.ARM.Collect$$libshutdown$$00000000)
    __rt_lib_shutdown_cpp_1                  0x000001f3   Thumb Code     0  libshutdown2.o(.ARM.Collect$$libshutdown$$00000002)
    __rt_lib_shutdown_fp_trap_1              0x000001f3   Thumb Code     0  libshutdown2.o(.ARM.Collect$$libshutdown$$00000007)
    __rt_lib_shutdown_heap_1                 0x000001f3   Thumb Code     0  libshutdown2.o(.ARM.Collect$$libshutdown$$0000000F)
    __rt_lib_shutdown_return                 0x000001f3   Thumb Code     0  libshutdown2.o(.ARM.Collect$$libshutdown$$00000010)
    __rt_lib_shutdown_signal_1               0x000001f3   Thumb Code     0  libshutdown2.o(.ARM.Collect$$libshutdown$$0000000A)
    __rt_lib_shutdown_stdio_1                0x000001f3   Thumb Code     0  libshutdown2.o(.ARM.Collect$$libshutdown$$00000004)
    __rt_lib_shutdown_user_alloc_1           0x000001f3   Thumb Code     0  libshutdown2.o(.ARM.Collect$$libshutdown$$0000000C)
    __rt_entry                               0x000001f5   Thumb Code     0  __rtentry.o(.ARM.Collect$$rtentry$$00000000)
    __rt_entry_presh_1                       0x000001f5   Thumb Code     0  __rtentry2.o(.ARM.Collect$$rtentry$$00000002)
    __rt_entry_sh                            0x000001f5   Thumb Code     0  __rtentry4.o(.ARM.Collect$$rtentry$$00000004)
    __rt_entry_li                            0x000001fb   Thumb Code     0  __rtentry2.o(.ARM.Collect$$rtentry$$0000000A)
    __rt_entry_postsh_1                      0x000001fb   Thumb Code     0  __rtentry2.o(.ARM.Collect$$rtentry$$00000009)
    __rt_entry_main                          0x000001ff   Thumb Code     0  __rtentry2.o(.ARM.Collect$$rtentry$$0000000D)
    __rt_entry_postli_1                      0x000001ff   Thumb Code     0  __rtentry2.o(.ARM.Collect$$rtentry$$0000000C)
    __rt_exit                                0x00000207   Thumb Code     0  rtexit.o(.ARM.Collect$$rtexit$$00000000)
    __rt_exit_ls                             0x00000209   Thumb Code     0  rtexit2.o(.ARM.Collect$$rtexit$$00000003)
    __rt_exit_prels_1                        0x00000209   Thumb Code     0  rtexit2.o(.ARM.Collect$$rtexit$$00000002)
    __rt_exit_exit                           0x0000020d   Thumb Code     0  rtexit2.o(.ARM.Collect$$rtexit$$00000004)
    Reset_Handler                            0x00000215   Thumb Code     8  startup_lpc17xx.o(.text)
    NMI_Handler                              0x0000021d   Thumb Code     2  startup_lpc17xx.o(.text)
    HardFault_Handler                        0x0000021f   Thumb Code     2  startup_lpc17xx.o(.text)
    MemManage_Handler                        0x00000221   Thumb Code     2  startup_lpc17xx.o(.text)
    BusFault_Handler                         0x00000223   Thumb Code     2  startup_lpc17xx.o(.text)
    UsageFault_Handler                       0x00000225   Thumb Code     2  startup_lpc17xx.o(.text)
    SVC_Handler                              0x00000227   Thumb Code     2  startup_lpc17xx.o(.text)
    DebugMon_Handler                         0x00000229   Thumb Code     2  startup_lpc17xx.o(.text)
    PendSV_Handler                           0x0000022b   Thumb Code     2  startup_lpc17xx.o(.text)
    SysTick_Handler                          0x0000022d   Thumb Code     2  startup_lpc17xx.o(.text)
    ADC_IRQHandler                           0x0000022f   Thumb Code     0  startup_lpc17xx.o(.text)
    BOD_IRQHandler                           0x0000022f   Thumb Code     0  startup_lpc17xx.o(.text)
    CANActivity_IRQHandler                   0x0000022f   Thumb Code     0  startup_lpc17xx.o(.text)
    CAN_IRQHandler                           0x0000022f   Thumb Code     0  startup_lpc17xx.o(.text)
    EINT2_IRQHandler                         0x0000022f   Thumb Code     0  startup_lpc17xx.o(.text)
    ENET_IRQHandler                          0x0000022f   Thumb Code     0  startup_lpc17xx.o(.text)
    I2C1_IRQHandler                          0x0000022f   Thumb Code     0  startup_lpc17xx.o(.text)
    I2C2_IRQHandler                          0x0000022f   Thumb Code     0  startup_lpc17xx.o(.text)
    I2S_IRQHandler                           0x0000022f   Thumb Code     0  startup_lpc17xx.o(.text)
    MCPWM_IRQHandler                         0x0000022f   Thumb Code     0  startup_lpc17xx.o(.text)
    PLL0_IRQHandler                          0x0000022f   Thumb Code     0  startup_lpc17xx.o(.text)
    PLL1_IRQHandler                          0x0000022f   Thumb Code     0  startup_lpc17xx.o(.text)
    PWM1_IRQHandler                          0x0000022f   Thumb Code     0  startup_lpc17xx.o(.text)
    QEI_IRQHandler                           0x0000022f   Thumb Code     0  startup_lpc17xx.o(.text)
    RIT_IRQHandler                           0x0000022f   Thumb Code     0  startup_lpc17xx.o(.text)
    RTC_IRQHandler                           0x0000022f   Thumb Code     0  startup_lpc17xx.o(.text)
    SPI_IRQHandler                           0x0000022f   Thumb Code     0  startup_lpc17xx.o(.text)
    SSP0_IRQHandler                          0x0000022f   Thumb Code     0  startup_lpc17xx.o(.text)
    SSP1_IRQHandler                          0x0000022f   Thumb Code     0  startup_lpc17xx.o(.text)
    TIMER0_IRQHandler                        0x0000022f   Thumb Code     0  startup_lpc17xx.o(.text)
    TIMER1_IRQHandler                        0x0000022f   Thumb Code     0  startup_lpc17xx.o(.text)
    TIMER2_IRQHandler                        0x0000022f   Thumb Code     0  startup_lpc17xx.o(.text)
    TIMER3_IRQHandler                        0x0000022f   Thumb Code     0  startup_lpc17xx.o(.text)
    UART0_IRQHandler                         0x0000022f   Thumb Code     0  startup_lpc17xx.o(.text)
    UART1_IRQHandler                         0x0000022f   Thumb Code     0  startup_lpc17xx.o(.text)
    UART2_IRQHandler                         0x0000022f   Thumb Code     0  startup_lpc17xx.o(.text)
    UART3_IRQHandler                         0x0000022f   Thumb Code     0  startup_lpc17xx.o(.text)
    USBActivity_IRQHandler                   0x0000022f   Thumb Code     0  startup_lpc17xx.o(.text)
    USB_IRQHandler                           0x0000022f   Thumb Code     0  startup_lpc17xx.o(.text)
    WDT_IRQHandler                           0x0000022f   Thumb Code     0  startup_lpc17xx.o(.text)
    __user_initial_stackheap                 0x00000231   Thumb Code     0  startup_lpc17xx.o(.text)
    vsprintf                                 0x00000251   Thumb Code    32  vsprintf.o(.text)
    strlen                                   0x00000275   Thumb Code    62  strlen.o(.text)
    __use_two_region_memory                  0x000002b3   Thumb Code     2  heapauxi.o(.text)
    __rt_heap_escrow$2region                 0x000002b5   Thumb Code     2  heapauxi.o(.text)
    __rt_heap_expand$2region                 0x000002b7   Thumb Code     2  heapauxi.o(.text)
    _printf_truncate_signed                  0x000002b9   Thumb Code    18  _printf_truncate.o(.text)
    _printf_truncate_unsigned                0x000002cb   Thumb Code    18  _printf_truncate.o(.text)
    _sputc                                   0x000002dd   Thumb Code    10  _sputc.o(.text)
    __rt_ctype_table                         0x000002e9   Thumb Code    16  rt_ctype_table.o(.text)
    __I$use$semihosting                      0x000002f9   Thumb Code     0  use_no_semi.o(.text)
    __use_no_semihosting_swi                 0x000002f9   Thumb Code     2  use_no_semi.o(.text)
    __I$use$fp                               0x000002fa   Number         0  usenofp.o(x$fpl$usenofp)
    __semihosting_library_function           0x000002fb   Thumb Code     0  indicate_semi.o(.text)
    __aeabi_memcpy                           0x00000301   Thumb Code     0  rt_memcpy_v6.o(.text)
    __rt_memcpy                              0x00000301   Thumb Code   138  rt_memcpy_v6.o(.text)
    _memcpy_lastbytes                        0x00000367   Thumb Code     0  rt_memcpy_v6.o(.text)
    _printf_pre_padding                      0x0000038b   Thumb Code    44  _printf_pad.o(.text)
    _printf_post_padding                     0x000003b7   Thumb Code    34  _printf_pad.o(.text)
    _printf_str                              0x000003d9   Thumb Code    82  _printf_str.o(.text)
    _printf_int_dec                          0x0000042d   Thumb Code   104  _printf_dec.o(.text)
    _printf_charcount                        0x000004a5   Thumb Code    40  _printf_charcount.o(.text)
    _printf_char_common                      0x000004d7   Thumb Code    32  _printf_char_common.o(.text)
    _printf_wctomb                           0x000004fd   Thumb Code   182  _printf_wctomb.o(.text)
    _printf_longlong_dec                     0x000005b9   Thumb Code   108  _printf_longlong_dec.o(.text)
    _printf_longlong_oct                     0x00000635   Thumb Code    68  _printf_oct_int_ll.o(.text)
    _printf_int_oct                          0x00000679   Thumb Code    24  _printf_oct_int_ll.o(.text)
    _printf_ll_oct                           0x00000691   Thumb Code    12  _printf_oct_int_ll.o(.text)
    _printf_longlong_hex                     0x000006a5   Thumb Code    86  _printf_hex_int_ll_ptr.o(.text)
    _printf_int_hex                          0x000006fb   Thumb Code    28  _printf_hex_int_ll_ptr.o(.text)
    _printf_ll_hex                           0x00000717   Thumb Code    12  _printf_hex_int_ll_ptr.o(.text)
    _printf_hex_ptr                          0x00000723   Thumb Code    18  _printf_hex_int_ll_ptr.o(.text)
    __printf                                 0x00000739   Thumb Code   388  __printf_flags_ss_wp.o(.text)
    __aeabi_memcpy4                          0x000008c1   Thumb Code     0  rt_memcpy_w.o(.text)
    __aeabi_memcpy8                          0x000008c1   Thumb Code     0  rt_memcpy_w.o(.text)
    __rt_memcpy_w                            0x000008c1   Thumb Code   100  rt_memcpy_w.o(.text)
    _memcpy_lastbytes_aligned                0x00000909   Thumb Code     0  rt_memcpy_w.o(.text)
    _ll_udiv10                               0x00000925   Thumb Code   138  lludiv10.o(.text)
    _printf_int_common                       0x000009af   Thumb Code   178  _printf_intcommon.o(.text)
    _printf_fp_dec_real                      0x00000c11   Thumb Code   620  _printf_fp_dec.o(.text)
    _printf_fp_hex_real                      0x00000e7d   Thumb Code   756  _printf_fp_hex.o(.text)
    _printf_cs_common                        0x00001179   Thumb Code    20  _printf_char.o(.text)
    _printf_char                             0x0000118d   Thumb Code    16  _printf_char.o(.text)
    _printf_string                           0x0000119d   Thumb Code     8  _printf_char.o(.text)
    _printf_lcs_common                       0x000011a5   Thumb Code    20  _printf_wchar.o(.text)
    _printf_wchar                            0x000011b9   Thumb Code    16  _printf_wchar.o(.text)
    _printf_wstring                          0x000011c9   Thumb Code     8  _printf_wchar.o(.text)
    _c16rtomb                                0x000011d1   Thumb Code    72  _c16rtomb.o(.text)
    _wcrtomb                                 0x000011d1   Thumb Code     0  _c16rtomb.o(.text)
    __user_setup_stackheap                   0x00001219   Thumb Code    74  sys_stackheap_outer.o(.text)
    __rt_locale                              0x00001265   Thumb Code     8  rt_locale_intlibspace.o(.text)
    _printf_fp_infnan                        0x0000126d   Thumb Code   112  _printf_fp_infnan.o(.text)
    _btod_etento                             0x000012ed   Thumb Code   224  bigflt0.o(.text)
    exit                                     0x000013d1   Thumb Code    18  exit.o(.text)
    __user_libspace                          0x000013e5   Thumb Code     8  libspace.o(.text)
    __user_perproc_libspace                  0x000013e5   Thumb Code     0  libspace.o(.text)
    __user_perthread_libspace                0x000013e5   Thumb Code     0  libspace.o(.text)
    strcmp                                   0x000013ed   Thumb Code   128  strcmpv7m.o(.text)
    _sys_exit                                0x0000146d   Thumb Code     8  sys_exit.o(.text)
    DMA_IRQHandler                           0x00001479   Thumb Code   350  gpdma_lpc17xx.o(.text.DMA_IRQHandler)
    EINT0_IRQHandler                         0x000015d9   Thumb Code    54  main.o(.text.EINT0_IRQHandler)
    EINT1_IRQHandler                         0x00001611   Thumb Code    56  main.o(.text.EINT1_IRQHandler)
    EINT3_IRQHandler                         0x00001649   Thumb Code    64  ov7670_lpc1768.o(.text.EINT3_IRQHandler)
    GetASCIICode                             0x00001689   Thumb Code    50  asciilib.o(.text.GetASCIICode)
    I2C0_IRQHandler                          0x000018b1   Thumb Code   788  i2c_lpc17xx.o(.text.I2C0_IRQHandler)
    PIN_Configure                            0x00001f91   Thumb Code   116  pin_lpc17xx.o(.text.PIN_Configure)
    PIN_ConfigureI2C0Pins                    0x00002005   Thumb Code    30  pin_lpc17xx.o(.text.PIN_ConfigureI2C0Pins)
    SystemInit                               0x00002025   Thumb Code   340  system_lpc17xx.o(.text.SystemInit)
    callback_options_menu_exit               0x00002179   Thumb Code    16  main.o(.text.callback_options_menu_exit)
    display_callback_frame                   0x00002189   Thumb Code    58  main.o(.text.display_callback_frame)
    display_callback_pixel                   0x000021c5   Thumb Code    14  main.o(.text.display_callback_pixel)
    display_callback_row                     0x000021d5   Thumb Code    12  main.o(.text.display_callback_row)
    init_ILI9325                             0x000021e1   Thumb Code   440  lcd_ili9325.o(.text.init_ILI9325)
    lcdConfiguration                         0x00002399   Thumb Code    38  open1768_lcd.o(.text.lcdConfiguration)
    lcdWriteData                             0x000023c1   Thumb Code   114  open1768_lcd.o(.text.lcdWriteData)
    lcdWriteIndex                            0x00002435   Thumb Code   162  open1768_lcd.o(.text.lcdWriteIndex)
    lcdWriteReg                              0x000024d9   Thumb Code   254  open1768_lcd.o(.text.lcdWriteReg)
    lcd_column                               0x000025d9   Thumb Code     4  lcd_ctrl.o(.text.lcd_column)
    lcd_flush                                0x000025dd   Thumb Code    44  lcd_ctrl.o(.text.lcd_flush)
    lcd_img_pixel                            0x00002609   Thumb Code    14  lcd_ctrl.o(.text.lcd_img_pixel)
    lcd_img_row                              0x00002619   Thumb Code    46  lcd_ctrl.o(.text.lcd_img_row)
    lcd_img_start                            0x00002649   Thumb Code    36  lcd_ctrl.o(.text.lcd_img_start)
    lcd_init                                 0x0000266d   Thumb Code    14  lcd_ctrl.o(.text.lcd_init)
    lcd_row                                  0x0000267d   Thumb Code     4  lcd_ctrl.o(.text.lcd_row)
    lcd_write                                0x00002681   Thumb Code    52  lcd_ctrl.o(.text.lcd_write)
    lcd_write_str                            0x000026b5   Thumb Code   228  lcd_ctrl.o(.text.lcd_write_str)
    main                                     0x00002799   Thumb Code   584  main.o(.text.main)
    menu_add_setting                         0x00002a59   Thumb Code   100  menu.o(.text.menu_add_setting)
    menu_draw                                0x00002abd   Thumb Code   452  menu.o(.text.menu_draw)
    menu_draw_clean                          0x00002c81   Thumb Code   748  menu.o(.text.menu_draw_clean)
    menu_get_selected                        0x00002f6d   Thumb Code    12  menu.o(.text.menu_get_selected)
    menu_init                                0x00002f79   Thumb Code    14  menu.o(.text.menu_init)
    menu_is_on                               0x00002f89   Thumb Code     4  menu.o(.text.menu_is_on)
    menu_next_option                         0x00002f8d   Thumb Code    60  menu.o(.text.menu_next_option)
    menu_next_setting                        0x00002fc9   Thumb Code    44  menu.o(.text.menu_next_setting)
    menu_setting_add_option                  0x00002ff5   Thumb Code    16  menu.o(.text.menu_setting_add_option)
    ov_error_what                            0x00003005   Thumb Code    24  ov7670.o(.text.ov_error_what)
    ov_href_up                               0x00003051   Thumb Code   226  ov7670.o(.text.ov_href_up)
    ov_init                                  0x00003135   Thumb Code   178  ov7670.o(.text.ov_init)
    ov_lpc1768_get_handle                    0x000031e9   Thumb Code    10  ov7670_lpc1768.o(.text.ov_lpc1768_get_handle)
    ov_lpc1768_i2c_get_reg                   0x000031f5   Thumb Code   108  ov7670_lpc1768.o(.text.ov_lpc1768_i2c_get_reg)
    ov_lpc1768_i2c_set_reg                   0x00003261   Thumb Code    72  ov7670_lpc1768.o(.text.ov_lpc1768_i2c_set_reg)
    ov_lpc1768_init                          0x000032a9   Thumb Code   494  ov7670_lpc1768.o(.text.ov_lpc1768_init)
    ov_lpc1768_register_callbacks            0x00003499   Thumb Code    16  ov7670_lpc1768.o(.text.ov_lpc1768_register_callbacks)
    ov_lpc1768_set_res                       0x000034a9   Thumb Code    14  ov7670_lpc1768.o(.text.ov_lpc1768_set_res)
    ov_lpc1768_start                         0x000034b9   Thumb Code    46  ov7670_lpc1768.o(.text.ov_lpc1768_start)
    ov_lpc1768_stop                          0x000034e9   Thumb Code    58  ov7670_lpc1768.o(.text.ov_lpc1768_stop)
    ov_set_res                               0x00003525   Thumb Code  1006  ov7670.o(.text.ov_set_res)
    ov_start                                 0x00003915   Thumb Code     6  ov7670.o(.text.ov_start)
    ov_stop                                  0x0000391d   Thumb Code     6  ov7670.o(.text.ov_stop)
    ov_vsync                                 0x00003925   Thumb Code    26  ov7670.o(.text.ov_vsync)
    read_data                                0x00003941   Thumb Code    36  ov7670_lpc1768.o(.text.read_data)
    sender_callback_end                      0x00003965   Thumb Code    14  main.o(.text.sender_callback_end)
    sender_callback_frame                    0x00003975   Thumb Code    30  sender.o(.text.sender_callback_frame)
    sender_callback_pixel                    0x00003995   Thumb Code   460  sender.o(.text.sender_callback_pixel)
    sender_callback_row                      0x00003b61   Thumb Code    48  sender.o(.text.sender_callback_row)
    sender_get_state                         0x00003b91   Thumb Code    12  sender.o(.text.sender_get_state)
    sender_init                              0x00003b9d   Thumb Code    44  sender.o(.text.sender_init)
    sender_send                              0x00003bd9   Thumb Code   124  sender.o(.text.sender_send)
    sender_send_buffer                       0x00003c5d   Thumb Code   212  sender.o(.text.sender_send_buffer)
    uart_init                                0x00003d35   Thumb Code    60  uart.o(.text.uart_init)
    uart_send_data                           0x00003d71   Thumb Code   276  uart.o(.text.uart_send_data)
    uart_send_strln                          0x00003e85   Thumb Code   336  uart.o(.text.uart_send_strln)
    wait_for_pclk                            0x00003fd5   Thumb Code   214  ov7670_lpc1768.o(.text.wait_for_pclk)
    _btod_d2e                                0x000040ab   Thumb Code    62  btod.o(CL$$btod_d2e)
    _d2e_denorm_low                          0x000040e9   Thumb Code    70  btod.o(CL$$btod_d2e_denorm_low)
    _d2e_norm_op1                            0x0000412f   Thumb Code    96  btod.o(CL$$btod_d2e_norm_op1)
    __btod_div_common                        0x00004191   Thumb Code   696  btod.o(CL$$btod_div_common)
    _e2e                                     0x000044c9   Thumb Code   220  btod.o(CL$$btod_e2e)
    _btod_ediv                               0x000045a5   Thumb Code    42  btod.o(CL$$btod_ediv)
    _btod_emul                               0x000045cf   Thumb Code    42  btod.o(CL$$btod_emul)
    __btod_mult_common                       0x000045f9   Thumb Code   580  btod.o(CL$$btod_mult_common)
    __ARM_fpclassify                         0x0000483d   Thumb Code    40  fpclassify.o(i.__ARM_fpclassify)
    _is_digit                                0x00004865   Thumb Code    14  __printf_wp.o(i._is_digit)
    _get_lc_numeric                          0x00004875   Thumb Code    44  lc_numeric_c.o(locale$$code)
    _get_lc_ctype                            0x000048a1   Thumb Code    44  lc_ctype_c.o(locale$$code)
    _printf_fp_dec                           0x000048cd   Thumb Code     4  printf1.o(x$fpl$printf1)
    _printf_fp_hex                           0x000048d1   Thumb Code     4  printf2.o(x$fpl$printf2)
    Driver_I2C0                              0x000055b0   Data          48  i2c_lpc17xx.o(.rodata.Driver_I2C0)
    Region$$Table$$Base                      0x00005604   Number         0  anon$$obj.o(Region$$Table)
    Region$$Table$$Limit                     0x00005624   Number         0  anon$$obj.o(Region$$Table)
    __ctype                                  0x0000564d   Data           0  lc_ctype_c.o(locale$$data)
    I2C0_PIN                                 0x10000000   Data           4  i2c_lpc17xx.o(.data.I2C0_PIN)
    SystemCoreClock                          0x10000004   Data           4  system_lpc17xx.o(.data.SystemCoreClock)
    __libspace_start                         0x10000008   Data          96  libspace.o(.bss)
    __temporary_stack_top$libspace           0x10000068   Data           0  libspace.o(.bss)
    eint1_req                                0x10000068   Data           4  main.o(.bss..L_MergedGlobals)
    options_menu                             0x1000006c   Data         104  main.o(.bss..L_MergedGlobals)
    img                                      0x1000019c   Data           8  main.o(.bss.img)
    ov                                       0x100001a4   Data        1328  ov7670_lpc1768.o(.bss.ov)
    s                                        0x100006d4   Data       30032  sender.o(.bss.s)



==============================================================================

Memory Map of the image

  Image Entry point : 0x00000215

  Load Region LR_1 (Base: 0x00000000, Size: 0x00005758, Max: 0xffffffff, ABSOLUTE)

    Execution Region ER_RO (Exec base: 0x00000000, Load base: 0x00000000, Size: 0x00005750, Max: 0xffffffff, ABSOLUTE)

    Exec Addr    Load Addr    Size         Type   Attr      Idx    E Section Name        Object

    0x00000000   0x00000000   0x000000cc   Data   RO          329    RESET               startup_lpc17xx.o
    0x000000cc   0x000000cc   0x00000008   Code   RO          363  * !!!main             c_w.l(__main.o)
    0x000000d4   0x000000d4   0x00000034   Code   RO          712    !!!scatter          c_w.l(__scatter.o)
    0x00000108   0x00000108   0x0000001a   Code   RO          714    !!handler_copy      c_w.l(__scatter_copy.o)
    0x00000122   0x00000122   0x00000002   PAD
    0x00000124   0x00000124   0x0000001c   Code   RO          716    !!handler_zi        c_w.l(__scatter_zi.o)
    0x00000140   0x00000140   0x00000000   Code   RO          451    .ARM.Collect$$_printf_percent$$00000000  c_w.l(_printf_percent.o)
    0x00000140   0x00000140   0x00000006   Code   RO          440    .ARM.Collect$$_printf_percent$$00000001  c_w.l(_printf_n.o)
    0x00000146   0x00000146   0x00000006   Code   RO          442    .ARM.Collect$$_printf_percent$$00000002  c_w.l(_printf_p.o)
    0x0000014c   0x0000014c   0x00000006   Code   RO          447    .ARM.Collect$$_printf_percent$$00000003  c_w.l(_printf_f.o)
    0x00000152   0x00000152   0x00000006   Code   RO          448    .ARM.Collect$$_printf_percent$$00000004  c_w.l(_printf_e.o)
    0x00000158   0x00000158   0x00000006   Code   RO          449    .ARM.Collect$$_printf_percent$$00000005  c_w.l(_printf_g.o)
    0x0000015e   0x0000015e   0x00000006   Code   RO          450    .ARM.Collect$$_printf_percent$$00000006  c_w.l(_printf_a.o)
    0x00000164   0x00000164   0x0000000a   Code   RO          455    .ARM.Collect$$_printf_percent$$00000007  c_w.l(_printf_ll.o)
    0x0000016e   0x0000016e   0x00000006   Code   RO          444    .ARM.Collect$$_printf_percent$$00000008  c_w.l(_printf_i.o)
    0x00000174   0x00000174   0x00000006   Code   RO          445    .ARM.Collect$$_printf_percent$$00000009  c_w.l(_printf_d.o)
    0x0000017a   0x0000017a   0x00000006   Code   RO          446    .ARM.Collect$$_printf_percent$$0000000A  c_w.l(_printf_u.o)
    0x00000180   0x00000180   0x00000006   Code   RO          443    .ARM.Collect$$_printf_percent$$0000000B  c_w.l(_printf_o.o)
    0x00000186   0x00000186   0x00000006   Code   RO          441    .ARM.Collect$$_printf_percent$$0000000C  c_w.l(_printf_x.o)
    0x0000018c   0x0000018c   0x00000006   Code   RO          452    .ARM.Collect$$_printf_percent$$0000000D  c_w.l(_printf_lli.o)
    0x00000192   0x00000192   0x00000006   Code   RO          453    .ARM.Collect$$_printf_percent$$0000000E  c_w.l(_printf_lld.o)
    0x00000198   0x00000198   0x00000006   Code   RO          454    .ARM.Collect$$_printf_percent$$0000000F  c_w.l(_printf_llu.o)
    0x0000019e   0x0000019e   0x00000006   Code   RO          459    .ARM.Collect$$_printf_percent$$00000010  c_w.l(_printf_llo.o)
    0x000001a4   0x000001a4   0x00000006   Code   RO          460    .ARM.Collect$$_printf_percent$$00000011  c_w.l(_printf_llx.o)
    0x000001aa   0x000001aa   0x0000000a   Code   RO          456    .ARM.Collect$$_printf_percent$$00000012  c_w.l(_printf_l.o)
    0x000001b4   0x000001b4   0x00000006   Code   RO          438    .ARM.Collect$$_printf_percent$$00000013  c_w.l(_printf_c.o)
    0x000001ba   0x000001ba   0x00000006   Code   RO          439    .ARM.Collect$$_printf_percent$$00000014  c_w.l(_printf_s.o)
    0x000001c0   0x000001c0   0x00000006   Code   RO          457    .ARM.Collect$$_printf_percent$$00000015  c_w.l(_printf_lc.o)
    0x000001c6   0x000001c6   0x00000006   Code   RO          458    .ARM.Collect$$_printf_percent$$00000016  c_w.l(_printf_ls.o)
    0x000001cc   0x000001cc   0x00000004   Code   RO          505    .ARM.Collect$$_printf_percent$$00000017  c_w.l(_printf_percent_end.o)
    0x000001d0   0x000001d0   0x00000002   Code   RO          560    .ARM.Collect$$libinit$$00000000  c_w.l(libinit.o)
    0x000001d2   0x000001d2   0x00000000   Code   RO          585    .ARM.Collect$$libinit$$00000002  c_w.l(libinit2.o)
    0x000001d2   0x000001d2   0x00000000   Code   RO          587    .ARM.Collect$$libinit$$00000004  c_w.l(libinit2.o)
    0x000001d2   0x000001d2   0x00000000   Code   RO          589    .ARM.Collect$$libinit$$00000006  c_w.l(libinit2.o)
    0x000001d2   0x000001d2   0x00000000   Code   RO          592    .ARM.Collect$$libinit$$0000000C  c_w.l(libinit2.o)
    0x000001d2   0x000001d2   0x00000000   Code   RO          594    .ARM.Collect$$libinit$$0000000E  c_w.l(libinit2.o)
    0x000001d2   0x000001d2   0x00000000   Code   RO          596    .ARM.Collect$$libinit$$00000010  c_w.l(libinit2.o)
    0x000001d2   0x000001d2   0x00000006   Code   RO          597    .ARM.Collect$$libinit$$00000011  c_w.l(libinit2.o)
    0x000001d8   0x000001d8   0x00000000   Code   RO          599    .ARM.Collect$$libinit$$00000013  c_w.l(libinit2.o)
    0x000001d8   0x000001d8   0x0000000c   Code   RO          600    .ARM.Collect$$libinit$$00000014  c_w.l(libinit2.o)
    0x000001e4   0x000001e4   0x00000000   Code   RO          601    .ARM.Collect$$libinit$$00000015  c_w.l(libinit2.o)
    0x000001e4   0x000001e4   0x00000000   Code   RO          603    .ARM.Collect$$libinit$$00000017  c_w.l(libinit2.o)
    0x000001e4   0x000001e4   0x0000000a   Code   RO          604    .ARM.Collect$$libinit$$00000018  c_w.l(libinit2.o)
    0x000001ee   0x000001ee   0x00000000   Code   RO          605    .ARM.Collect$$libinit$$00000019  c_w.l(libinit2.o)
    0x000001ee   0x000001ee   0x00000000   Code   RO          607    .ARM.Collect$$libinit$$0000001B  c_w.l(libinit2.o)
    0x000001ee   0x000001ee   0x00000000   Code   RO          609    .ARM.Collect$$libinit$$0000001D  c_w.l(libinit2.o)
    0x000001ee   0x000001ee   0x00000000   Code   RO          611    .ARM.Collect$$libinit$$0000001F  c_w.l(libinit2.o)
    0x000001ee   0x000001ee   0x00000000   Code   RO          613    .ARM.Collect$$libinit$$00000021  c_w.l(libinit2.o)
    0x000001ee   0x000001ee   0x00000000   Code   RO          615    .ARM.Collect$$libinit$$00000023  c_w.l(libinit2.o)
    0x000001ee   0x000001ee   0x00000000   Code   RO          617    .ARM.Collect$$libinit$$00000025  c_w.l(libinit2.o)
    0x000001ee   0x000001ee   0x00000000   Code   RO          619    .ARM.Collect$$libinit$$00000027  c_w.l(libinit2.o)
    0x000001ee   0x000001ee   0x00000000   Code   RO          623    .ARM.Collect$$libinit$$0000002E  c_w.l(libinit2.o)
    0x000001ee   0x000001ee   0x00000000   Code   RO          625    .ARM.Collect$$libinit$$00000030  c_w.l(libinit2.o)
    0x000001ee   0x000001ee   0x00000000   Code   RO          627    .ARM.Collect$$libinit$$00000032  c_w.l(libinit2.o)
    0x000001ee   0x000001ee   0x00000000   Code   RO          629    .ARM.Collect$$libinit$$00000034  c_w.l(libinit2.o)
    0x000001ee   0x000001ee   0x00000002   Code   RO          630    .ARM.Collect$$libinit$$00000035  c_w.l(libinit2.o)
    0x000001f0   0x000001f0   0x00000002   Code   RO          667    .ARM.Collect$$libshutdown$$00000000  c_w.l(libshutdown.o)
    0x000001f2   0x000001f2   0x00000000   Code   RO          695    .ARM.Collect$$libshutdown$$00000002  c_w.l(libshutdown2.o)
    0x000001f2   0x000001f2   0x00000000   Code   RO          697    .ARM.Collect$$libshutdown$$00000004  c_w.l(libshutdown2.o)
    0x000001f2   0x000001f2   0x00000000   Code   RO          700    .ARM.Collect$$libshutdown$$00000007  c_w.l(libshutdown2.o)
    0x000001f2   0x000001f2   0x00000000   Code   RO          703    .ARM.Collect$$libshutdown$$0000000A  c_w.l(libshutdown2.o)
    0x000001f2   0x000001f2   0x00000000   Code   RO          705    .ARM.Collect$$libshutdown$$0000000C  c_w.l(libshutdown2.o)
    0x000001f2   0x000001f2   0x00000000   Code   RO          708    .ARM.Collect$$libshutdown$$0000000F  c_w.l(libshutdown2.o)
    0x000001f2   0x000001f2   0x00000002   Code   RO          709    .ARM.Collect$$libshutdown$$00000010  c_w.l(libshutdown2.o)
    0x000001f4   0x000001f4   0x00000000   Code   RO          365    .ARM.Collect$$rtentry$$00000000  c_w.l(__rtentry.o)
    0x000001f4   0x000001f4   0x00000000   Code   RO          472    .ARM.Collect$$rtentry$$00000002  c_w.l(__rtentry2.o)
    0x000001f4   0x000001f4   0x00000006   Code   RO          484    .ARM.Collect$$rtentry$$00000004  c_w.l(__rtentry4.o)
    0x000001fa   0x000001fa   0x00000000   Code   RO          474    .ARM.Collect$$rtentry$$00000009  c_w.l(__rtentry2.o)
    0x000001fa   0x000001fa   0x00000004   Code   RO          475    .ARM.Collect$$rtentry$$0000000A  c_w.l(__rtentry2.o)
    0x000001fe   0x000001fe   0x00000000   Code   RO          477    .ARM.Collect$$rtentry$$0000000C  c_w.l(__rtentry2.o)
    0x000001fe   0x000001fe   0x00000008   Code   RO          478    .ARM.Collect$$rtentry$$0000000D  c_w.l(__rtentry2.o)
    0x00000206   0x00000206   0x00000002   Code   RO          569    .ARM.Collect$$rtexit$$00000000  c_w.l(rtexit.o)
    0x00000208   0x00000208   0x00000000   Code   RO          636    .ARM.Collect$$rtexit$$00000002  c_w.l(rtexit2.o)
    0x00000208   0x00000208   0x00000004   Code   RO          637    .ARM.Collect$$rtexit$$00000003  c_w.l(rtexit2.o)
    0x0000020c   0x0000020c   0x00000006   Code   RO          638    .ARM.Collect$$rtexit$$00000004  c_w.l(rtexit2.o)
    0x00000212   0x00000212   0x00000002   PAD
    0x00000214   0x00000214   0x0000003c   Code   RO          331  * .text               startup_lpc17xx.o
    0x00000250   0x00000250   0x00000024   Code   RO          355    .text               c_w.l(vsprintf.o)
    0x00000274   0x00000274   0x0000003e   Code   RO          357    .text               c_w.l(strlen.o)
    0x000002b2   0x000002b2   0x00000006   Code   RO          361    .text               c_w.l(heapauxi.o)
    0x000002b8   0x000002b8   0x00000024   Code   RO          374    .text               c_w.l(_printf_truncate.o)
    0x000002dc   0x000002dc   0x0000000a   Code   RO          384    .text               c_w.l(_sputc.o)
    0x000002e6   0x000002e6   0x00000002   PAD
    0x000002e8   0x000002e8   0x00000010   Code   RO          510    .text               c_w.l(rt_ctype_table.o)
    0x000002f8   0x000002f8   0x00000002   Code   RO          656    .text               c_w.l(use_no_semi.o)
    0x000002fa   0x000002fa   0x00000000   Code   RO          658    .text               c_w.l(indicate_semi.o)
    0x000002fa   0x000002fa   0x00000000   Code   RO          563    x$fpl$usenofp       fz_ws.l(usenofp.o)
    0x000002fa   0x000002fa   0x00000002   PAD
    0x000002fc   0x000002fc   0x00000004   Code   RO          330    .ARM.__at_0x02FC    startup_lpc17xx.o
    0x00000300   0x00000300   0x0000008a   Code   RO          359    .text               c_w.l(rt_memcpy_v6.o)
    0x0000038a   0x0000038a   0x0000004e   Code   RO          372    .text               c_w.l(_printf_pad.o)
    0x000003d8   0x000003d8   0x00000052   Code   RO          376    .text               c_w.l(_printf_str.o)
    0x0000042a   0x0000042a   0x00000002   PAD
    0x0000042c   0x0000042c   0x00000078   Code   RO          378    .text               c_w.l(_printf_dec.o)
    0x000004a4   0x000004a4   0x00000028   Code   RO          380    .text               c_w.l(_printf_charcount.o)
    0x000004cc   0x000004cc   0x00000030   Code   RO          382    .text               c_w.l(_printf_char_common.o)
    0x000004fc   0x000004fc   0x000000bc   Code   RO          386    .text               c_w.l(_printf_wctomb.o)
    0x000005b8   0x000005b8   0x0000007c   Code   RO          389    .text               c_w.l(_printf_longlong_dec.o)
    0x00000634   0x00000634   0x00000070   Code   RO          395    .text               c_w.l(_printf_oct_int_ll.o)
    0x000006a4   0x000006a4   0x00000094   Code   RO          415    .text               c_w.l(_printf_hex_int_ll_ptr.o)
    0x00000738   0x00000738   0x00000188   Code   RO          435    .text               c_w.l(__printf_flags_ss_wp.o)
    0x000008c0   0x000008c0   0x00000064   Code   RO          461    .text               c_w.l(rt_memcpy_w.o)
    0x00000924   0x00000924   0x0000008a   Code   RO          488    .text               c_w.l(lludiv10.o)
    0x000009ae   0x000009ae   0x000000b2   Code   RO          490    .text               c_w.l(_printf_intcommon.o)
    0x00000a60   0x00000a60   0x0000041c   Code   RO          492    .text               c_w.l(_printf_fp_dec.o)
    0x00000e7c   0x00000e7c   0x000002fc   Code   RO          496    .text               c_w.l(_printf_fp_hex.o)
    0x00001178   0x00001178   0x0000002c   Code   RO          501    .text               c_w.l(_printf_char.o)
    0x000011a4   0x000011a4   0x0000002c   Code   RO          503    .text               c_w.l(_printf_wchar.o)
    0x000011d0   0x000011d0   0x00000048   Code   RO          506    .text               c_w.l(_c16rtomb.o)
    0x00001218   0x00001218   0x0000004a   Code   RO          508    .text               c_w.l(sys_stackheap_outer.o)
    0x00001262   0x00001262   0x00000002   PAD
    0x00001264   0x00001264   0x00000008   Code   RO          515    .text               c_w.l(rt_locale_intlibspace.o)
    0x0000126c   0x0000126c   0x00000080   Code   RO          517    .text               c_w.l(_printf_fp_infnan.o)
    0x000012ec   0x000012ec   0x000000e4   Code   RO          519    .text               c_w.l(bigflt0.o)
    0x000013d0   0x000013d0   0x00000012   Code   RO          549    .text               c_w.l(exit.o)
    0x000013e2   0x000013e2   0x00000002   PAD
    0x000013e4   0x000013e4   0x00000008   Code   RO          566    .text               c_w.l(libspace.o)
    0x000013ec   0x000013ec   0x00000080   Code   RO          582    .text               c_w.l(strcmpv7m.o)
    0x0000146c   0x0000146c   0x0000000c   Code   RO          631    .text               c_w.l(sys_exit.o)
    0x00001478   0x00001478   0x0000015e   Code   RO          301    .text.DMA_IRQHandler  gpdma_lpc17xx.o
    0x000015d6   0x000015d6   0x00000002   PAD
    0x000015d8   0x000015d8   0x00000036   Code   RO           57    .text.EINT0_IRQHandler  main.o
    0x0000160e   0x0000160e   0x00000002   PAD
    0x00001610   0x00001610   0x00000038   Code   RO           59    .text.EINT1_IRQHandler  main.o
    0x00001648   0x00001648   0x00000040   Code   RO          145    .text.EINT3_IRQHandler  ov7670_lpc1768.o
    0x00001688   0x00001688   0x00000032   Code   RO            2    .text.GetASCIICode  asciilib.o
    0x000016ba   0x000016ba   0x00000002   PAD
    0x000016bc   0x000016bc   0x000001dc   Code   RO          270    .text.I2C0_Control  i2c_lpc17xx.o
    0x00001898   0x00001898   0x0000000c   Code   RO          268    .text.I2C0_GetDataCount  i2c_lpc17xx.o
    0x000018a4   0x000018a4   0x0000000c   Code   RO          272    .text.I2C0_GetStatus  i2c_lpc17xx.o
    0x000018b0   0x000018b0   0x00000314   Code   RO          248    .text.I2C0_IRQHandler  i2c_lpc17xx.o
    0x00001bc4   0x00001bc4   0x00000056   Code   RO          254    .text.I2C0_Initialize  i2c_lpc17xx.o
    0x00001c1a   0x00001c1a   0x00000002   PAD
    0x00001c1c   0x00001c1c   0x000000a4   Code   RO          262    .text.I2C0_MasterReceive  i2c_lpc17xx.o
    0x00001cc0   0x00001cc0   0x000000a2   Code   RO          260    .text.I2C0_MasterTransmit  i2c_lpc17xx.o
    0x00001d62   0x00001d62   0x00000002   PAD
    0x00001d64   0x00001d64   0x00000106   Code   RO          258    .text.I2C0_PowerControl  i2c_lpc17xx.o
    0x00001e6a   0x00001e6a   0x00000002   PAD
    0x00001e6c   0x00001e6c   0x0000006c   Code   RO          266    .text.I2C0_SlaveReceive  i2c_lpc17xx.o
    0x00001ed8   0x00001ed8   0x0000006c   Code   RO          264    .text.I2C0_SlaveTransmit  i2c_lpc17xx.o
    0x00001f44   0x00001f44   0x0000003a   Code   RO          256    .text.I2C0_Uninitialize  i2c_lpc17xx.o
    0x00001f7e   0x00001f7e   0x00000002   PAD
    0x00001f80   0x00001f80   0x00000004   Code   RO          252    .text.I2C_GetCapabilities  i2c_lpc17xx.o
    0x00001f84   0x00001f84   0x0000000a   Code   RO          250    .text.I2C_GetVersion  i2c_lpc17xx.o
    0x00001f8e   0x00001f8e   0x00000002   PAD
    0x00001f90   0x00001f90   0x00000074   Code   RO          314    .text.PIN_Configure  pin_lpc17xx.o
    0x00002004   0x00002004   0x0000001e   Code   RO          318    .text.PIN_ConfigureI2C0Pins  pin_lpc17xx.o
    0x00002022   0x00002022   0x00000002   PAD
    0x00002024   0x00002024   0x00000154   Code   RO          342    .text.SystemInit    system_lpc17xx.o
    0x00002178   0x00002178   0x00000010   Code   RO           61    .text.callback_options_menu_exit  main.o
    0x00002188   0x00002188   0x0000003a   Code   RO           51    .text.display_callback_frame  main.o
    0x000021c2   0x000021c2   0x00000002   PAD
    0x000021c4   0x000021c4   0x0000000e   Code   RO           55    .text.display_callback_pixel  main.o
    0x000021d2   0x000021d2   0x00000002   PAD
    0x000021d4   0x000021d4   0x0000000c   Code   RO           53    .text.display_callback_row  main.o
    0x000021e0   0x000021e0   0x000001b8   Code   RO           42    .text.init_ILI9325  lcd_ili9325.o
    0x00002398   0x00002398   0x00000026   Code   RO           79    .text.lcdConfiguration  open1768_lcd.o
    0x000023be   0x000023be   0x00000002   PAD
    0x000023c0   0x000023c0   0x00000072   Code   RO           89    .text.lcdWriteData  open1768_lcd.o
    0x00002432   0x00002432   0x00000002   PAD
    0x00002434   0x00002434   0x000000a2   Code   RO           87    .text.lcdWriteIndex  open1768_lcd.o
    0x000024d6   0x000024d6   0x00000002   PAD
    0x000024d8   0x000024d8   0x000000fe   Code   RO           93    .text.lcdWriteReg   open1768_lcd.o
    0x000025d6   0x000025d6   0x00000002   PAD
    0x000025d8   0x000025d8   0x00000004   Code   RO           22    .text.lcd_column    lcd_ctrl.o
    0x000025dc   0x000025dc   0x0000002c   Code   RO           18    .text.lcd_flush     lcd_ctrl.o
    0x00002608   0x00002608   0x0000000e   Code   RO           30    .text.lcd_img_pixel  lcd_ctrl.o
    0x00002616   0x00002616   0x00000002   PAD
    0x00002618   0x00002618   0x0000002e   Code   RO           28    .text.lcd_img_row   lcd_ctrl.o
    0x00002646   0x00002646   0x00000002   PAD
    0x00002648   0x00002648   0x00000024   Code   RO           26    .text.lcd_img_start  lcd_ctrl.o
    0x0000266c   0x0000266c   0x0000000e   Code   RO           12    .text.lcd_init      lcd_ctrl.o
    0x0000267a   0x0000267a   0x00000002   PAD
    0x0000267c   0x0000267c   0x00000004   Code   RO           20    .text.lcd_row       lcd_ctrl.o
    0x00002680   0x00002680   0x00000034   Code   RO           16    .text.lcd_write     lcd_ctrl.o
    0x000026b4   0x000026b4   0x000000e4   Code   RO           14    .text.lcd_write_str  lcd_ctrl.o
    0x00002798   0x00002798   0x000002c0   Code   RO           65    .text.main          main.o
    0x00002a58   0x00002a58   0x00000064   Code   RO          172    .text.menu_add_setting  menu.o
    0x00002abc   0x00002abc   0x000001c4   Code   RO          182    .text.menu_draw     menu.o
    0x00002c80   0x00002c80   0x000002ec   Code   RO          176    .text.menu_draw_clean  menu.o
    0x00002f6c   0x00002f6c   0x0000000c   Code   RO          188    .text.menu_get_selected  menu.o
    0x00002f78   0x00002f78   0x0000000e   Code   RO          168    .text.menu_init     menu.o
    0x00002f86   0x00002f86   0x00000002   PAD
    0x00002f88   0x00002f88   0x00000004   Code   RO          170    .text.menu_is_on    menu.o
    0x00002f8c   0x00002f8c   0x0000003c   Code   RO          186    .text.menu_next_option  menu.o
    0x00002fc8   0x00002fc8   0x0000002c   Code   RO          184    .text.menu_next_setting  menu.o
    0x00002ff4   0x00002ff4   0x00000010   Code   RO          174    .text.menu_setting_add_option  menu.o
    0x00003004   0x00003004   0x0000004c   Code   RO          107    .text.ov_error_what  ov7670.o
    0x00003050   0x00003050   0x000000e2   Code   RO          125    .text.ov_href_up    ov7670.o
    0x00003132   0x00003132   0x00000002   PAD
    0x00003134   0x00003134   0x000000b2   Code   RO          109    .text.ov_init       ov7670.o
    0x000031e6   0x000031e6   0x00000002   PAD
    0x000031e8   0x000031e8   0x0000000a   Code   RO          151    .text.ov_lpc1768_get_handle  ov7670_lpc1768.o
    0x000031f2   0x000031f2   0x00000002   PAD
    0x000031f4   0x000031f4   0x0000006c   Code   RO          137    .text.ov_lpc1768_i2c_get_reg  ov7670_lpc1768.o
    0x00003260   0x00003260   0x00000048   Code   RO          139    .text.ov_lpc1768_i2c_set_reg  ov7670_lpc1768.o
    0x000032a8   0x000032a8   0x000001ee   Code   RO          147    .text.ov_lpc1768_init  ov7670_lpc1768.o
    0x00003496   0x00003496   0x00000002   PAD
    0x00003498   0x00003498   0x00000010   Code   RO          149    .text.ov_lpc1768_register_callbacks  ov7670_lpc1768.o
    0x000034a8   0x000034a8   0x0000000e   Code   RO          157    .text.ov_lpc1768_set_res  ov7670_lpc1768.o
    0x000034b6   0x000034b6   0x00000002   PAD
    0x000034b8   0x000034b8   0x0000002e   Code   RO          153    .text.ov_lpc1768_start  ov7670_lpc1768.o
    0x000034e6   0x000034e6   0x00000002   PAD
    0x000034e8   0x000034e8   0x0000003a   Code   RO          155    .text.ov_lpc1768_stop  ov7670_lpc1768.o
    0x00003522   0x00003522   0x00000002   PAD
    0x00003524   0x00003524   0x000003ee   Code   RO          127    .text.ov_set_res    ov7670.o
    0x00003912   0x00003912   0x00000002   PAD
    0x00003914   0x00003914   0x00000006   Code   RO          119    .text.ov_start      ov7670.o
    0x0000391a   0x0000391a   0x00000002   PAD
    0x0000391c   0x0000391c   0x00000006   Code   RO          121    .text.ov_stop       ov7670.o
    0x00003922   0x00003922   0x00000002   PAD
    0x00003924   0x00003924   0x0000001a   Code   RO          123    .text.ov_vsync      ov7670.o
    0x0000393e   0x0000393e   0x00000002   PAD
    0x00003940   0x00003940   0x00000024   Code   RO          143    .text.read_data     ov7670_lpc1768.o
    0x00003964   0x00003964   0x0000000e   Code   RO           63    .text.sender_callback_end  main.o
    0x00003972   0x00003972   0x00000002   PAD
    0x00003974   0x00003974   0x0000001e   Code   RO          207    .text.sender_callback_frame  sender.o
    0x00003992   0x00003992   0x00000002   PAD
    0x00003994   0x00003994   0x000001cc   Code   RO          213    .text.sender_callback_pixel  sender.o
    0x00003b60   0x00003b60   0x00000030   Code   RO          209    .text.sender_callback_row  sender.o
    0x00003b90   0x00003b90   0x0000000c   Code   RO          217    .text.sender_get_state  sender.o
    0x00003b9c   0x00003b9c   0x0000003c   Code   RO          199    .text.sender_init   sender.o
    0x00003bd8   0x00003bd8   0x00000084   Code   RO          215    .text.sender_send   sender.o
    0x00003c5c   0x00003c5c   0x000000d8   Code   RO          205    .text.sender_send_buffer  sender.o
    0x00003d34   0x00003d34   0x0000003c   Code   RO          229    .text.uart_init     uart.o
    0x00003d70   0x00003d70   0x00000114   Code   RO          231    .text.uart_send_data  uart.o
    0x00003e84   0x00003e84   0x00000150   Code   RO          237    .text.uart_send_strln  uart.o
    0x00003fd4   0x00003fd4   0x000000d6   Code   RO          141    .text.wait_for_pclk  ov7670_lpc1768.o
    0x000040aa   0x000040aa   0x0000003e   Code   RO          522    CL$$btod_d2e        c_w.l(btod.o)
    0x000040e8   0x000040e8   0x00000046   Code   RO          524    CL$$btod_d2e_denorm_low  c_w.l(btod.o)
    0x0000412e   0x0000412e   0x00000060   Code   RO          523    CL$$btod_d2e_norm_op1  c_w.l(btod.o)
    0x0000418e   0x0000418e   0x00000002   PAD
    0x00004190   0x00004190   0x00000338   Code   RO          532    CL$$btod_div_common  c_w.l(btod.o)
    0x000044c8   0x000044c8   0x000000dc   Code   RO          529    CL$$btod_e2e        c_w.l(btod.o)
    0x000045a4   0x000045a4   0x0000002a   Code   RO          526    CL$$btod_ediv       c_w.l(btod.o)
    0x000045ce   0x000045ce   0x0000002a   Code   RO          525    CL$$btod_emul       c_w.l(btod.o)
    0x000045f8   0x000045f8   0x00000244   Code   RO          531    CL$$btod_mult_common  c_w.l(btod.o)
    0x0000483c   0x0000483c   0x00000028   Code   RO          564    i.__ARM_fpclassify  m_ws.l(fpclassify.o)
    0x00004864   0x00004864   0x0000000e   Code   RO          428    i._is_digit         c_w.l(__printf_wp.o)
    0x00004872   0x00004872   0x00000002   PAD
    0x00004874   0x00004874   0x0000002c   Code   RO          547    locale$$code        c_w.l(lc_numeric_c.o)
    0x000048a0   0x000048a0   0x0000002c   Code   RO          576    locale$$code        c_w.l(lc_ctype_c.o)
    0x000048cc   0x000048cc   0x00000004   Code   RO          463    x$fpl$printf1       fz_ws.l(printf1.o)
    0x000048d0   0x000048d0   0x00000004   Code   RO          465    x$fpl$printf2       fz_ws.l(printf2.o)
    0x000048d4   0x000048d4   0x00000008   Data   RO          387    .constdata          c_w.l(_printf_wctomb.o)
    0x000048dc   0x000048dc   0x00000028   Data   RO          416    .constdata          c_w.l(_printf_hex_int_ll_ptr.o)
    0x00004904   0x00004904   0x00000011   Data   RO          436    .constdata          c_w.l(__printf_flags_ss_wp.o)
    0x00004915   0x00004915   0x00000026   Data   RO          497    .constdata          c_w.l(_printf_fp_hex.o)
    0x0000493b   0x0000493b   0x00000001   PAD
    0x0000493c   0x0000493c   0x00000094   Data   RO          520    .constdata          c_w.l(bigflt0.o)
    0x000049d0   0x000049d0   0x00000be0   Data   RO            4    .rodata.AsciiLib    asciilib.o
    0x000055b0   0x000055b0   0x00000030   Data   RO          275    .rodata.Driver_I2C0  i2c_lpc17xx.o
    0x000055e0   0x000055e0   0x0000000c   Data   RO           68    .rodata.str1.1      main.o
    0x000055ec   0x000055ec   0x00000012   Data   RO          190    .rodata.str1.1      menu.o
    0x000055fe   0x000055fe   0x00000003   Data   RO          220    .rodata.str1.1      sender.o
    0x00005601   0x00005601   0x00000003   PAD
    0x00005604   0x00005604   0x00000020   Data   RO          711    Region$$Table       anon$$obj.o
    0x00005624   0x00005624   0x0000001c   Data   RO          546    locale$$data        c_w.l(lc_numeric_c.o)
    0x00005640   0x00005640   0x00000110   Data   RO          575    locale$$data        c_w.l(lc_ctype_c.o)


    Execution Region ER_RW (Exec base: 0x10000000, Load base: 0x00005750, Size: 0x00000008, Max: 0xffffffff, ABSOLUTE)

    Exec Addr    Load Addr    Size         Type   Attr      Idx    E Section Name        Object

    0x10000000   0x00005750   0x00000004   Data   RW          274    .data.I2C0_PIN      i2c_lpc17xx.o
    0x10000004   0x00005754   0x00000004   Data   RW          344    .data.SystemCoreClock  system_lpc17xx.o


    Execution Region ER_ZI (Exec base: 0x10000008, Load base: 0x00005758, Size: 0x00007e20, Max: 0xffffffff, ABSOLUTE)

    Exec Addr    Load Addr    Size         Type   Attr      Idx    E Section Name        Object

    0x10000008        -       0x00000060   Zero   RW          567    .bss                c_w.l(libspace.o)
    0x10000068        -       0x0000006c   Zero   RW           70    .bss..L_MergedGlobals  main.o
    0x100000d4        -       0x00000004   Zero   RW          305    .bss.Channel_active  gpdma_lpc17xx.o
    0x100000d8        -       0x000000a0   Zero   RW          304    .bss.Channel_info   gpdma_lpc17xx.o
    0x10000178        -       0x00000024   Zero   RW          276    .bss.I2C0_Ctrl      i2c_lpc17xx.o
    0x1000019c        -       0x00000008   Zero   RW           67    .bss.img            main.o
    0x100001a4        -       0x00000530   Zero   RW          159    .bss.ov             ov7670_lpc1768.o
    0x100006d4        -       0x00007550   Zero   RW          219    .bss.s              sender.o
    0x10007c24   0x00005758   0x00000004   PAD
    0x10007c28        -       0x00000000   Zero   RW          328    HEAP                startup_lpc17xx.o
    0x10007c28        -       0x00000200   Zero   RW          327    STACK               startup_lpc17xx.o


==============================================================================

Image component sizes


      Code (inc. data)   RO Data    RW Data    ZI Data      Debug   Object Name

        50          0       3040          0          0        727   asciilib.o
       350          0          0          0        164       7813   gpdma_lpc17xx.o
      2250         74         48          4         36      14387   i2c_lpc17xx.o
       442          0          0          0          0       3972   lcd_ctrl.o
       440          0          0          0          0        803   lcd_ili9325.o
       928        120         12          0        116       7400   main.o
      1450          0         18          0          0       5664   menu.o
       568          0          0          0          0       6369   open1768_lcd.o
      1524         64          0          0          0       7184   ov7670.o
      1132          0          0          0       1328      10092   ov7670_lpc1768.o
       146          0          0          0          0       2547   pin_lpc17xx.o
       958         28          3          0      30032       6620   sender.o
        64         26        204          0        512       1068   startup_lpc17xx.o
       340          0          0          4          0       2213   system_lpc17xx.o
       672          0          0          0          0       5265   uart.o

    ----------------------------------------------------------------------
     11378        312       3360          8      32192      82124   Object Totals
         0          0         32          0          0          0   (incl. Generated)
        64          0          3          0          4          0   (incl. Padding)

    ----------------------------------------------------------------------

      Code (inc. data)   RO Data    RW Data    ZI Data      Debug   Library Member Name

         8          0          0          0          0         68   __main.o
       392          4         17          0          0         92   __printf_flags_ss_wp.o
        14          0          0          0          0         68   __printf_wp.o
         0          0          0          0          0          0   __rtentry.o
        12          0          0          0          0          0   __rtentry2.o
         6          0          0          0          0          0   __rtentry4.o
        52          8          0          0          0          0   __scatter.o
        26          0          0          0          0          0   __scatter_copy.o
        28          0          0          0          0          0   __scatter_zi.o
        72          0          0          0          0         96   _c16rtomb.o
         6          0          0          0          0          0   _printf_a.o
         6          0          0          0          0          0   _printf_c.o
        44          0          0          0          0        108   _printf_char.o
        48          6          0          0          0         96   _printf_char_common.o
        40          0          0          0          0         68   _printf_charcount.o
         6          0          0          0          0          0   _printf_d.o
       120         16          0          0          0         92   _printf_dec.o
         6          0          0          0          0          0   _printf_e.o
         6          0          0          0          0          0   _printf_f.o
      1052          0          0          0          0        148   _printf_fp_dec.o
       764          8         38          0          0        100   _printf_fp_hex.o
       128         16          0          0          0         84   _printf_fp_infnan.o
         6          0          0          0          0          0   _printf_g.o
       148          4         40          0          0        160   _printf_hex_int_ll_ptr.o
         6          0          0          0          0          0   _printf_i.o
       178          0          0          0          0         88   _printf_intcommon.o
        10          0          0          0          0          0   _printf_l.o
         6          0          0          0          0          0   _printf_lc.o
        10          0          0          0          0          0   _printf_ll.o
         6          0          0          0          0          0   _printf_lld.o
         6          0          0          0          0          0   _printf_lli.o
         6          0          0          0          0          0   _printf_llo.o
         6          0          0          0          0          0   _printf_llu.o
         6          0          0          0          0          0   _printf_llx.o
       124         16          0          0          0         92   _printf_longlong_dec.o
         6          0          0          0          0          0   _printf_ls.o
         6          0          0          0          0          0   _printf_n.o
         6          0          0          0          0          0   _printf_o.o
       112          8          0          0          0        124   _printf_oct_int_ll.o
         6          0          0          0          0          0   _printf_p.o
        78          0          0          0          0        108   _printf_pad.o
         0          0          0          0          0          0   _printf_percent.o
         4          0          0          0          0          0   _printf_percent_end.o
         6          0          0          0          0          0   _printf_s.o
        82          0          0          0          0         80   _printf_str.o
        36          0          0          0          0         84   _printf_truncate.o
         6          0          0          0          0          0   _printf_u.o
        44          0          0          0          0        108   _printf_wchar.o
       188          6          8          0          0         92   _printf_wctomb.o
         6          0          0          0          0          0   _printf_x.o
        10          0          0          0          0         68   _sputc.o
       228          4        148          0          0         96   bigflt0.o
      1936        128          0          0          0        668   btod.o
        18          0          0          0          0         80   exit.o
         6          0          0          0          0        152   heapauxi.o
         0          0          0          0          0          0   indicate_semi.o
        44         10        272          0          0         76   lc_ctype_c.o
        44         10         28          0          0         76   lc_numeric_c.o
         2          0          0          0          0          0   libinit.o
        30          0          0          0          0          0   libinit2.o
         2          0          0          0          0          0   libshutdown.o
         2          0          0          0          0          0   libshutdown2.o
         8          4          0          0         96         68   libspace.o
       138          0          0          0          0         80   lludiv10.o
        16          4          0          0          0         76   rt_ctype_table.o
         8          4          0          0          0         68   rt_locale_intlibspace.o
       138          0          0          0          0         68   rt_memcpy_v6.o
       100          0          0          0          0         80   rt_memcpy_w.o
         2          0          0          0          0          0   rtexit.o
        10          0          0          0          0          0   rtexit2.o
       128          0          0          0          0         68   strcmpv7m.o
        62          0          0          0          0         76   strlen.o
        12          4          0          0          0         68   sys_exit.o
        74          0          0          0          0         80   sys_stackheap_outer.o
         2          0          0          0          0         68   use_no_semi.o
        36          4          0          0          0         76   vsprintf.o
         4          0          0          0          0         68   printf1.o
         4          0          0          0          0         68   printf2.o
         0          0          0          0          0          0   usenofp.o
        40          0          0          0          0         68   fpclassify.o

    ----------------------------------------------------------------------
      7062        264        552          0         96       4252   Library Totals
        18          0          1          0          0          0   (incl. Padding)

    ----------------------------------------------------------------------

      Code (inc. data)   RO Data    RW Data    ZI Data      Debug   Library Name

      6996        264        551          0         96       4048   c_w.l
         8          0          0          0          0        136   fz_ws.l
        40          0          0          0          0         68   m_ws.l

    ----------------------------------------------------------------------
      7062        264        552          0         96       4252   Library Totals

    ----------------------------------------------------------------------

==============================================================================


      Code (inc. data)   RO Data    RW Data    ZI Data      Debug   

     18440        576       3912          8      32288      83824   Grand Totals
     18440        576       3912          8      32288      83824   ELF Image Totals
     18440        576       3912          8          0          0   ROM Totals

==============================================================================

    Total RO  Size (Code + RO Data)                22352 (  21.83kB)
    Total RW  Size (RW Data + ZI Data)             32296 (  31.54kB)
    Total ROM Size (Code + RO Data + RW Data)      22360 (  21.84kB)

==============================================================================

